Component: ARM Compiler 5.06 update 6 (build 750) Tool: armlink [4d35ed]

==============================================================================

Section Cross References

    startup_stm32f407xx.o(STACK) refers (Special) to heapauxi.o(.text) for __use_two_region_memory
    startup_stm32f407xx.o(HEAP) refers (Special) to heapauxi.o(.text) for __use_two_region_memory
    startup_stm32f407xx.o(RESET) refers (Special) to heapauxi.o(.text) for __use_two_region_memory
    startup_stm32f407xx.o(RESET) refers to startup_stm32f407xx.o(STACK) for __initial_sp
    startup_stm32f407xx.o(RESET) refers to startup_stm32f407xx.o(.text) for Reset_Handler
    startup_stm32f407xx.o(RESET) refers to stm32f4xx_it.o(i.NMI_Handler) for NMI_Handler
    startup_stm32f407xx.o(RESET) refers to stm32f4xx_it.o(i.HardFault_Handler) for HardFault_Handler
    startup_stm32f407xx.o(RESET) refers to stm32f4xx_it.o(i.MemManage_Handler) for MemManage_Handler
    startup_stm32f407xx.o(RESET) refers to stm32f4xx_it.o(i.BusFault_Handler) for BusFault_Handler
    startup_stm32f407xx.o(RESET) refers to stm32f4xx_it.o(i.UsageFault_Handler) for UsageFault_Handler
    startup_stm32f407xx.o(RESET) refers to port.o(.emb_text) for SVC_Handler
    startup_stm32f407xx.o(RESET) refers to stm32f4xx_it.o(i.DebugMon_Handler) for DebugMon_Handler
    startup_stm32f407xx.o(RESET) refers to stm32f4xx_it.o(i.SysTick_Handler) for SysTick_Handler
    startup_stm32f407xx.o(RESET) refers to stm32f4xx_it.o(i.EXTI0_IRQHandler) for EXTI0_IRQHandler
    startup_stm32f407xx.o(RESET) refers to stm32f4xx_it.o(i.EXTI3_IRQHandler) for EXTI3_IRQHandler
    startup_stm32f407xx.o(RESET) refers to stm32f4xx_it.o(i.EXTI4_IRQHandler) for EXTI4_IRQHandler
    startup_stm32f407xx.o(RESET) refers to stm32f4xx_it.o(i.DMA1_Stream3_IRQHandler) for DMA1_Stream3_IRQHandler
    startup_stm32f407xx.o(RESET) refers to stm32f4xx_it.o(i.DMA1_Stream4_IRQHandler) for DMA1_Stream4_IRQHandler
    startup_stm32f407xx.o(RESET) refers to stm32f4xx_it.o(i.CAN1_RX0_IRQHandler) for CAN1_RX0_IRQHandler
    startup_stm32f407xx.o(RESET) refers to stm32f4xx_it.o(i.EXTI9_5_IRQHandler) for EXTI9_5_IRQHandler
    startup_stm32f407xx.o(RESET) refers to remote_control.o(i.USART3_IRQHandler) for USART3_IRQHandler
    startup_stm32f407xx.o(RESET) refers to ins_task.o(i.DMA2_Stream2_IRQHandler) for DMA2_Stream2_IRQHandler
    startup_stm32f407xx.o(RESET) refers to stm32f4xx_it.o(i.CAN2_RX0_IRQHandler) for CAN2_RX0_IRQHandler
    startup_stm32f407xx.o(.text) refers (Special) to heapauxi.o(.text) for __use_two_region_memory
    startup_stm32f407xx.o(.text) refers to system_stm32f4xx.o(i.SystemInit) for SystemInit
    startup_stm32f407xx.o(.text) refers to __main.o(!!!main) for __main
    startup_stm32f407xx.o(.text) refers to startup_stm32f407xx.o(HEAP) for Heap_Mem
    startup_stm32f407xx.o(.text) refers to startup_stm32f407xx.o(STACK) for Stack_Mem
    main.o(i.SystemClock_Config) refers to rt_memclr_w.o(.text) for __aeabi_memclr4
    main.o(i.SystemClock_Config) refers to stm32f4xx_hal_rcc.o(i.HAL_RCC_OscConfig) for HAL_RCC_OscConfig
    main.o(i.SystemClock_Config) refers to main.o(i.Error_Handler) for Error_Handler
    main.o(i.SystemClock_Config) refers to stm32f4xx_hal_rcc.o(i.HAL_RCC_ClockConfig) for HAL_RCC_ClockConfig
    main.o(i.main) refers to stm32f4xx_hal.o(i.HAL_Init) for HAL_Init
    main.o(i.main) refers to main.o(i.SystemClock_Config) for SystemClock_Config
    main.o(i.main) refers to gpio.o(i.MX_GPIO_Init) for MX_GPIO_Init
    main.o(i.main) refers to dma.o(i.MX_DMA_Init) for MX_DMA_Init
    main.o(i.main) refers to can.o(i.MX_CAN1_Init) for MX_CAN1_Init
    main.o(i.main) refers to can.o(i.MX_CAN2_Init) for MX_CAN2_Init
    main.o(i.main) refers to spi.o(i.MX_SPI1_Init) for MX_SPI1_Init
    main.o(i.main) refers to tim.o(i.MX_TIM4_Init) for MX_TIM4_Init
    main.o(i.main) refers to tim.o(i.MX_TIM5_Init) for MX_TIM5_Init
    main.o(i.main) refers to usart.o(i.MX_USART3_UART_Init) for MX_USART3_UART_Init
    main.o(i.main) refers to tim.o(i.MX_TIM8_Init) for MX_TIM8_Init
    main.o(i.main) refers to i2c.o(i.MX_I2C3_Init) for MX_I2C3_Init
    main.o(i.main) refers to rtc.o(i.MX_RTC_Init) for MX_RTC_Init
    main.o(i.main) refers to tim.o(i.MX_TIM3_Init) for MX_TIM3_Init
    main.o(i.main) refers to tim.o(i.MX_TIM10_Init) for MX_TIM10_Init
    main.o(i.main) refers to spi.o(i.MX_SPI2_Init) for MX_SPI2_Init
    main.o(i.main) refers to bsp_can.o(i.can_filter_init) for can_filter_init
    main.o(i.main) refers to bsp_delay.o(i.delay_init) for delay_init
    main.o(i.main) refers to remote_control.o(i.remote_control_init) for remote_control_init
    main.o(i.main) refers to freertos.o(i.MX_FREERTOS_Init) for MX_FREERTOS_Init
    main.o(i.main) refers to cmsis_os.o(i.osKernelStart) for osKernelStart
    main.o(i.main) refers to stm32f4xx_hal.o(i.HAL_Delay) for HAL_Delay
[...]
    __aeabi_f2d                              0x08012429   Thumb Code     0  f2d.o(x$fpl$f2d)
    _f2d                                     0x08012429   Thumb Code   122  f2d.o(x$fpl$f2d)
    __fpl_fnaninf                            0x080124a3   Thumb Code   242  fnaninf.o(x$fpl$fnaninf)
    _fp_init                                 0x08012595   Thumb Code    10  fpinit.o(x$fpl$fpinit)
    __fplib_config_fpu_vfp                   0x0801259d   Thumb Code     0  fpinit.o(x$fpl$fpinit)
    __fplib_config_pureend_doubles           0x0801259d   Thumb Code     0  fpinit.o(x$fpl$fpinit)
    __fpl_fretinf                            0x0801259f   Thumb Code    10  fretinf.o(x$fpl$fretinf)
    __funder                                 0x080125a9   Thumb Code   254  funder_clz.o(x$fpl$funder)
    __funder_d                               0x080126a7   Thumb Code    62  funder_clz.o(x$fpl$funder)
    __fpl_return_NaN                         0x080126e5   Thumb Code   178  retnan.o(x$fpl$retnan)
    _fp_trapveneer                           0x08012797   Thumb Code    36  trapv.o(x$fpl$trapveneer)
    __fpl_cmpreturn                          0x080127bb   Thumb Code    90  trapv.o(x$fpl$trapveneer)
    __I$use$fp                               0x08012814   Number         0  usenofp.o(x$fpl$usenofp)
    AHBPrescTable                            0x080128d8   Data          16  system_stm32f4xx.o(.constdata)
    APBPrescTable                            0x080128e8   Data           8  system_stm32f4xx.o(.constdata)
    sinTable_f32                             0x080129c8   Data        2052  arm_common_tables.o(.constdata)
    __mathlib_zero                           0x08013298   Data           8  qnan.o(.constdata)
    Region$$Table$$Base                      0x080133c8   Number         0  anon$$obj.o(Region$$Table)
    Region$$Table$$Limit                     0x080133e8   Number         0  anon$$obj.o(Region$$Table)
    calibrate_tast_handle                    0x20000000   Data           4  freertos.o(.data)
    chassisTaskHandle                        0x20000004   Data           4  freertos.o(.data)
    detect_handle                            0x20000008   Data           4  freertos.o(.data)
    imuTaskHandle                            0x2000000c   Data           4  freertos.o(.data)
    led_RGB_flow_handle                      0x20000010   Data           4  freertos.o(.data)
    Enchandle                                0x20000014   Data           4  freertos.o(.data)
    testHandle                               0x20000018   Data           4  freertos.o(.data)
    SystemCoreClock                          0x20000020   Data           4  system_stm32f4xx.o(.data)
    calibrate_task_stack                     0x20000044   Data           4  calibrate_task.o(.data)
    cali_hook_fun                            0x20000070   Data          20  calibrate_task.o(.data)
    rx6001_can_data                          0x20000098   Data           8  can_receive.o(.data)
    feedback_data                            0x200000a0   Data           4  can_receive.o(.data)
    motor2_errcnt                            0x200000b4   Data           4  can_receive.o(.data)
    interpolation_step                       0x200000b8   Data           4  can_receive.o(.data)
    kp_position                              0x200000bc   Data           4  can_receive.o(.data)
    ki_position                              0x200000c0   Data           4  can_receive.o(.data)
    kd_position                              0x200000c4   Data           4  can_receive.o(.data)
    kp_speed                                 0x200000c8   Data           4  can_receive.o(.data)
    ki_speed                                 0x200000cc   Data           4  can_receive.o(.data)
    kd_speed                                 0x200000d0   Data           4  can_receive.o(.data)
    position_integral                        0x200000d4   Data           4  can_receive.o(.data)
    last_position_error                      0x200000d8   Data           4  can_receive.o(.data)
    speed_integral                           0x200000dc   Data           4  can_receive.o(.data)
    last_speed_error                         0x200000e0   Data           4  can_receive.o(.data)
    pwm_Z                                    0x200000e4   Data           4  can_receive.o(.data)
    pwm_F                                    0x200000e8   Data           4  can_receive.o(.data)
    last_set_angle                           0x200000ec   Data           2  can_receive.o(.data)
    pwm                                      0x200000ee   Data           2  can_receive.o(.data)
    roundTemp                                0x200000f0   Data           4  can_receive.o(.data)
    lastFbAngle                              0x200000f4   Data           2  can_receive.o(.data)
    trueAngle                                0x200000f8   Data           4  can_receive.o(.data)
    firstDetect                              0x200000fc   Data           1  can_receive.o(.data)
    setAngleTemp                             0x200000fe   Data           2  can_receive.o(.data)
    previous_set_angle                       0x20000100   Data           4  can_receive.o(.data)
    position_error                           0x20000104   Data           4  can_receive.o(.data)
    speed_error                              0x20000108   Data           4  can_receive.o(.data)
    fb_seesee                                0x2000010c   Data           4  can_receive.o(.data)
    fb_seespeed                              0x20000110   Data           4  can_receive.o(.data)
    use_set_angle                            0x20000114   Data           4  can_receive.o(.data)
    chassis_behaviour_mode                   0x20000118   Data           1  chassis_behaviour.o(.data)
    ZHONGZHI                                 0x2000012c   Data           4  chassis_task.o(.data)
    Balance_Pwm                              0x20000130   Data           4  chassis_task.o(.data)
    Velocity_Pwm                             0x20000134   Data           4  chassis_task.o(.data)
    Turn_Pwm                                 0x20000138   Data           4  chassis_task.o(.data)
    Turn_ZPwm                                0x2000013c   Data           4  chassis_task.o(.data)
    Flag_Target                              0x20000140   Data           2  chassis_task.o(.data)
    TURN_FLAG                                0x20000142   Data           2  chassis_task.o(.data)
    Flash_R_Count                            0x20000144   Data           4  chassis_task.o(.data)
    Voltage_Temp                             0x20000148   Data           4  chassis_task.o(.data)
    Voltage_Count                            0x2000014c   Data           4  chassis_task.o(.data)
    Voltage_All                              0x20000150   Data           4  chassis_task.o(.data)
    Way_Angle                                0x20000154   Data           1  chassis_task.o(.data)
    Flag_Qian                                0x20000155   Data           1  chassis_task.o(.data)
    Flag_Hou                                 0x20000156   Data           1  chassis_task.o(.data)
    Flag_Left                                0x20000157   Data           1  chassis_task.o(.data)
    Flag_Right                               0x20000158   Data           1  chassis_task.o(.data)
    Flag_sudu                                0x20000159   Data           1  chassis_task.o(.data)
    Flag_Stop                                0x2000015a   Data           1  chassis_task.o(.data)
    Flag_Show                                0x2000015b   Data           1  chassis_task.o(.data)
    Encoder_Left                             0x2000015c   Data           4  chassis_task.o(.data)
    Encoder_Right                            0x20000160   Data           4  chassis_task.o(.data)
    Moto1                                    0x20000164   Data           4  chassis_task.o(.data)
    Moto2                                    0x20000168   Data           4  chassis_task.o(.data)
    Temperature                              0x2000016c   Data           4  chassis_task.o(.data)
    Voltage                                  0x20000170   Data           4  chassis_task.o(.data)
    Angle_Balance                            0x20000174   Data           4  chassis_task.o(.data)
    Gyro_Balance                             0x20000178   Data           4  chassis_task.o(.data)
    Angle_Z                                  0x2000017c   Data           4  chassis_task.o(.data)
    Gyro_Turn                                0x20000180   Data           4  chassis_task.o(.data)
    Show_Data_Mb                             0x20000184   Data           4  chassis_task.o(.data)
    Distance                                 0x20000188   Data           4  chassis_task.o(.data)
    delay_50                                 0x2000018c   Data           1  chassis_task.o(.data)
    delay_flag                               0x2000018d   Data           1  chassis_task.o(.data)
    Bi_zhang                                 0x2000018e   Data           1  chassis_task.o(.data)
    PID_Send                                 0x2000018f   Data           1  chassis_task.o(.data)
    Flash_Send                               0x20000190   Data           1  chassis_task.o(.data)
    Acceleration_Z                           0x20000194   Data           4  chassis_task.o(.data)
    Balance_Kp                               0x20000198   Data           4  chassis_task.o(.data)
    Balance_Kd                               0x2000019c   Data           4  chassis_task.o(.data)
    Velocity_Kp                              0x200001a0   Data           4  chassis_task.o(.data)
    Velocity_Ki                              0x200001a4   Data           4  chassis_task.o(.data)
    X_x                                      0x200001a8   Data           4  chassis_task.o(.data)
    Y_y                                      0x200001ac   Data           4  chassis_task.o(.data)
    phy                                      0x200001b0   Data           4  chassis_task.o(.data)
    beta                                     0x200001b4   Data           4  chassis_task.o(.data)
    Yaw_Angle                                0x200001b8   Data           4  chassis_task.o(.data)
    Yaw_Anglelast                            0x200001bc   Data           4  chassis_task.o(.data)
    Enc_Dir                                  0x200001c0   Data           4  chassis_task.o(.data)
    Target_Velocity                          0x200001c4   Data           4  chassis_task.o(.data)
    Target_vx                                0x200001c8   Data           4  chassis_task.o(.data)
    Target_vy                                0x200001cc   Data           4  chassis_task.o(.data)
    Target_Yaw                               0x200001d0   Data           4  chassis_task.o(.data)
    Target_Wz                                0x200001d4   Data           4  chassis_task.o(.data)
    i_Gz                                     0x200001d8   Data           4  chassis_task.o(.data)
    Velocity_Count                           0x200001dc   Data           4  chassis_task.o(.data)
    sw_L                                     0x200001e0   Data           4  chassis_task.o(.data)
    sw_L_last                                0x200001e4   Data           4  chassis_task.o(.data)
    Balance_Flag                             0x200001e8   Data           4  chassis_task.o(.data)
    sw_R                                     0x200001ec   Data           4  chassis_task.o(.data)
    sw_R_last                                0x200001f0   Data           4  chassis_task.o(.data)
    Encoder_Dif                              0x200001f4   Data           4  chassis_task.o(.data)
    turnPre                                  0x200001f8   Data           1  chassis_task.o(.data)
    lastTarAng                               0x200001fc   Data           4  chassis_task.o(.data)
    e_yaw                                    0x20000200   Data           4  chassis_task.o(.data)
    chassis_high_water                       0x20000204   Data           4  chassis_task.o(.data)
    position6001                             0x20000208   Data           2  chassis_task.o(.data)
    speed6001                                0x2000020a   Data           2  chassis_task.o(.data)
    Use_Target_Yaw                           0x2000020c   Data           2  chassis_task.o(.data)
    need_yaw                                 0x20000210   Data           4  chassis_task.o(.data)
    detect_task_stack                        0x20000258   Data           4  detect_task.o(.data)
    gyro_dma_rx_buf                          0x20000268   Data           8  ins_task.o(.data)
    gyro_dma_tx_buf                          0x20000270   Data           8  ins_task.o(.data)
    accel_dma_tx_buf                         0x20000278   Data           9  ins_task.o(.data)
    accel_temp_dma_rx_buf                    0x20000281   Data           4  ins_task.o(.data)
    accel_temp_dma_tx_buf                    0x20000285   Data           4  ins_task.o(.data)
    gyro_update_flag                         0x20000289   Data           1  ins_task.o(.data)
    accel_update_flag                        0x2000028a   Data           1  ins_task.o(.data)
    accel_temp_update_flag                   0x2000028b   Data           1  ins_task.o(.data)
    mag_update_flag                          0x2000028c   Data           1  ins_task.o(.data)
    imu_start_dma_flag                       0x2000028d   Data           1  ins_task.o(.data)
    gyro_scale_factor                        0x20000290   Data          36  ins_task.o(.data)
    accel_scale_factor                       0x200002b4   Data          36  ins_task.o(.data)
    mag_scale_factor                         0x200002d8   Data          36  ins_task.o(.data)
    RGB_flow_color                           0x20000304   Data          28  led_flow_task.o(.data)
    resDataOnce                              0x20000320   Data           4  remote_control.o(.data)
    error_list_test_local                    0x20000328   Data           4  test_task.o(.data)
    fbAngle                                  0x20000334   Data           4  encoder_read_tasks.o(.data)
    BMI088_ACCEL_SEN                         0x20000338   Data           4  bmi088driver.o(.data)
    BMI088_GYRO_SEN                          0x2000033c   Data           4  bmi088driver.o(.data)
    uwTick                                   0x20000364   Data           4  stm32f4xx_hal.o(.data)
    uwTickPrio                               0x20000368   Data           4  stm32f4xx_hal.o(.data)
    uwTickFreq                               0x2000036c   Data           1  stm32f4xx_hal.o(.data)
    pxCurrentTCB                             0x20000370   Data           4  tasks.o(.data)
    K1                                       0x200003ec   Data           4  filter.o(.data)
    angle                                    0x200003f0   Data           4  filter.o(.data)
    angle_dot                                0x200003f4   Data           4  filter.o(.data)
    Q_angle                                  0x200003f8   Data           4  filter.o(.data)
    Q_gyro                                   0x200003fc   Data           4  filter.o(.data)
    R_angle                                  0x20000400   Data           4  filter.o(.data)
    dt                                       0x20000404   Data           4  filter.o(.data)
    C_0                                      0x20000408   Data           1  filter.o(.data)
    Q_bias                                   0x2000040c   Data           4  filter.o(.data)
    Angle_err                                0x20000410   Data           4  filter.o(.data)
    PCt_0                                    0x20000414   Data           4  filter.o(.data)
    PCt_1                                    0x20000418   Data           4  filter.o(.data)
    E                                        0x2000041c   Data           4  filter.o(.data)
    K_0                                      0x20000420   Data           4  filter.o(.data)
    K_1                                      0x20000424   Data           4  filter.o(.data)
    t_0                                      0x20000428   Data           4  filter.o(.data)
    t_1                                      0x2000042c   Data           4  filter.o(.data)
    PP                                       0x20000430   Data          16  filter.o(.data)
    hcan1                                    0x20000af8   Data          40  can.o(.bss)
    hcan2                                    0x20000b20   Data          40  can.o(.bss)
    hi2c3                                    0x20000b48   Data          84  i2c.o(.bss)
    hrtc                                     0x20000b9c   Data          32  rtc.o(.bss)
    hspi1                                    0x20000bbc   Data          88  spi.o(.bss)
    hspi2                                    0x20000c14   Data          88  spi.o(.bss)
    hdma_spi1_rx                             0x20000c6c   Data          96  spi.o(.bss)
    hdma_spi1_tx                             0x20000ccc   Data          96  spi.o(.bss)
    hdma_spi2_rx                             0x20000d2c   Data          96  spi.o(.bss)
    hdma_spi2_tx                             0x20000d8c   Data          96  spi.o(.bss)
    htim3                                    0x20000dec   Data          72  tim.o(.bss)
    htim4                                    0x20000e34   Data          72  tim.o(.bss)
    htim5                                    0x20000e7c   Data          72  tim.o(.bss)
    htim8                                    0x20000ec4   Data          72  tim.o(.bss)
    htim10                                   0x20000f0c   Data          72  tim.o(.bss)
    huart3                                   0x20000f54   Data          68  usart.o(.bss)
    hdma_usart3_rx                           0x20000f98   Data          96  usart.o(.bss)
    cali_sensor                              0x200010cc   Data          65  calibrate_task.o(.bss)
    PID_Parameter                            0x20001190   Data          20  chassis_task.o(.bss)
    Flash_Parameter                          0x200011a4   Data          20  chassis_task.o(.bss)
    chassis_move                             0x200011b8   Data         448  chassis_task.o(.bss)
    error_list                               0x20001378   Data         540  detect_task.o(.bss)
    accel_dma_rx_buf                         0x20001594   Data           9  ins_task.o(.bss)
    bmi088_real_data                         0x200015a0   Data          36  ins_task.o(.bss)
    gyro_offset                              0x200015c4   Data          12  ins_task.o(.bss)
    gyro_cali_offset                         0x200015d0   Data          12  ins_task.o(.bss)
    accel_offset                             0x200015dc   Data          12  ins_task.o(.bss)
    accel_cali_offset                        0x200015e8   Data          12  ins_task.o(.bss)
    ist8310_real_data                        0x200015f4   Data          16  ins_task.o(.bss)
    mag_offset                               0x20001604   Data          12  ins_task.o(.bss)
    mag_cali_offset                          0x20001610   Data          12  ins_task.o(.bss)
    INS_angle                                0x200016bc   Data          12  ins_task.o(.bss)
    rc_ctrl                                  0x200016c8   Data          22  remote_control.o(.bss)
    pFlash                                   0x20001728   Data          32  stm32f4xx_hal_flash.o(.bss)
    xQueueRegistry                           0x20001748   Data          64  queue.o(.bss)
    Pdot                                     0x20007988   Data          16  filter.o(.bss)
    __libspace_start                         0x20007998   Data          96  libspace.o(.bss)
    __temporary_stack_top$libspace           0x200079f8   Data           0  libspace.o(.bss)



==============================================================================

Memory Map of the image

  Image Entry point : 0x08000189

  Load Region LR_IROM1 (Base: 0x08000000, Size: 0x00013838, Max: 0x00100000, ABSOLUTE, COMPRESSED[0x000134e4])

    Execution Region ER_IROM1 (Exec base: 0x08000000, Load base: 0x08000000, Size: 0x000133e8, Max: 0x00100000, ABSOLUTE)

    Exec Addr    Load Addr    Size         Type   Attr      Idx    E Section Name        Object

    0x08000000   0x08000000   0x00000188   Data   RO            3    RESET               startup_stm32f407xx.o
    0x08000188   0x08000188   0x00000008   Code   RO         8838  * !!!main             c_w.l(__main.o)
    0x08000190   0x08000190   0x00000034   Code   RO         9239    !!!scatter          c_w.l(__scatter.o)
    0x080001c4   0x080001c4   0x0000005a   Code   RO         9237    !!dczerorl2         c_w.l(__dczerorl2.o)
    0x0800021e   0x0800021e   0x00000002   PAD
    0x08000220   0x08000220   0x0000001c   Code   RO         9241    !!handler_zi        c_w.l(__scatter_zi.o)
    0x0800023c   0x0800023c   0x00000002   Code   RO         9110    .ARM.Collect$$libinit$$00000000  c_w.l(libinit.o)
    0x0800023e   0x0800023e   0x00000004   Code   RO         9119    .ARM.Collect$$libinit$$00000001  c_w.l(libinit2.o)
    0x08000242   0x08000242   0x00000000   Code   RO         9122    .ARM.Collect$$libinit$$00000004  c_w.l(libinit2.o)
    0x08000242   0x08000242   0x00000000   Code   RO         9125    .ARM.Collect$$libinit$$0000000A  c_w.l(libinit2.o)
    0x08000242   0x08000242   0x00000000   Code   RO         9127    .ARM.Collect$$libinit$$0000000C  c_w.l(libinit2.o)
    0x08000242   0x08000242   0x00000000   Code   RO         9129    .ARM.Collect$$libinit$$0000000E  c_w.l(libinit2.o)
    0x08000242   0x08000242   0x00000000   Code   RO         9132    .ARM.Collect$$libinit$$00000011  c_w.l(libinit2.o)
    0x08000242   0x08000242   0x00000000   Code   RO         9134    .ARM.Collect$$libinit$$00000013  c_w.l(libinit2.o)
    0x08000242   0x08000242   0x00000000   Code   RO         9136    .ARM.Collect$$libinit$$00000015  c_w.l(libinit2.o)
    0x08000242   0x08000242   0x00000000   Code   RO         9138    .ARM.Collect$$libinit$$00000017  c_w.l(libinit2.o)
    0x08000242   0x08000242   0x00000000   Code   RO         9140    .ARM.Collect$$libinit$$00000019  c_w.l(libinit2.o)
    0x08000242   0x08000242   0x00000000   Code   RO         9142    .ARM.Collect$$libinit$$0000001B  c_w.l(libinit2.o)
    0x08000242   0x08000242   0x00000000   Code   RO         9144    .ARM.Collect$$libinit$$0000001D  c_w.l(libinit2.o)
    0x08000242   0x08000242   0x00000000   Code   RO         9146    .ARM.Collect$$libinit$$0000001F  c_w.l(libinit2.o)
    0x08000242   0x08000242   0x00000000   Code   RO         9148    .ARM.Collect$$libinit$$00000021  c_w.l(libinit2.o)
    0x08000242   0x08000242   0x00000000   Code   RO         9150    .ARM.Collect$$libinit$$00000023  c_w.l(libinit2.o)
    0x08000242   0x08000242   0x00000000   Code   RO         9152    .ARM.Collect$$libinit$$00000025  c_w.l(libinit2.o)
    0x08000242   0x08000242   0x00000000   Code   RO         9156    .ARM.Collect$$libinit$$0000002C  c_w.l(libinit2.o)
    0x08000242   0x08000242   0x00000000   Code   RO         9158    .ARM.Collect$$libinit$$0000002E  c_w.l(libinit2.o)
    0x08000242   0x08000242   0x00000000   Code   RO         9160    .ARM.Collect$$libinit$$00000030  c_w.l(libinit2.o)
    0x08000242   0x08000242   0x00000000   Code   RO         9162    .ARM.Collect$$libinit$$00000032  c_w.l(libinit2.o)
    0x08000242   0x08000242   0x00000002   Code   RO         9163    .ARM.Collect$$libinit$$00000033  c_w.l(libinit2.o)
    0x08000244   0x08000244   0x00000002   Code   RO         9194    .ARM.Collect$$libshutdown$$00000000  c_w.l(libshutdown.o)
    0x08000246   0x08000246   0x00000000   Code   RO         9220    .ARM.Collect$$libshutdown$$00000002  c_w.l(libshutdown2.o)
    0x08000246   0x08000246   0x00000000   Code   RO         9222    .ARM.Collect$$libshutdown$$00000004  c_w.l(libshutdown2.o)
    0x08000246   0x08000246   0x00000000   Code   RO         9225    .ARM.Collect$$libshutdown$$00000007  c_w.l(libshutdown2.o)
    0x08000246   0x08000246   0x00000000   Code   RO         9228    .ARM.Collect$$libshutdown$$0000000A  c_w.l(libshutdown2.o)
    0x08000246   0x08000246   0x00000000   Code   RO         9230    .ARM.Collect$$libshutdown$$0000000C  c_w.l(libshutdown2.o)
    0x08000246   0x08000246   0x00000000   Code   RO         9233    .ARM.Collect$$libshutdown$$0000000F  c_w.l(libshutdown2.o)
    0x08000246   0x08000246   0x00000002   Code   RO         9234    .ARM.Collect$$libshutdown$$00000010  c_w.l(libshutdown2.o)
    0x08000248   0x08000248   0x00000000   Code   RO         8980    .ARM.Collect$$rtentry$$00000000  c_w.l(__rtentry.o)
    0x08000248   0x08000248   0x00000000   Code   RO         9065    .ARM.Collect$$rtentry$$00000002  c_w.l(__rtentry2.o)
    0x08000248   0x08000248   0x00000006   Code   RO         9077    .ARM.Collect$$rtentry$$00000004  c_w.l(__rtentry4.o)
    0x0800024e   0x0800024e   0x00000000   Code   RO         9067    .ARM.Collect$$rtentry$$00000009  c_w.l(__rtentry2.o)
    0x0800024e   0x0800024e   0x00000004   Code   RO         9068    .ARM.Collect$$rtentry$$0000000A  c_w.l(__rtentry2.o)
    0x08000252   0x08000252   0x00000000   Code   RO         9070    .ARM.Collect$$rtentry$$0000000C  c_w.l(__rtentry2.o)
    0x08000252   0x08000252   0x00000008   Code   RO         9071    .ARM.Collect$$rtentry$$0000000D  c_w.l(__rtentry2.o)
    0x0800025a   0x0800025a   0x00000002   Code   RO         9111    .ARM.Collect$$rtexit$$00000000  c_w.l(rtexit.o)
    0x0800025c   0x0800025c   0x00000000   Code   RO         9167    .ARM.Collect$$rtexit$$00000002  c_w.l(rtexit2.o)
    0x0800025c   0x0800025c   0x00000004   Code   RO         9168    .ARM.Collect$$rtexit$$00000003  c_w.l(rtexit2.o)
    0x08000260   0x08000260   0x00000006   Code   RO         9169    .ARM.Collect$$rtexit$$00000004  c_w.l(rtexit2.o)
    0x08000266   0x08000266   0x00000002   PAD
    0x08000268   0x08000268   0x000000be   Code   RO         8472    .emb_text           port.o
    0x08000326   0x08000326   0x00000002   PAD
    0x08000328   0x08000328   0x00000040   Code   RO            4    .text               startup_stm32f407xx.o
    0x08000368   0x08000368   0x00000078   Code   RO         8664    .text               arm_cortexM4lf_math.lib(arm_cos_f32.o)
    0x080003e0   0x080003e0   0x00000074   Code   RO         8717    .text               arm_cortexM4lf_math.lib(arm_sin_f32.o)
    0x08000454   0x08000454   0x000000ee   Code   RO         8822    .text               c_w.l(lludivv7m.o)
    0x08000542   0x08000542   0x0000003e   Code   RO         8824    .text               c_w.l(strlen.o)
    0x08000580   0x08000580   0x0000008a   Code   RO         8826    .text               c_w.l(rt_memcpy_v6.o)
    0x0800060a   0x0800060a   0x00000064   Code   RO         8828    .text               c_w.l(rt_memcpy_w.o)
    0x0800066e   0x0800066e   0x00000010   Code   RO         8832    .text               c_w.l(aeabi_memset.o)
    0x0800067e   0x0800067e   0x0000004e   Code   RO         8834    .text               c_w.l(rt_memclr_w.o)
    0x080006cc   0x080006cc   0x00000006   Code   RO         8836    .text               c_w.l(heapauxi.o)
    0x080006d2   0x080006d2   0x00000016   Code   RO         8985    .text               c_w.l(_rserrno.o)
    0x080006e8   0x080006e8   0x00000044   Code   RO         8987    .text               c_w.l(rt_memclr.o)
    0x0800072c   0x0800072c   0x00000008   Code   RO         9084    .text               c_w.l(rt_errno_addr_intlibspace.o)
    0x08000734   0x08000734   0x00000030   Code   RO         9086    .text               c_w.l(_fptrap.o)
    0x08000764   0x08000764   0x00000008   Code   RO         9094    .text               c_w.l(libspace.o)
    0x0800076c   0x0800076c   0x0000004a   Code   RO         9097    .text               c_w.l(sys_stackheap_outer.o)
    0x080007b6   0x080007b6   0x00000012   Code   RO         9099    .text               c_w.l(exit.o)
    0x080007c8   0x080007c8   0x0000000e   Code   RO         9101    .text               c_w.l(defsig_fpe_outer.o)
    0x080007d6   0x080007d6   0x0000000a   Code   RO         9115    .text               c_w.l(defsig_exit.o)
    0x080007e0   0x080007e0   0x000000ac   Code   RO         9117    .text               c_w.l(defsig_fpe_inner.o)
    0x0800088c   0x0800088c   0x0000000c   Code   RO         9164    .text               c_w.l(sys_exit.o)
    0x08000898   0x08000898   0x00000032   Code   RO         9175    .text               c_w.l(defsig_general.o)
    0x080008ca   0x080008ca   0x0000000e   Code   RO         9181    .text               c_w.l(sys_wrch.o)
    0x080008d8   0x080008d8   0x00000002   Code   RO         9183    .text               c_w.l(use_no_semi.o)
    0x080008da   0x080008da   0x00000000   Code   RO         9185    .text               c_w.l(indicate_semi.o)
    0x080008da   0x080008da   0x00000018   Code   RO         2741    i.AHRS_asinf        ahrs_middleware.o
    0x080008f2   0x080008f2   0x00000020   Code   RO         2742    i.AHRS_atan2f       ahrs_middleware.o
    0x08000912   0x08000912   0x00000018   Code   RO         2743    i.AHRS_cosf         ahrs_middleware.o
    0x0800092a   0x0800092a   0x0000001a   Code   RO         8574    i.AHRS_fabs         AHRS.lib(ahrs.o)
    0x08000944   0x08000944   0x00000010   Code   RO         2744    i.AHRS_get_height   ahrs_middleware.o
    0x08000954   0x08000954   0x0000000c   Code   RO         2745    i.AHRS_get_latitude  ahrs_middleware.o
    0x08000960   0x08000960   0x0000029c   Code   RO         8575    i.AHRS_init         AHRS.lib(ahrs.o)
    0x08000bfc   0x08000bfc   0x00000024   Code   RO         2746    i.AHRS_invSqrt      ahrs_middleware.o
    0x08000c20   0x08000c20   0x00000018   Code   RO         2747    i.AHRS_sinf         ahrs_middleware.o
    0x08000c38   0x08000c38   0x0000013a   Code   RO         8576    i.AHRS_update       AHRS.lib(ahrs.o)
    0x08000d72   0x08000d72   0x00000002   PAD
    0x08000d74   0x08000d74   0x00000014   Code   RO         2484    i.BMI088_ACCEL_NS_H  bmi088middleware.o
    0x08000d88   0x08000d88   0x00000014   Code   RO         2485    i.BMI088_ACCEL_NS_L  bmi088middleware.o
    0x08000d9c   0x08000d9c   0x00000002   Code   RO         2486    i.BMI088_GPIO_init  bmi088middleware.o
    0x08000d9e   0x08000d9e   0x00000002   PAD
    0x08000da0   0x08000da0   0x00000014   Code   RO         2487    i.BMI088_GYRO_NS_H  bmi088middleware.o
    0x08000db4   0x08000db4   0x00000014   Code   RO         2488    i.BMI088_GYRO_NS_L  bmi088middleware.o
    0x08000dc8   0x08000dc8   0x00000090   Code   RO         2348    i.BMI088_accel_read_over  bmi088driver.o
    0x08000e58   0x08000e58   0x00000002   Code   RO         2489    i.BMI088_com_init   bmi088middleware.o
    0x08000e5a   0x08000e5a   0x0000000c   Code   RO         2490    i.BMI088_delay_ms   bmi088middleware.o
    0x08000e66   0x08000e66   0x0000000c   Code   RO         2491    i.BMI088_delay_us   bmi088middleware.o
    0x08000e72   0x08000e72   0x00000002   PAD
    0x08000e74   0x08000e74   0x00000068   Code   RO         2349    i.BMI088_gyro_read_over  bmi088driver.o
    0x08000edc   0x08000edc   0x00000034   Code   RO         2350    i.BMI088_init       bmi088driver.o
    0x08000f10   0x08000f10   0x0000017c   Code   RO         2351    i.BMI088_read       bmi088driver.o
    0x0800108c   0x0800108c   0x00000026   Code   RO         2354    i.BMI088_read_muli_reg  bmi088driver.o
    0x080010b2   0x080010b2   0x00000018   Code   RO         2355    i.BMI088_read_single_reg  bmi088driver.o
    0x080010ca   0x080010ca   0x00000002   PAD
    0x080010cc   0x080010cc   0x00000020   Code   RO         2492    i.BMI088_read_write_byte  bmi088middleware.o
    0x080010ec   0x080010ec   0x00000034   Code   RO         2356    i.BMI088_temperature_read_over  bmi088driver.o
    0x08001120   0x08001120   0x00000014   Code   RO         2357    i.BMI088_write_single_reg  bmi088driver.o
    0x08001134   0x08001134   0x00000004   Code   RO          687    i.BusFault_Handler  stm32f4xx_it.o
    0x08001138   0x08001138   0x00000010   Code   RO          688    i.CAN1_RX0_IRQHandler  stm32f4xx_it.o
    0x08001148   0x08001148   0x00000010   Code   RO          689    i.CAN2_RX0_IRQHandler  stm32f4xx_it.o
    0x08001158   0x08001158   0x0000003c   Code   RO         1357    i.CAN_cmd_Mi        can_receive.o
    0x08001194   0x08001194   0x00000048   Code   RO         1358    i.CAN_send_m6001_back  can_receive.o
    0x080011dc   0x080011dc   0x00000290   Code   RO         1362    i.CAN_send_m6001_position_pid  can_receive.o
    0x0800146c   0x0800146c   0x00000370   Code   RO         1363    i.CAN_send_m6001_position_pid_double  can_receive.o
    0x080017dc   0x080017dc   0x00000034   Code   RO         1365    i.CAN_send_m6001_unlock  can_receive.o
    0x08001810   0x08001810   0x00000014   Code   RO         2692    i.CS_Enc            encoder.o
    0x08001824   0x08001824   0x00000010   Code   RO          690    i.DMA1_Stream3_IRQHandler  stm32f4xx_it.o
    0x08001834   0x08001834   0x00000010   Code   RO          691    i.DMA1_Stream4_IRQHandler  stm32f4xx_it.o
    0x08001844   0x08001844   0x00000880   Code   RO         1964    i.DMA2_Stream2_IRQHandler  ins_task.o
    0x080020c4   0x080020c4   0x00000034   Code   RO         3775    i.DMA_CalcBaseAndBitshift  stm32f4xx_hal_dma.o
    0x080020f8   0x080020f8   0x000000aa   Code   RO         3776    i.DMA_CheckFifoParam  stm32f4xx_hal_dma.o
    0x080021a2   0x080021a2   0x00000002   Code   RO          692    i.DebugMon_Handler  stm32f4xx_it.o
    0x080021a4   0x080021a4   0x0000000a   Code   RO          693    i.EXTI0_IRQHandler  stm32f4xx_it.o
    0x080021ae   0x080021ae   0x0000000a   Code   RO          694    i.EXTI3_IRQHandler  stm32f4xx_it.o
    0x080021b8   0x080021b8   0x0000000a   Code   RO          695    i.EXTI4_IRQHandler  stm32f4xx_it.o
    0x080021c2   0x080021c2   0x0000000a   Code   RO          696    i.EXTI9_5_IRQHandler  stm32f4xx_it.o
    0x080021cc   0x080021cc   0x00000002   Code   RO           13    i.Error_Handler     main.o
    0x080021ce   0x080021ce   0x00000002   PAD
    0x080021d0   0x080021d0   0x0000005c   Code   RO         3545    i.FLASH_Erase_Sector  stm32f4xx_hal_flash_ex.o
    0x0800222c   0x0800222c   0x00000078   Code   RO         3546    i.FLASH_FlushCaches  stm32f4xx_hal_flash_ex.o
    0x080022a4   0x080022a4   0x00000030   Code   RO         3547    i.FLASH_MassErase   stm32f4xx_hal_flash_ex.o
    0x080022d4   0x080022d4   0x00000024   Code   RO         3427    i.FLASH_Program_Byte  stm32f4xx_hal_flash.o
    0x080022f8   0x080022f8   0x0000003c   Code   RO         3428    i.FLASH_Program_DoubleWord  stm32f4xx_hal_flash.o
    0x08002334   0x08002334   0x00000028   Code   RO         3429    i.FLASH_Program_HalfWord  stm32f4xx_hal_flash.o
    0x0800235c   0x0800235c   0x00000028   Code   RO         3430    i.FLASH_Program_Word  stm32f4xx_hal_flash.o
    0x08002384   0x08002384   0x00000098   Code   RO         3431    i.FLASH_SetErrorCode  stm32f4xx_hal_flash.o
    0x0800241c   0x0800241c   0x00000064   Code   RO         3432    i.FLASH_WaitForLastOperation  stm32f4xx_hal_flash.o
    0x08002480   0x08002480   0x00000208   Code   RO         1737    i.Get_Angle         chassis_task.o
    0x08002688   0x08002688   0x0000002a   Code   RO         3038    i.HAL_CAN_ActivateNotification  stm32f4xx_hal_can.o
    0x080026b2   0x080026b2   0x00000156   Code   RO         3039    i.HAL_CAN_AddTxMessage  stm32f4xx_hal_can.o
    0x08002808   0x08002808   0x00000124   Code   RO         3040    i.HAL_CAN_ConfigFilter  stm32f4xx_hal_can.o
    0x0800292c   0x0800292c   0x00000002   Code   RO         3043    i.HAL_CAN_ErrorCallback  stm32f4xx_hal_can.o
    0x0800292e   0x0800292e   0x0000017a   Code   RO         3046    i.HAL_CAN_GetRxMessage  stm32f4xx_hal_can.o
    0x08002aa8   0x08002aa8   0x0000024e   Code   RO         3050    i.HAL_CAN_IRQHandler  stm32f4xx_hal_can.o
    0x08002cf6   0x08002cf6   0x00000174   Code   RO         3051    i.HAL_CAN_Init      stm32f4xx_hal_can.o
    0x08002e6a   0x08002e6a   0x00000002   PAD
    0x08002e6c   0x08002e6c   0x00000160   Code   RO          369    i.HAL_CAN_MspInit   can.o
    0x08002fcc   0x08002fcc   0x00000002   Code   RO         3058    i.HAL_CAN_RxFifo0FullCallback  stm32f4xx_hal_can.o
    0x08002fce   0x08002fce   0x00000002   PAD
    0x08002fd0   0x08002fd0   0x00000148   Code   RO         1366    i.HAL_CAN_RxFifo0MsgPendingCallback  can_receive.o
    0x08003118   0x08003118   0x00000002   Code   RO         3060    i.HAL_CAN_RxFifo1FullCallback  stm32f4xx_hal_can.o
    0x0800311a   0x0800311a   0x00000002   Code   RO         3061    i.HAL_CAN_RxFifo1MsgPendingCallback  stm32f4xx_hal_can.o
    0x0800311c   0x0800311c   0x00000002   Code   RO         3062    i.HAL_CAN_SleepCallback  stm32f4xx_hal_can.o
    0x0800311e   0x0800311e   0x0000005e   Code   RO         3063    i.HAL_CAN_Start     stm32f4xx_hal_can.o
    0x0800317c   0x0800317c   0x00000002   Code   RO         3065    i.HAL_CAN_TxMailbox0AbortCallback  stm32f4xx_hal_can.o
    0x0800317e   0x0800317e   0x00000002   Code   RO         3066    i.HAL_CAN_TxMailbox0CompleteCallback  stm32f4xx_hal_can.o
    0x08003180   0x08003180   0x00000002   Code   RO         3067    i.HAL_CAN_TxMailbox1AbortCallback  stm32f4xx_hal_can.o
    0x08003182   0x08003182   0x00000002   Code   RO         3068    i.HAL_CAN_TxMailbox1CompleteCallback  stm32f4xx_hal_can.o
    0x08003184   0x08003184   0x00000002   Code   RO         3069    i.HAL_CAN_TxMailbox2AbortCallback  stm32f4xx_hal_can.o
    0x08003186   0x08003186   0x00000002   Code   RO         3070    i.HAL_CAN_TxMailbox2CompleteCallback  stm32f4xx_hal_can.o
    0x08003188   0x08003188   0x00000002   Code   RO         3072    i.HAL_CAN_WakeUpFromRxMsgCallback  stm32f4xx_hal_can.o
    0x0800318a   0x0800318a   0x00000002   PAD
    0x0800318c   0x0800318c   0x00000240   Code   RO         3783    i.HAL_DMA_IRQHandler  stm32f4xx_hal_dma.o
    0x080033cc   0x080033cc   0x000000ec   Code   RO         3784    i.HAL_DMA_Init      stm32f4xx_hal_dma.o
    0x080034b8   0x080034b8   0x00000028   Code   RO         4202    i.HAL_Delay         stm32f4xx_hal.o
    0x080034e0   0x080034e0   0x000000ac   Code   RO         3557    i.HAL_FLASHEx_Erase  stm32f4xx_hal_flash_ex.o
    0x0800358c   0x0800358c   0x00000014   Code   RO         3436    i.HAL_FLASH_Lock    stm32f4xx_hal_flash.o
    0x080035a0   0x080035a0   0x00000098   Code   RO         3441    i.HAL_FLASH_Program  stm32f4xx_hal_flash.o
    0x08003638   0x08003638   0x00000034   Code   RO         3443    i.HAL_FLASH_Unlock  stm32f4xx_hal_flash.o
    0x0800366c   0x0800366c   0x000000b8   Code   RO         1965    i.HAL_GPIO_EXTI_Callback  ins_task.o
    0x08003724   0x08003724   0x0000001c   Code   RO         3670    i.HAL_GPIO_EXTI_IRQHandler  stm32f4xx_hal_gpio.o
    0x08003740   0x08003740   0x000001f4   Code   RO         3671    i.HAL_GPIO_Init     stm32f4xx_hal_gpio.o
    0x08003934   0x08003934   0x0000000c   Code   RO         3675    i.HAL_GPIO_WritePin  stm32f4xx_hal_gpio.o
    0x08003940   0x08003940   0x0000000c   Code   RO         4208    i.HAL_GetTick       stm32f4xx_hal.o
    0x0800394c   0x0800394c   0x000001d0   Code   RO         4464    i.HAL_I2C_Init      stm32f4xx_hal_i2c.o
    0x08003b1c   0x08003b1c   0x000002f4   Code   RO         4482    i.HAL_I2C_Mem_Read  stm32f4xx_hal_i2c.o
    0x08003e10   0x08003e10   0x00000164   Code   RO         4485    i.HAL_I2C_Mem_Write  stm32f4xx_hal_i2c.o
    0x08003f74   0x08003f74   0x000000c8   Code   RO          442    i.HAL_I2C_MspInit   i2c.o
    0x0800403c   0x0800403c   0x00000018   Code   RO         4214    i.HAL_IncTick       stm32f4xx_hal.o
    0x08004054   0x08004054   0x0000003c   Code   RO         4215    i.HAL_Init          stm32f4xx_hal.o
    0x08004090   0x08004090   0x0000004c   Code   RO         4216    i.HAL_InitTick      stm32f4xx_hal.o
    0x080040dc   0x080040dc   0x00000054   Code   RO          799    i.HAL_MspInit       stm32f4xx_hal_msp.o
    0x08004130   0x08004130   0x00000020   Code   RO         4060    i.HAL_NVIC_EnableIRQ  stm32f4xx_hal_cortex.o
    0x08004150   0x08004150   0x0000007c   Code   RO         4066    i.HAL_NVIC_SetPriority  stm32f4xx_hal_cortex.o
    0x080041cc   0x080041cc   0x00000028   Code   RO         4067    i.HAL_NVIC_SetPriorityGrouping  stm32f4xx_hal_cortex.o
    0x080041f4   0x080041f4   0x000001a0   Code   RO         3377    i.HAL_RCCEx_PeriphCLKConfig  stm32f4xx_hal_rcc_ex.o
    0x08004394   0x08004394   0x00000184   Code   RO         3272    i.HAL_RCC_ClockConfig  stm32f4xx_hal_rcc.o
    0x08004518   0x08004518   0x0000000c   Code   RO         3277    i.HAL_RCC_GetHCLKFreq  stm32f4xx_hal_rcc.o
    0x08004524   0x08004524   0x00000020   Code   RO         3279    i.HAL_RCC_GetPCLK1Freq  stm32f4xx_hal_rcc.o
    0x08004544   0x08004544   0x00000020   Code   RO         3280    i.HAL_RCC_GetPCLK2Freq  stm32f4xx_hal_rcc.o
    0x08004564   0x08004564   0x000000b0   Code   RO         3281    i.HAL_RCC_GetSysClockFreq  stm32f4xx_hal_rcc.o
    0x08004614   0x08004614   0x0000049c   Code   RO         3284    i.HAL_RCC_OscConfig  stm32f4xx_hal_rcc.o
    0x08004ab0   0x08004ab0   0x000000a4   Code   RO         4956    i.HAL_RTC_Init      stm32f4xx_hal_rtc.o
    0x08004b54   0x08004b54   0x00000040   Code   RO          484    i.HAL_RTC_MspInit   rtc.o
    0x08004b94   0x08004b94   0x0000003a   Code   RO         4964    i.HAL_RTC_WaitForSynchro  stm32f4xx_hal_rtc.o
    0x08004bce   0x08004bce   0x000000c8   Code   RO         5356    i.HAL_SPI_Init      stm32f4xx_hal_spi.o
    0x08004c96   0x08004c96   0x00000002   PAD
    0x08004c98   0x08004c98   0x00000258   Code   RO          526    i.HAL_SPI_MspInit   spi.o
    0x08004ef0   0x08004ef0   0x0000022a   Code   RO         5365    i.HAL_SPI_TransmitReceive  stm32f4xx_hal_spi.o
    0x0800511a   0x0800511a   0x00000034   Code   RO         4071    i.HAL_SYSTICK_Config  stm32f4xx_hal_cortex.o
    0x0800514e   0x0800514e   0x00000002   PAD
    0x08005150   0x08005150   0x000000b4   Code   RO         6403    i.HAL_TIMEx_MasterConfigSynchronization  stm32f4xx_hal_tim_ex.o
    0x08005204   0x08005204   0x00000066   Code   RO         5669    i.HAL_TIM_Base_Init  stm32f4xx_hal_tim.o
    0x0800526a   0x0800526a   0x00000002   PAD
    0x0800526c   0x0800526c   0x000000ec   Code   RO          574    i.HAL_TIM_Base_MspInit  tim.o
    0x08005358   0x08005358   0x0000009c   Code   RO         5672    i.HAL_TIM_Base_Start  stm32f4xx_hal_tim.o
    0x080053f4   0x080053f4   0x0000010c   Code   RO         5678    i.HAL_TIM_ConfigClockSource  stm32f4xx_hal_tim.o
    0x08005500   0x08005500   0x000001a4   Code   RO          575    i.HAL_TIM_MspPostInit  tim.o
    0x080056a4   0x080056a4   0x00000104   Code   RO         5741    i.HAL_TIM_PWM_ConfigChannel  stm32f4xx_hal_tim.o
    0x080057a8   0x080057a8   0x00000066   Code   RO         5744    i.HAL_TIM_PWM_Init  stm32f4xx_hal_tim.o
    0x0800580e   0x0800580e   0x00000002   Code   RO         5746    i.HAL_TIM_PWM_MspInit  stm32f4xx_hal_tim.o
    0x08005810   0x08005810   0x0000010c   Code   RO         5749    i.HAL_TIM_PWM_Start  stm32f4xx_hal_tim.o
    0x0800591c   0x0800591c   0x00000072   Code   RO         6680    i.HAL_UART_Init     stm32f4xx_hal_uart.o
    0x0800598e   0x0800598e   0x00000002   PAD
    0x08005990   0x08005990   0x000000e0   Code   RO          646    i.HAL_UART_MspInit  usart.o
    0x08005a70   0x08005a70   0x00000004   Code   RO          697    i.HardFault_Handler  stm32f4xx_it.o
    0x08005a74   0x08005a74   0x0000003e   Code   RO         4507    i.I2C_IsAcknowledgeFailed  stm32f4xx_hal_i2c.o
    0x08005ab2   0x08005ab2   0x00000002   PAD
    0x08005ab4   0x08005ab4   0x00000160   Code   RO         4518    i.I2C_RequestMemoryRead  stm32f4xx_hal_i2c.o
    0x08005c14   0x08005c14   0x000000e0   Code   RO         4519    i.I2C_RequestMemoryWrite  stm32f4xx_hal_i2c.o
    0x08005cf4   0x08005cf4   0x0000005c   Code   RO         4527    i.I2C_WaitOnBTFFlagUntilTimeout  stm32f4xx_hal_i2c.o
    0x08005d50   0x08005d50   0x00000086   Code   RO         4528    i.I2C_WaitOnFlagUntilTimeout  stm32f4xx_hal_i2c.o
    0x08005dd6   0x08005dd6   0x000000c4   Code   RO         4529    i.I2C_WaitOnMasterAddressFlagUntilTimeout  stm32f4xx_hal_i2c.o
    0x08005e9a   0x08005e9a   0x00000080   Code   RO         4530    i.I2C_WaitOnRXNEFlagUntilTimeout  stm32f4xx_hal_i2c.o
    0x08005f1a   0x08005f1a   0x0000005c   Code   RO         4533    i.I2C_WaitOnTXEFlagUntilTimeout  stm32f4xx_hal_i2c.o
    0x08005f76   0x08005f76   0x00000002   PAD
    0x08005f78   0x08005f78   0x0000007c   Code   RO         1966    i.INS_cali_gyro     ins_task.o
    0x08005ff4   0x08005ff4   0x00000048   Code   RO         1967    i.INS_set_cali_gyro  ins_task.o
    0x0800603c   0x0800603c   0x00000304   Code   RO         1968    i.INS_task          ins_task.o
    0x08006340   0x08006340   0x0000028c   Code   RO         8549    i.Kalman_Filter     filter.o
    0x080065cc   0x080065cc   0x00000044   Code   RO          370    i.MX_CAN1_Init      can.o
    0x08006610   0x08006610   0x00000044   Code   RO          371    i.MX_CAN2_Init      can.o
    0x08006654   0x08006654   0x00000098   Code   RO          417    i.MX_DMA_Init       dma.o
    0x080066ec   0x080066ec   0x000000d0   Code   RO          309    i.MX_FREERTOS_Init  freertos.o
    0x080067bc   0x080067bc   0x000001c8   Code   RO          285    i.MX_GPIO_Init      gpio.o
    0x08006984   0x08006984   0x0000003c   Code   RO          443    i.MX_I2C3_Init      i2c.o
    0x080069c0   0x080069c0   0x00000034   Code   RO          485    i.MX_RTC_Init       rtc.o
    0x080069f4   0x080069f4   0x00000048   Code   RO          527    i.MX_SPI1_Init      spi.o
    0x08006a3c   0x08006a3c   0x00000048   Code   RO          528    i.MX_SPI2_Init      spi.o
    0x08006a84   0x08006a84   0x0000006c   Code   RO          576    i.MX_TIM10_Init     tim.o
    0x08006af0   0x08006af0   0x000000a4   Code   RO          577    i.MX_TIM3_Init      tim.o
    0x08006b94   0x08006b94   0x000000a4   Code   RO          578    i.MX_TIM4_Init      tim.o
    0x08006c38   0x08006c38   0x000000c4   Code   RO          579    i.MX_TIM5_Init      tim.o
    0x08006cfc   0x08006cfc   0x00000070   Code   RO          580    i.MX_TIM8_Init      tim.o
    0x08006d6c   0x08006d6c   0x0000003c   Code   RO          647    i.MX_USART3_UART_Init  usart.o
    0x08006da8   0x08006da8   0x00000004   Code   RO          698    i.MemManage_Handler  stm32f4xx_it.o
    0x08006dac   0x08006dac   0x00000014   Code   RO         2693    i.NCS_Enc           encoder.o
    0x08006dc0   0x08006dc0   0x00000002   Code   RO          699    i.NMI_Handler       stm32f4xx_it.o
    0x08006dc2   0x08006dc2   0x00000002   PAD
    0x08006dc4   0x08006dc4   0x000001f0   Code   RO         2998    i.PID_calc          pid.o
    0x08006fb4   0x08006fb4   0x00000060   Code   RO         3000    i.PID_init          pid.o
    0x08007014   0x08007014   0x0000009c   Code   RO         1158    i.RC_Init           bsp_rc.o
    0x080070b0   0x080070b0   0x00000050   Code   RO         1159    i.RC_restart        bsp_rc.o
    0x08007100   0x08007100   0x0000004a   Code   RO         4967    i.RTC_EnterInitMode  stm32f4xx_hal_rtc.o
    0x0800714a   0x0800714a   0x0000002e   Code   RO         4968    i.RTC_ExitInitMode  stm32f4xx_hal_rtc.o
    0x08007178   0x08007178   0x0000273c   Code   RO         1198    i.SPI1_DMA_enable   bsp_spi.o
    0x080098b4   0x080098b4   0x00000180   Code   RO         1199    i.SPI1_DMA_init     bsp_spi.o
    0x08009a34   0x08009a34   0x0000006c   Code   RO         5394    i.SPI_EndRxTxTransaction  stm32f4xx_hal_spi.o
    0x08009aa0   0x08009aa0   0x000000d8   Code   RO         5399    i.SPI_WaitFlagStateUntilTimeout  stm32f4xx_hal_spi.o
    0x08009b78   0x08009b78   0x00000014   Code   RO          700    i.SysTick_Handler   stm32f4xx_it.o
    0x08009b8c   0x08009b8c   0x000000b4   Code   RO           14    i.SystemClock_Config  main.o
    0x08009c40   0x08009c40   0x00000064   Code   RO          824    i.SystemInit        system_stm32f4xx.o
    0x08009ca4   0x08009ca4   0x000000d8   Code   RO         5762    i.TIM_Base_SetConfig  stm32f4xx_hal_tim.o
    0x08009d7c   0x08009d7c   0x00000022   Code   RO         5763    i.TIM_CCxChannelCmd  stm32f4xx_hal_tim.o
    0x08009d9e   0x08009d9e   0x00000016   Code   RO         5773    i.TIM_ETR_SetConfig  stm32f4xx_hal_tim.o
    0x08009db4   0x08009db4   0x00000012   Code   RO         5774    i.TIM_ITRx_SetConfig  stm32f4xx_hal_tim.o
    0x08009dc6   0x08009dc6   0x00000002   PAD
    0x08009dc8   0x08009dc8   0x00000070   Code   RO         5775    i.TIM_OC1_SetConfig  stm32f4xx_hal_tim.o
    0x08009e38   0x08009e38   0x0000007c   Code   RO         5776    i.TIM_OC2_SetConfig  stm32f4xx_hal_tim.o
    0x08009eb4   0x08009eb4   0x00000078   Code   RO         5777    i.TIM_OC3_SetConfig  stm32f4xx_hal_tim.o
    0x08009f2c   0x08009f2c   0x00000054   Code   RO         5778    i.TIM_OC4_SetConfig  stm32f4xx_hal_tim.o
    0x08009f80   0x08009f80   0x00000026   Code   RO         5780    i.TIM_TI1_ConfigInputStage  stm32f4xx_hal_tim.o
    0x08009fa6   0x08009fa6   0x00000028   Code   RO         5782    i.TIM_TI2_ConfigInputStage  stm32f4xx_hal_tim.o
    0x08009fce   0x08009fce   0x00000002   PAD
    0x08009fd0   0x08009fd0   0x00000200   Code   RO         1738    i.Trans             chassis_task.o
    0x0800a1d0   0x0800a1d0   0x00000030   Code   RO         1739    i.Turn_Off          chassis_task.o
    0x0800a200   0x0800a200   0x0000022c   Code   RO         6707    i.UART_SetConfig    stm32f4xx_hal_uart.o
    0x0800a42c   0x0800a42c   0x0000013c   Code   RO         2195    i.USART3_IRQHandler  remote_control.o
    0x0800a568   0x0800a568   0x00000004   Code   RO          701    i.UsageFault_Handler  stm32f4xx_it.o
    0x0800a56c   0x0800a56c   0x000000b8   Code   RO         8550    i.Yijielvbo         filter.o
    0x0800a624   0x0800a624   0x00000030   Code   RO         9029    i.__ARM_fpclassify  m_wm.l(fpclassify.o)
    0x0800a654   0x0800a654   0x00000026   Code   RO         9031    i.__ARM_fpclassifyf  m_wm.l(fpclassifyf.o)
    0x0800a67a   0x0800a67a   0x00000002   PAD
    0x0800a67c   0x0800a67c   0x00000010   Code   RO         4073    i.__NVIC_GetPriorityGrouping  stm32f4xx_hal_cortex.o
    0x0800a68c   0x0800a68c   0x00000028   Code   RO         4074    i.__NVIC_SetPriority  stm32f4xx_hal_cortex.o
    0x0800a6b4   0x0800a6b4   0x0000012c   Code   RO         8876    i.__hardfp_asinf    m_wm.l(asinf.o)
    0x0800a7e0   0x0800a7e0   0x000002d8   Code   RO         8888    i.__hardfp_atan     m_wm.l(atan.o)
    0x0800aab8   0x0800aab8   0x000001f0   Code   RO         8902    i.__hardfp_atan2    m_wm.l(atan2.o)
    0x0800aca8   0x0800aca8   0x00000250   Code   RO         8914    i.__hardfp_atan2f   m_wm.l(atan2f.o)
    0x0800aef8   0x0800aef8   0x000000c8   Code   RO         8926    i.__hardfp_cos      m_wm.l(cos.o)
    0x0800afc0   0x0800afc0   0x00000014   Code   RO         8938    i.__hardfp_fabs     m_wm.l(fabs.o)
    0x0800afd4   0x0800afd4   0x00000004   PAD
    0x0800afd8   0x0800afd8   0x000000c8   Code   RO         8944    i.__hardfp_sin      m_wm.l(sin.o)
    0x0800b0a0   0x0800b0a0   0x0000003a   Code   RO         8968    i.__hardfp_sqrtf    m_wm.l(sqrtf_full.o)
    0x0800b0da   0x0800b0da   0x00000006   PAD
    0x0800b0e0   0x0800b0e0   0x00000438   Code   RO         9050    i.__ieee754_rem_pio2  m_wm.l(rred.o)
    0x0800b518   0x0800b518   0x00000170   Code   RO         9012    i.__kernel_cos      m_wm.l(cos_i.o)
    0x0800b688   0x0800b688   0x000000f8   Code   RO         9047    i.__kernel_poly     m_wm.l(poly.o)
    0x0800b780   0x0800b780   0x00000130   Code   RO         9058    i.__kernel_sin      m_wm.l(sin_i.o)
    0x0800b8b0   0x0800b8b0   0x00000014   Code   RO         9016    i.__mathlib_dbl_infnan  m_wm.l(dunder.o)
    0x0800b8c4   0x0800b8c4   0x00000014   Code   RO         9017    i.__mathlib_dbl_infnan2  m_wm.l(dunder.o)
    0x0800b8d8   0x0800b8d8   0x00000020   Code   RO         9018    i.__mathlib_dbl_invalid  m_wm.l(dunder.o)
    0x0800b8f8   0x0800b8f8   0x00000020   Code   RO         9021    i.__mathlib_dbl_underflow  m_wm.l(dunder.o)
    0x0800b918   0x0800b918   0x00000006   Code   RO         9034    i.__mathlib_flt_infnan  m_wm.l(funder.o)
    0x0800b91e   0x0800b91e   0x00000006   Code   RO         9035    i.__mathlib_flt_infnan2  m_wm.l(funder.o)
    0x0800b924   0x0800b924   0x00000010   Code   RO         9036    i.__mathlib_flt_invalid  m_wm.l(funder.o)
    0x0800b934   0x0800b934   0x00000010   Code   RO         9039    i.__mathlib_flt_underflow  m_wm.l(funder.o)
    0x0800b944   0x0800b944   0x00000068   Code   RO         1129    i.aRGB_led_show     bsp_led.o
    0x0800b9ac   0x0800b9ac   0x000001d0   Code   RO         8577    i.accel_comple_filter  AHRS.lib(ahrs.o)
    0x0800bb7c   0x0800bb7c   0x0000018c   Code   RO         8578    i.accel_update_kp_ki  AHRS.lib(ahrs.o)
    0x0800bd08   0x0800bd08   0x0000016c   Code   RO         8579    i.angle_to_quat     AHRS.lib(ahrs.o)
    0x0800be74   0x0800be74   0x00000010   Code   RO         8890    i.atan              m_wm.l(atan.o)
    0x0800be84   0x0800be84   0x00000038   Code   RO         1741    i.balance           chassis_task.o
    0x0800bebc   0x0800bebc   0x00000134   Code   RO         2358    i.bmi088_accel_init  bmi088driver.o
    0x0800bff0   0x0800bff0   0x000002fc   Code   RO         2359    i.bmi088_accel_self_test  bmi088driver.o
    0x0800c2ec   0x0800c2ec   0x000000f4   Code   RO         2360    i.bmi088_gyro_init  bmi088driver.o
    0x0800c3e0   0x0800c3e0   0x000000d0   Code   RO         2361    i.bmi088_gyro_self_test  bmi088driver.o
    0x0800c4b0   0x0800c4b0   0x0000008c   Code   RO         1231    i.cali_data_write   calibrate_task.o
    0x0800c53c   0x0800c53c   0x00000006   Code   RO         1232    i.cali_gimbal_hook  calibrate_task.o
    0x0800c542   0x0800c542   0x00000002   PAD
    0x0800c544   0x0800c544   0x00000050   Code   RO         1233    i.cali_gyro_hook    calibrate_task.o
    0x0800c594   0x0800c594   0x00000036   Code   RO         1234    i.cali_head_hook    calibrate_task.o
    0x0800c5ca   0x0800c5ca   0x00000002   PAD
    0x0800c5cc   0x0800c5cc   0x00000138   Code   RO         1236    i.calibrate_task    calibrate_task.o
    0x0800c704   0x0800c704   0x0000005c   Code   RO          972    i.can_filter_init   bsp_can.o
    0x0800c760   0x0800c760   0x000003f0   Code   RO         1742    i.chassis_balance_control  chassis_task.o
    0x0800cb50   0x0800cb50   0x0000008c   Code   RO         1637    i.chassis_behaviour_mode_set  chassis_behaviour.o
    0x0800cbdc   0x0800cbdc   0x00000198   Code   RO         1744    i.chassis_feedback_update  chassis_task.o
    0x0800cd74   0x0800cd74   0x00000048   Code   RO         1367    i.chassis_get_feedback  can_receive.o
    0x0800cdbc   0x0800cdbc   0x00000100   Code   RO         1745    i.chassis_init      chassis_task.o
    0x0800cebc   0x0800cebc   0x00000058   Code   RO         1746    i.chassis_mode_change_control_transit  chassis_task.o
    0x0800cf14   0x0800cf14   0x000001c4   Code   RO         1747    i.chassis_rc_to_control_vector  chassis_task.o
    0x0800d0d8   0x0800d0d8   0x00000012   Code   RO         1749    i.chassis_set_mode  chassis_task.o
    0x0800d0ea   0x0800d0ea   0x00000002   PAD
    0x0800d0ec   0x0800d0ec   0x000001c0   Code   RO         1750    i.chassis_task      chassis_task.o
    0x0800d2ac   0x0800d2ac   0x00000030   Code   RO         1000    i.delay_init        bsp_delay.o
    0x0800d2dc   0x0800d2dc   0x00000050   Code   RO         1002    i.delay_us          bsp_delay.o
    0x0800d32c   0x0800d32c   0x00000124   Code   RO         1918    i.detect_hook       detect_task.o
    0x0800d450   0x0800d450   0x0000016c   Code   RO         1919    i.detect_init       detect_task.o
    0x0800d5bc   0x0800d5bc   0x00000288   Code   RO         1920    i.detect_task       detect_task.o
    0x0800d844   0x0800d844   0x00000024   Code   RO         2300    i.encoder_read_task  encoder_read_tasks.o
    0x0800d868   0x0800d868   0x00000018   Code   RO         8940    i.fabs              m_wm.l(fabs.o)
    0x0800d880   0x0800d880   0x00000054   Code   RO         2897    i.first_order_filter_cali  user_lib.o
    0x0800d8d4   0x0800d8d4   0x00000024   Code   RO         2898    i.first_order_filter_init  user_lib.o
    0x0800d8f8   0x0800d8f8   0x0000002e   Code   RO         1041    i.flash_erase_address  bsp_flash.o
    0x0800d926   0x0800d926   0x00000002   PAD
    0x0800d928   0x0800d928   0x00000098   Code   RO         1044    i.flash_write_single_address  bsp_flash.o
    0x0800d9c0   0x0800d9c0   0x000000f4   Code   RO         1045    i.ger_sector        bsp_flash.o
    0x0800dab4   0x0800dab4   0x000000a4   Code   RO         2694    i.getEncoder        encoder.o
    0x0800db58   0x0800db58   0x00000008   Code   RO         1969    i.get_INS_angle_point  ins_task.o
    0x0800db60   0x0800db60   0x00000008   Code   RO         2301    i.get_Yaw_Axis_point  encoder_read_tasks.o
    0x0800db68   0x0800db68   0x00000008   Code   RO         1971    i.get_accel_data_point  ins_task.o
    0x0800db70   0x0800db70   0x000000e8   Code   RO         8580    i.get_angle         AHRS.lib(ahrs.o)
    0x0800dc58   0x0800dc58   0x00000018   Code   RO         1369    i.get_chassis_motorMi_measure_point  can_receive.o
    0x0800dc70   0x0800dc70   0x0000000c   Code   RO         1237    i.get_control_temperature  calibrate_task.o
    0x0800dc7c   0x0800dc7c   0x00000008   Code   RO         1921    i.get_error_list_point  detect_task.o
    0x0800dc84   0x0800dc84   0x00000008   Code   RO         1972    i.get_gyro_data_point  ins_task.o
    0x0800dc8c   0x0800dc8c   0x000000e8   Code   RO         1046    i.get_next_flash_address  bsp_flash.o
    0x0800dd74   0x0800dd74   0x00000008   Code   RO         2196    i.get_remote_control_point  remote_control.o
    0x0800dd7c   0x0800dd7c   0x00000054   Code   RO         1974    i.gyro_offset_calc  ins_task.o
    0x0800ddd0   0x0800ddd0   0x0000012c   Code   RO         1975    i.imu_cali_slove    ins_task.o
    0x0800defc   0x0800defc   0x00000168   Code   RO         1976    i.imu_cmd_spi_dma   ins_task.o
    0x0800e064   0x0800e064   0x0000000c   Code   RO         1101    i.imu_pwm_set       bsp_imu_pwm.o
    0x0800e070   0x0800e070   0x000000b8   Code   RO         1977    i.imu_temp_control  ins_task.o
    0x0800e128   0x0800e128   0x00000042   Code   RO         1370    i.interpolate       can_receive.o
    0x0800e16a   0x0800e16a   0x00000002   Code   RO         2613    i.ist8310_GPIO_init  ist8310driver_middleware.o
    0x0800e16c   0x0800e16c   0x00000028   Code   RO         2615    i.ist8310_IIC_read_single_reg  ist8310driver_middleware.o
    0x0800e194   0x0800e194   0x00000028   Code   RO         2617    i.ist8310_IIC_write_single_reg  ist8310driver_middleware.o
    0x0800e1bc   0x0800e1bc   0x00000014   Code   RO         2618    i.ist8310_RST_H     ist8310driver_middleware.o
    0x0800e1d0   0x0800e1d0   0x00000014   Code   RO         2619    i.ist8310_RST_L     ist8310driver_middleware.o
    0x0800e1e4   0x0800e1e4   0x00000002   Code   RO         2620    i.ist8310_com_init  ist8310driver_middleware.o
    0x0800e1e6   0x0800e1e6   0x0000000c   Code   RO         2621    i.ist8310_delay_ms  ist8310driver_middleware.o
    0x0800e1f2   0x0800e1f2   0x00000002   PAD
    0x0800e1f4   0x0800e1f4   0x00000094   Code   RO         2578    i.ist8310_init      ist8310driver.o
    0x0800e288   0x0800e288   0x000001b0   Code   RO         2156    i.led_RGB_flow_task  led_flow_task.o
    0x0800e438   0x0800e438   0x00000060   Code   RO         2904    i.loop_fp32_constrain  user_lib.o
    0x0800e498   0x0800e498   0x0000005e   Code   RO           15    i.main              main.o
    0x0800e4f6   0x0800e4f6   0x0000000e   Code   RO         8038    i.makeFreeRtosPriority  cmsis_os.o
    0x0800e504   0x0800e504   0x0000001a   Code   RO         1752    i.myabs             chassis_task.o
    0x0800e51e   0x0800e51e   0x00000018   Code   RO         8040    i.osDelay           cmsis_os.o
    0x0800e536   0x0800e536   0x0000000a   Code   RO         8043    i.osKernelStart     cmsis_os.o
    0x0800e540   0x0800e540   0x0000005e   Code   RO         8077    i.osThreadCreate    cmsis_os.o
    0x0800e59e   0x0800e59e   0x0000001c   Code   RO         1372    i.parse_6001_feedback  can_receive.o
    0x0800e5ba   0x0800e5ba   0x00000002   PAD
    0x0800e5bc   0x0800e5bc   0x00000030   Code   RO         7505    i.pcTaskGetName     tasks.o
    0x0800e5ec   0x0800e5ec   0x000000a4   Code   RO         7506    i.prvAddCurrentTaskToDelayedList  tasks.o
    0x0800e690   0x0800e690   0x000000b4   Code   RO         7507    i.prvAddNewTaskToReadyList  tasks.o
    0x0800e744   0x0800e744   0x00000074   Code   RO         7870    i.prvCheckForValidListAndQueue  timers.o
    0x0800e7b8   0x0800e7b8   0x00000048   Code   RO         7508    i.prvCheckTasksWaitingTermination  tasks.o
    0x0800e800   0x0800e800   0x0000002a   Code   RO         7159    i.prvCopyDataFromQueue  queue.o
    0x0800e82a   0x0800e82a   0x0000007e   Code   RO         7160    i.prvCopyDataToQueue  queue.o
    0x0800e8a8   0x0800e8a8   0x00000050   Code   RO         7509    i.prvDeleteTCB      tasks.o
    0x0800e8f8   0x0800e8f8   0x00000028   Code   RO         7871    i.prvGetNextExpireTime  timers.o
    0x0800e920   0x0800e920   0x0000007c   Code   RO         8417    i.prvHeapInit       heap_4.o
    0x0800e99c   0x0800e99c   0x00000028   Code   RO         7510    i.prvIdleTask       tasks.o
    0x0800e9c4   0x0800e9c4   0x00000026   Code   RO         7163    i.prvInitialiseNewQueue  queue.o
    0x0800e9ea   0x0800e9ea   0x000000c2   Code   RO         7511    i.prvInitialiseNewTask  tasks.o
    0x0800eaac   0x0800eaac   0x00000068   Code   RO         7512    i.prvInitialiseTaskLists  tasks.o
    0x0800eb14   0x0800eb14   0x00000068   Code   RO         8418    i.prvInsertBlockIntoFreeList  heap_4.o
    0x0800eb7c   0x0800eb7c   0x00000058   Code   RO         7873    i.prvInsertTimerInActiveList  timers.o
    0x0800ebd4   0x0800ebd4   0x0000001a   Code   RO         7164    i.prvIsQueueEmpty   queue.o
    0x0800ebee   0x0800ebee   0x0000001e   Code   RO         7165    i.prvIsQueueFull    queue.o
    0x0800ec0c   0x0800ec0c   0x00000074   Code   RO         7874    i.prvProcessExpiredTimer  timers.o
    0x0800ec80   0x0800ec80   0x00000164   Code   RO         7875    i.prvProcessReceivedCommands  timers.o
    0x0800ede4   0x0800ede4   0x00000074   Code   RO         7876    i.prvProcessTimerOrBlockTask  timers.o
    0x0800ee58   0x0800ee58   0x00000034   Code   RO         7513    i.prvResetNextTaskUnblockTime  tasks.o
    0x0800ee8c   0x0800ee8c   0x0000002c   Code   RO         7877    i.prvSampleTimeNow  timers.o
    0x0800eeb8   0x0800eeb8   0x000000b0   Code   RO         7514    i.prvSearchForNameWithinSingleList  tasks.o
    0x0800ef68   0x0800ef68   0x000000a4   Code   RO         7878    i.prvSwitchTimerLists  timers.o
    0x0800f00c   0x0800f00c   0x00000016   Code   RO         7515    i.prvTaskCheckFreeStackSpace  tasks.o
    0x0800f022   0x0800f022   0x00000002   PAD
    0x0800f024   0x0800f024   0x00000040   Code   RO         8473    i.prvTaskExitError  port.o
    0x0800f064   0x0800f064   0x0000001a   Code   RO         7879    i.prvTimerTask      timers.o
    0x0800f07e   0x0800f07e   0x0000007e   Code   RO         7166    i.prvUnlockQueue    queue.o
    0x0800f0fc   0x0800f0fc   0x0000014c   Code   RO         8419    i.pvPortMalloc      heap_4.o
    0x0800f248   0x0800f248   0x0000002c   Code   RO         8474    i.pxPortInitialiseStack  port.o
    0x0800f274   0x0800f274   0x00000084   Code   RO         8585    i.quat_normalization  AHRS.lib(ahrs.o)
    0x0800f2f8   0x0800f2f8   0x0000001c   Code   RO         2197    i.remote_control_init  remote_control.o
    0x0800f314   0x0800f314   0x000000dc   Code   RO         2198    i.sbus_to_rc        remote_control.o
    0x0800f3f0   0x0800f3f0   0x0000003e   Code   RO         8970    i.sqrtf             m_wm.l(sqrtf_full.o)
    0x0800f42e   0x0800f42e   0x00000002   PAD
    0x0800f430   0x0800f430   0x0000006c   Code   RO         2266    i.test_task         test_task.o
    0x0800f49c   0x0800f49c   0x00000018   Code   RO         1922    i.toe_is_error      detect_task.o
    0x0800f4b4   0x0800f4b4   0x00000170   Code   RO         1753    i.turn              chassis_task.o
    0x0800f624   0x0800f624   0x0000014c   Code   RO         1754    i.turn_chasis       chassis_task.o
    0x0800f770   0x0800f770   0x00000074   Code   RO         7518    i.ulTaskNotifyTake  tasks.o
    0x0800f7e4   0x0800f7e4   0x0000007a   Code   RO         8586    i.update_w          AHRS.lib(ahrs.o)
    0x0800f85e   0x0800f85e   0x00000028   Code   RO         7119    i.uxListRemove      list.o
    0x0800f886   0x0800f886   0x00000002   PAD
    0x0800f888   0x0800f888   0x00000028   Code   RO         7521    i.uxTaskGetStackHighWaterMark  tasks.o
    0x0800f8b0   0x0800f8b0   0x00000018   Code   RO          311    i.vApplicationGetIdleTaskMemory  freertos.o
    0x0800f8c8   0x0800f8c8   0x00000018   Code   RO          312    i.vApplicationGetTimerTaskMemory  freertos.o
    0x0800f8e0   0x0800f8e0   0x0000001a   Code   RO         7120    i.vListInitialise   list.o
    0x0800f8fa   0x0800f8fa   0x00000006   Code   RO         7121    i.vListInitialiseItem  list.o
    0x0800f900   0x0800f900   0x00000034   Code   RO         7122    i.vListInsert       list.o
    0x0800f934   0x0800f934   0x00000018   Code   RO         7123    i.vListInsertEnd    list.o
    0x0800f94c   0x0800f94c   0x00000054   Code   RO         8476    i.vPortEnterCritical  port.o
    0x0800f9a0   0x0800f9a0   0x0000003c   Code   RO         8477    i.vPortExitCritical  port.o
    0x0800f9dc   0x0800f9dc   0x000000a4   Code   RO         8420    i.vPortFree         heap_4.o
    0x0800fa80   0x0800fa80   0x00000028   Code   RO         8478    i.vPortSetupTimerInterrupt  port.o
    0x0800faa8   0x0800faa8   0x00000078   Code   RO         8479    i.vPortValidateInterruptPriority  port.o
    0x0800fb20   0x0800fb20   0x0000002c   Code   RO         7170    i.vQueueAddToRegistry  queue.o
    0x0800fb4c   0x0800fb4c   0x0000004a   Code   RO         7173    i.vQueueWaitForMessageRestricted  queue.o
    0x0800fb96   0x0800fb96   0x00000002   PAD
    0x0800fb98   0x0800fb98   0x0000005c   Code   RO         7525    i.vTaskDelay        tasks.o
    0x0800fbf4   0x0800fbf4   0x00000018   Code   RO         7529    i.vTaskInternalSetTimeOutState  tasks.o
    0x0800fc0c   0x0800fc0c   0x0000000c   Code   RO         7530    i.vTaskMissedYield  tasks.o
    0x0800fc18   0x0800fc18   0x000000f0   Code   RO         7531    i.vTaskNotifyGiveFromISR  tasks.o
    0x0800fd08   0x0800fd08   0x00000038   Code   RO         7532    i.vTaskPlaceOnEventList  tasks.o
    0x0800fd40   0x0800fd40   0x00000040   Code   RO         7533    i.vTaskPlaceOnEventListRestricted  tasks.o
    0x0800fd80   0x0800fd80   0x000000b8   Code   RO         7540    i.vTaskStartScheduler  tasks.o
    0x0800fe38   0x0800fe38   0x00000010   Code   RO         7542    i.vTaskSuspendAll   tasks.o
    0x0800fe48   0x0800fe48   0x0000008c   Code   RO         7543    i.vTaskSwitchContext  tasks.o
    0x0800fed4   0x0800fed4   0x000002f4   Code   RO         1755    i.velocity          chassis_task.o
    0x080101c8   0x080101c8   0x00000168   Code   RO         8480    i.xPortStartScheduler  port.o
    0x08010330   0x08010330   0x00000034   Code   RO         8481    i.xPortSysTickHandler  port.o
    0x08010364   0x08010364   0x000000e0   Code   RO         7177    i.xQueueGenericCreateStatic  queue.o
    0x08010444   0x08010444   0x00000098   Code   RO         7178    i.xQueueGenericReset  queue.o
    0x080104dc   0x080104dc   0x000001a8   Code   RO         7179    i.xQueueGenericSend  queue.o
    0x08010684   0x08010684   0x000000fc   Code   RO         7180    i.xQueueGenericSendFromISR  queue.o
    0x08010780   0x08010780   0x00000168   Code   RO         7188    i.xQueueReceive     queue.o
    0x080108e8   0x080108e8   0x000000a8   Code   RO         7546    i.xTaskCheckForTimeOut  tasks.o
    0x08010990   0x08010990   0x00000064   Code   RO         7547    i.xTaskCreate       tasks.o
    0x080109f4   0x080109f4   0x000000ba   Code   RO         7548    i.xTaskCreateStatic  tasks.o
    0x08010aae   0x08010aae   0x00000002   PAD
    0x08010ab0   0x08010ab0   0x000000a4   Code   RO         7552    i.xTaskGetHandle    tasks.o
    0x08010b54   0x08010b54   0x00000020   Code   RO         7553    i.xTaskGetSchedulerState  tasks.o
    0x08010b74   0x08010b74   0x0000000c   Code   RO         7554    i.xTaskGetTickCount  tasks.o
    0x08010b80   0x08010b80   0x00000148   Code   RO         7556    i.xTaskIncrementTick  tasks.o
    0x08010cc8   0x08010cc8   0x000000c8   Code   RO         7559    i.xTaskPriorityDisinherit  tasks.o
    0x08010d90   0x08010d90   0x00000098   Code   RO         7561    i.xTaskRemoveFromEventList  tasks.o
    0x08010e28   0x08010e28   0x00000104   Code   RO         7562    i.xTaskResumeAll    tasks.o
    0x08010f2c   0x08010f2c   0x00000078   Code   RO         7886    i.xTimerCreateTimerTask  timers.o
    0x08010fa4   0x08010fa4   0x00000084   Code   RO         7887    i.xTimerGenericCommand  timers.o
    0x08011028   0x08011028   0x00000018   Code   RO         8989    x$fpl$basic         g_wm.l(basic.o)
    0x08011040   0x08011040   0x000002c4   Code   RO         8840    x$fpl$d2f           g_wm.l(d2f_clz.o)
    0x08011304   0x08011304   0x0000024c   Code   RO         8842    x$fpl$dadd          g_wm.l(daddsub_clz.o)
    0x08011550   0x08011550   0x00000018   Code   RO         8991    x$fpl$dcmpinf       g_wm.l(dcmpi.o)
    0x08011568   0x08011568   0x0000037c   Code   RO         8849    x$fpl$ddiv          g_wm.l(ddiv_clz.o)
    0x080118e4   0x080118e4   0x000000c8   Code   RO         9088    x$fpl$dfix          g_wm.l(dfix.o)
    0x080119ac   0x080119ac   0x0000002e   Code   RO         8853    x$fpl$dflt          g_wm.l(dflt_clz.o)
    0x080119da   0x080119da   0x0000001a   Code   RO         8854    x$fpl$dfltn         g_wm.l(dflt_clz.o)
    0x080119f4   0x080119f4   0x00000026   Code   RO         8852    x$fpl$dfltu         g_wm.l(dflt_clz.o)
    0x08011a1a   0x08011a1a   0x00000002   PAD
    0x08011a1c   0x08011a1c   0x00000078   Code   RO         8858    x$fpl$dleqf         g_wm.l(dleqf.o)
    0x08011a94   0x08011a94   0x000001c0   Code   RO         8860    x$fpl$dmul          g_wm.l(dmul_clz.o)
    0x08011c54   0x08011c54   0x00000102   Code   RO         8993    x$fpl$dnaninf       g_wm.l(dnaninf.o)
    0x08011d56   0x08011d56   0x00000070   Code   RO         8995    x$fpl$drenorm       g_wm.l(drenorm_clz.o)
    0x08011dc6   0x08011dc6   0x0000000c   Code   RO         8997    x$fpl$dretinf       g_wm.l(dretinf.o)
    0x08011dd2   0x08011dd2   0x00000002   PAD
    0x08011dd4   0x08011dd4   0x00000050   Code   RO         8843    x$fpl$drsb          g_wm.l(daddsub_clz.o)
    0x08011e24   0x08011e24   0x0000029c   Code   RO         8844    x$fpl$dsub          g_wm.l(daddsub_clz.o)
    0x080120c0   0x080120c0   0x0000017a   Code   RO         8999    x$fpl$dunder        g_wm.l(dunder_clz.o)
    0x0801223a   0x0801223a   0x00000002   PAD
    0x0801223c   0x0801223c   0x000001ec   Code   RO         9001    x$fpl$exception     g_wm.l(except.o)
    0x08012428   0x08012428   0x0000007a   Code   RO         8862    x$fpl$f2d           g_wm.l(f2d.o)
    0x080124a2   0x080124a2   0x000000f2   Code   RO         9003    x$fpl$fnaninf       g_wm.l(fnaninf.o)
    0x08012594   0x08012594   0x0000000a   Code   RO         9179    x$fpl$fpinit        g_wm.l(fpinit.o)
    0x0801259e   0x0801259e   0x0000000a   Code   RO         9005    x$fpl$fretinf       g_wm.l(fretinf.o)
    0x080125a8   0x080125a8   0x0000013c   Code   RO         9007    x$fpl$funder        g_wm.l(funder_clz.o)
    0x080126e4   0x080126e4   0x000000b2   Code   RO         9092    x$fpl$retnan        g_wm.l(retnan.o)
    0x08012796   0x08012796   0x0000007e   Code   RO         9009    x$fpl$trapveneer    g_wm.l(trapv.o)
    0x08012814   0x08012814   0x00000000   Code   RO         9011    x$fpl$usenofp       g_wm.l(usenofp.o)
    0x08012814   0x08012814   0x000000c4   Data   RO          314    .constdata          freertos.o
    0x080128d8   0x080128d8   0x00000018   Data   RO          825    .constdata          system_stm32f4xx.o
    0x080128f0   0x080128f0   0x0000000f   Data   RO         1240    .constdata          calibrate_task.o
    0x080128ff   0x080128ff   0x00000001   PAD
    0x08012900   0x08012900   0x00000028   Data   RO         1757    .constdata          chassis_task.o
    0x08012928   0x08012928   0x00000054   Data   RO         1924    .constdata          detect_task.o
    0x0801297c   0x0801297c   0x00000018   Data   RO         1979    .constdata          ins_task.o
    0x08012994   0x08012994   0x00000012   Data   RO         2366    .constdata          bmi088driver.o
    0x080129a6   0x080129a6   0x0000000c   Data   RO         2581    .constdata          ist8310driver.o
    0x080129b2   0x080129b2   0x00000008   Data   RO         3790    .constdata          stm32f4xx_hal_dma.o
    0x080129ba   0x080129ba   0x00000002   PAD
    0x080129bc   0x080129bc   0x0000000c   Data   RO         8587    .constdata          AHRS.lib(ahrs.o)
    0x080129c8   0x080129c8   0x00000804   Data   RO         8797    .constdata          arm_cortexM4lf_math.lib(arm_common_tables.o)
    0x080131cc   0x080131cc   0x00000004   PAD
    0x080131d0   0x080131d0   0x00000098   Data   RO         8891    .constdata          m_wm.l(atan.o)
    0x08013268   0x08013268   0x00000030   Data   RO         9013    .constdata          m_wm.l(cos_i.o)
    0x08013298   0x08013298   0x00000008   Data   RO         9049    .constdata          m_wm.l(qnan.o)
    0x080132a0   0x080132a0   0x000000c8   Data   RO         9052    .constdata          m_wm.l(rred.o)
    0x08013368   0x08013368   0x00000028   Data   RO         9059    .constdata          m_wm.l(sin_i.o)
    0x08013390   0x08013390   0x00000035   Data   RO          315    .conststring        freertos.o
    0x080133c5   0x080133c5   0x00000003   PAD
    0x080133c8   0x080133c8   0x00000020   Data   RO         9235    Region$$Table       anon$$obj.o


    Execution Region RW_IRAM1 (Exec base: 0x20000000, Load base: 0x080133e8, Size: 0x0000b9f8, Max: 0x00020000, ABSOLUTE, COMPRESSED[0x000000fc])

    Exec Addr    Load Addr    Size         Type   Attr      Idx    E Section Name        Object

    0x20000000   COMPRESSED   0x0000001c   Data   RW          316    .data               freertos.o
    0x2000001c   COMPRESSED   0x00000004   Data   RW          373    .data               can.o
    0x20000020   COMPRESSED   0x00000004   Data   RW          826    .data               system_stm32f4xx.o
    0x20000024   COMPRESSED   0x00000008   Data   RW         1003    .data               bsp_delay.o
    0x2000002c   COMPRESSED   0x00000010   Data   RW         1047    .data               bsp_flash.o
    0x2000003c   COMPRESSED   0x00000008   Data   RW         1130    .data               bsp_led.o
    0x20000044   COMPRESSED   0x00000054   Data   RW         1241    .data               calibrate_task.o
    0x20000098   COMPRESSED   0x00000080   Data   RW         1374    .data               can_receive.o
    0x20000118   COMPRESSED   0x00000011   Data   RW         1644    .data               chassis_behaviour.o
    0x20000129   COMPRESSED   0x00000003   PAD
    0x2000012c   COMPRESSED   0x0000012c   Data   RW         1758    .data               chassis_task.o
    0x20000258   COMPRESSED   0x00000009   Data   RW         1925    .data               detect_task.o
    0x20000261   COMPRESSED   0x00000003   PAD
    0x20000264   COMPRESSED   0x000000a0   Data   RW         1980    .data               ins_task.o
    0x20000304   COMPRESSED   0x0000001c   Data   RW         2157    .data               led_flow_task.o
    0x20000320   COMPRESSED   0x00000006   Data   RW         2202    .data               remote_control.o
    0x20000326   COMPRESSED   0x00000002   PAD
    0x20000328   COMPRESSED   0x0000000a   Data   RW         2267    .data               test_task.o
    0x20000332   COMPRESSED   0x00000002   PAD
    0x20000334   COMPRESSED   0x00000004   Data   RW         2302    .data               encoder_read_tasks.o
    0x20000338   COMPRESSED   0x0000002c   Data   RW         2367    .data               bmi088driver.o
    0x20000364   COMPRESSED   0x00000009   Data   RW         4222    .data               stm32f4xx_hal.o
    0x2000036d   COMPRESSED   0x00000003   PAD
    0x20000370   COMPRESSED   0x0000003c   Data   RW         7565    .data               tasks.o
    0x200003ac   COMPRESSED   0x00000014   Data   RW         7895    .data               timers.o
    0x200003c0   COMPRESSED   0x00000020   Data   RW         8426    .data               heap_4.o
    0x200003e0   COMPRESSED   0x0000000c   Data   RW         8482    .data               port.o
    0x200003ec   COMPRESSED   0x00000054   Data   RW         8552    .data               filter.o
    0x20000440   COMPRESSED   0x00000010   Data   RW         8588    .data               AHRS.lib(ahrs.o)
    0x20000450        -       0x000006a8   Zero   RW          313    .bss                freertos.o
    0x20000af8        -       0x00000050   Zero   RW          372    .bss                can.o
    0x20000b48        -       0x00000054   Zero   RW          444    .bss                i2c.o
    0x20000b9c        -       0x00000020   Zero   RW          486    .bss                rtc.o
    0x20000bbc        -       0x00000230   Zero   RW          529    .bss                spi.o
    0x20000dec        -       0x00000168   Zero   RW          581    .bss                tim.o
    0x20000f54        -       0x000000a4   Zero   RW          648    .bss                usart.o
    0x20000ff8        -       0x00000115   Zero   RW         1239    .bss                calibrate_task.o
    0x2000110d   COMPRESSED   0x00000003   PAD
    0x20001110        -       0x00000080   Zero   RW         1373    .bss                can_receive.o
    0x20001190        -       0x000001e8   Zero   RW         1756    .bss                chassis_task.o
    0x20001378        -       0x0000021c   Zero   RW         1923    .bss                detect_task.o
    0x20001594        -       0x00000134   Zero   RW         1978    .bss                ins_task.o
    0x200016c8        -       0x0000005e   Zero   RW         2201    .bss                remote_control.o
    0x20001726   COMPRESSED   0x00000002   PAD
    0x20001728        -       0x00000020   Zero   RW         3444    .bss                stm32f4xx_hal_flash.o
    0x20001748        -       0x00000040   Zero   RW         7191    .bss                queue.o
    0x20001788        -       0x000000f0   Zero   RW         7564    .bss                tasks.o
    0x20001878        -       0x00000110   Zero   RW         7894    .bss                timers.o
    0x20001988        -       0x00006000   Zero   RW         8425    .bss                heap_4.o
    0x20007988        -       0x00000010   Zero   RW         8551    .bss                filter.o
    0x20007998        -       0x00000060   Zero   RW         9095    .bss                c_w.l(libspace.o)
    0x200079f8        -       0x00002000   Zero   RW            2    HEAP                startup_stm32f407xx.o
    0x200099f8        -       0x00002000   Zero   RW            1    STACK               startup_stm32f407xx.o


==============================================================================

Image component sizes


      Code (inc. data)   RO Data    RW Data    ZI Data      Debug   Object Name

       168          4          0          0          0       6680   ahrs_middleware.o
      2338         40         18         44          0      12491   bmi088driver.o
       140         28          0          0          0       6040   bmi088middleware.o
         0          0          0          0          0     598536   bsp_buzzer.o
        92          8          0          0          0        722   bsp_can.o
       128         20          0          8          0       1736   bsp_delay.o
       674        108          0         16          0       4108   bsp_flash.o
        12          4          0          0          0        634   bsp_imu_pwm.o
       104         22          0          8          0        724   bsp_led.o
       236         22          0          0          0       1927   bsp_rc.o
     10428        170          0          0          0       5926   bsp_spi.o
       604         42         15         84        277      18390   calibrate_task.o
       488         44          0          4         80       3070   can.o
      2238        246          0        128        128     583879   can_receive.o
       140          6          0         17          0       9126   chassis_behaviour.o
      5296        600         40        300        488      24050   chassis_task.o
       142          0          0          0          0      24075   cmsis_os.o
      1336         46         84          9        540       5957   detect_task.o
       152          6          0          0          0       1086   dma.o
       204         36          0          0          0       2536   encoder.o
        44          8          0          4          0       2291   encoder_read_tasks.o
         0          0          0          0          0      20356   event_groups.o
       836         88          0         84         16       2950   filter.o
       256         52        249         28       1704       4011   freertos.o
       456         22          0          0          0       1447   gpio.o
       724         74          0         32      24576       5687   heap_4.o
       260         30          0          0         84       2233   i2c.o
      4280        330         24        160        308     605123   ins_task.o
       148          6         12          0          0       2491   ist8310driver.o
       136         22          0          0          0       4935   ist8310driver_middleware.o
       432         10          0         28          0       2065   led_flow_task.o
       148          0          0          0          0       4382   list.o
       276         10          0          0          0     773772   main.o
       592          8          0          0          0       3034   pid.o
      1014         92          0         12          0      13669   port.o
      1918         20          0          0         64      19536   queue.o
       572         42          0          6         94       5731   remote_control.o
       116         22          0          0         32       2043   rtc.o
       744         66          0          0        560       3418   spi.o
        64         26        392          0      16384        976   startup_stm32f407xx.o
       212         36          0          9          0      10485   stm32f4xx_hal.o
      2134          6          0          0          0      17047   stm32f4xx_hal_can.o
       304         22          0          0          0      35407   stm32f4xx_hal_cortex.o
      1034         16          8          0          0       4572   stm32f4xx_hal_dma.o
       652         64          0          0         32       7338   stm32f4xx_hal_flash.o
       432         26          0          0          0       3942   stm32f4xx_hal_flash_ex.o
       540         50          0          0          0       3287   stm32f4xx_hal_gpio.o
      2856         46          0          0          0      13310   stm32f4xx_hal_i2c.o
        84          6          0          0          0       1106   stm32f4xx_hal_msp.o
      1820         84          0          0          0       6580   stm32f4xx_hal_rcc.o
       416         20          0          0          0       1680   stm32f4xx_hal_rcc_ex.o
       342          4          0          0          0       3955   stm32f4xx_hal_rtc.o
      1078         14          0          0          0       5349   stm32f4xx_hal_spi.o
      1966        142          0          0          0      15651   stm32f4xx_hal_tim.o
       180         30          0          0          0       1608   stm32f4xx_hal_tim_ex.o
       670         10          0          0          0       2268   stm32f4xx_hal_uart.o
       144         24          0          0          0       9197   stm32f4xx_it.o
       100         18         24          4          0       1563   system_stm32f4xx.o
      3718        420          0         60        240      38389   tasks.o
       108         18          0         10          0       2344   test_task.o
      1400        126          0          0        360       6734   tim.o
      1318        124          0         20        272      33027   timers.o
       284         32          0          0        164       2305   usart.o
       216          4          0          0          0       3754   user_lib.o

    ----------------------------------------------------------------------
     59998       3722        904       1088      46408    3022741   Object Totals
         0          0         32          0          0          0   (incl. Generated)
        54          0          6         13          5          0   (incl. Padding)

    ----------------------------------------------------------------------

      Code (inc. data)   RO Data    RW Data    ZI Data      Debug   Library Member Name

      2718         84         12         16          0       9922   ahrs.o
         0          0       2052          0          0       4636   arm_common_tables.o
       120         12          0          0          0      16970   arm_cos_f32.o
       116         12          0          0          0        658   arm_sin_f32.o
        90          0          0          0          0          0   __dczerorl2.o
         8          0          0          0          0         68   __main.o
         0          0          0          0          0          0   __rtentry.o
        12          0          0          0          0          0   __rtentry2.o
         6          0          0          0          0          0   __rtentry4.o
        52          8          0          0          0          0   __scatter.o
        28          0          0          0          0          0   __scatter_zi.o
        48          4          0          0          0         84   _fptrap.o
        22          0          0          0          0        100   _rserrno.o
        16          0          0          0          0         68   aeabi_memset.o
        10          0          0          0          0         68   defsig_exit.o
       172        110          0          0          0         76   defsig_fpe_inner.o
        14          0          0          0          0         80   defsig_fpe_outer.o
        50          0          0          0          0         88   defsig_general.o
        18          0          0          0          0         80   exit.o
         6          0          0          0          0        152   heapauxi.o
         0          0          0          0          0          0   indicate_semi.o
         2          0          0          0          0          0   libinit.o
         6          0          0          0          0          0   libinit2.o
         2          0          0          0          0          0   libshutdown.o
         2          0          0          0          0          0   libshutdown2.o
         8          4          0          0         96         68   libspace.o
       238          0          0          0          0        100   lludivv7m.o
         8          4          0          0          0         68   rt_errno_addr_intlibspace.o
        68          0          0          0          0         68   rt_memclr.o
        78          0          0          0          0         80   rt_memclr_w.o
       138          0          0          0          0         68   rt_memcpy_v6.o
       100          0          0          0          0         80   rt_memcpy_w.o
         2          0          0          0          0          0   rtexit.o
        10          0          0          0          0          0   rtexit2.o
        62          0          0          0          0         76   strlen.o
        12          4          0          0          0         68   sys_exit.o
        74          0          0          0          0         80   sys_stackheap_outer.o
        14          0          0          0          0         76   sys_wrch.o
         2          0          0          0          0         68   use_no_semi.o
        24          0          0          0          0        164   basic.o
       708         16          0          0          0        140   d2f_clz.o
      1336         32          0          0          0        532   daddsub_clz.o
        24          0          0          0          0        116   dcmpi.o
       892        152          0          0          0        292   ddiv_clz.o
       200         16          0          0          0        184   dfix.o
       110          0          0          0          0        348   dflt_clz.o
       120          8          0          0          0        140   dleqf.o
       448         16          0          0          0        164   dmul_clz.o
       258          4          0          0          0        156   dnaninf.o
       112          0          0          0          0        160   drenorm_clz.o
        12          0          0          0          0        116   dretinf.o
       378          0          0          0          0        168   dunder_clz.o
       492         36          0          0          0        148   except.o
       122          8          0          0          0        132   f2d.o
       242          4          0          0          0        144   fnaninf.o
        10          0          0          0          0        116   fpinit.o
        10          0          0          0          0        116   fretinf.o
       316          0          0          0          0        132   funder_clz.o
       178          0          0          0          0        116   retnan.o
       126          0          0          0          0        148   trapv.o
         0          0          0          0          0          0   usenofp.o
       300         42          0          0          0        176   asinf.o
       744        106        152          0          0        352   atan.o
       496         64          0          0          0        192   atan2.o
       592         90          0          0          0        184   atan2f.o
       200         20          0          0          0        164   cos.o
       368         46         48          0          0        200   cos_i.o
       104         16          0          0          0        496   dunder.o
        44          0          0          0          0        248   fabs.o
        48          0          0          0          0        124   fpclassify.o
        38          0          0          0          0        116   fpclassifyf.o
        44         12          0          0          0        464   funder.o
       248          0          0          0          0        152   poly.o
         0          0          8          0          0          0   qnan.o
      1080        142        200          0          0        188   rred.o
       200         20          0          0          0        164   sin.o
       304         24         40          0          0        208   sin_i.o
       120          0          0          0          0        272   sqrtf_full.o

    ----------------------------------------------------------------------
     15406       1116       2516         16         96      41382   Library Totals
        26          0          4          0          0          0   (incl. Padding)

    ----------------------------------------------------------------------

      Code (inc. data)   RO Data    RW Data    ZI Data      Debug   Library Name

      2718         84         12         16          0       9922   AHRS.lib
       236         24       2052          0          0      22264   arm_cortexM4lf_math.lib
      1378        134          0          0         96       1764   c_w.l
      6118        292          0          0          0       3732   g_wm.l
      4930        582        448          0          0       3700   m_wm.l

    ----------------------------------------------------------------------
     15406       1116       2516         16         96      41382   Library Totals

    ----------------------------------------------------------------------

==============================================================================


      Code (inc. data)   RO Data    RW Data    ZI Data      Debug   

     75404       4838       3420       1104      46504    3025487   Grand Totals
     75404       4838       3420        252      46504    3025487   ELF Image Totals (compressed)
     75404       4838       3420        252          0          0   ROM Totals

==============================================================================

    Total RO  Size (Code + RO Data)                78824 (  76.98kB)
    Total RW  Size (RW Data + ZI Data)             47608 (  46.49kB)
    Total ROM Size (Code + RO Data + RW Data)      79076 (  77.22kB)

==============================================================================

