Component: ARM Compiler 5.06 update 6 (build 750) Tool: armlink [4d35ed]

==============================================================================

Section Cross References

    startup_stm32f407xx.o(STACK) refers (Special) to heapauxi.o(.text) for __use_two_region_memory
    startup_stm32f407xx.o(HEAP) refers (Special) to heapauxi.o(.text) for __use_two_region_memory
    startup_stm32f407xx.o(RESET) refers (Special) to heapauxi.o(.text) for __use_two_region_memory
    startup_stm32f407xx.o(RESET) refers to startup_stm32f407xx.o(STACK) for __initial_sp
    startup_stm32f407xx.o(RESET) refers to startup_stm32f407xx.o(.text) for Reset_Handler
    startup_stm32f407xx.o(RESET) refers to stm32f4xx_it.o(i.NMI_Handler) for NMI_Handler
    startup_stm32f407xx.o(RESET) refers to stm32f4xx_it.o(i.HardFault_Handler) for HardFault_Handler
    startup_stm32f407xx.o(RESET) refers to stm32f4xx_it.o(i.MemManage_Handler) for MemManage_Handler
    startup_stm32f407xx.o(RESET) refers to stm32f4xx_it.o(i.BusFault_Handler) for BusFault_Handler
    startup_stm32f407xx.o(RESET) refers to stm32f4xx_it.o(i.UsageFault_Handler) for UsageFault_Handler
    startup_stm32f407xx.o(RESET) refers to port.o(.emb_text) for SVC_Handler
    startup_stm32f407xx.o(RESET) refers to stm32f4xx_it.o(i.DebugMon_Handler) for DebugMon_Handler
    startup_stm32f407xx.o(RESET) refers to stm32f4xx_it.o(i.SysTick_Handler) for SysTick_Handler
    startup_stm32f407xx.o(RESET) refers to stm32f4xx_it.o(i.EXTI0_IRQHandler) for EXTI0_IRQHandler
    startup_stm32f407xx.o(RESET) refers to stm32f4xx_it.o(i.EXTI3_IRQHandler) for EXTI3_IRQHandler
    startup_stm32f407xx.o(RESET) refers to stm32f4xx_it.o(i.EXTI4_IRQHandler) for EXTI4_IRQHandler
    startup_stm32f407xx.o(RESET) refers to stm32f4xx_it.o(i.DMA1_Stream3_IRQHandler) for DMA1_Stream3_IRQHandler
    startup_stm32f407xx.o(RESET) refers to stm32f4xx_it.o(i.DMA1_Stream4_IRQHandler) for DMA1_Stream4_IRQHandler
    startup_stm32f407xx.o(RESET) refers to stm32f4xx_it.o(i.CAN1_RX0_IRQHandler) for CAN1_RX0_IRQHandler
    startup_stm32f407xx.o(RESET) refers to stm32f4xx_it.o(i.EXTI9_5_IRQHandler) for EXTI9_5_IRQHandler
    startup_stm32f407xx.o(RESET) refers to remote_control.o(i.USART3_IRQHandler) for USART3_IRQHandler
    startup_stm32f407xx.o(RESET) refers to ins_task.o(i.DMA2_Stream2_IRQHandler) for DMA2_Stream2_IRQHandler
    startup_stm32f407xx.o(RESET) refers to stm32f4xx_it.o(i.CAN2_RX0_IRQHandler) for CAN2_RX0_IRQHandler
    startup_stm32f407xx.o(.text) refers (Special) to heapauxi.o(.text) for __use_two_region_memory
    startup_stm32f407xx.o(.text) refers to system_stm32f4xx.o(i.SystemInit) for SystemInit
    startup_stm32f407xx.o(.text) refers to __main.o(!!!main) for __main
    startup_stm32f407xx.o(.text) refers to startup_stm32f407xx.o(HEAP) for Heap_Mem
    startup_stm32f407xx.o(.text) refers to startup_stm32f407xx.o(STACK) for Stack_Mem
    main.o(i.SystemClock_Config) refers to rt_memclr_w.o(.text) for __aeabi_memclr4
    main.o(i.SystemClock_Config) refers to stm32f4xx_hal_rcc.o(i.HAL_RCC_OscConfig) for HAL_RCC_OscConfig
    main.o(i.SystemClock_Config) refers to main.o(i.Error_Handler) for Error_Handler
    main.o(i.SystemClock_Config) refers to stm32f4xx_hal_rcc.o(i.HAL_RCC_ClockConfig) for HAL_RCC_ClockConfig
    main.o(i.main) refers to stm32f4xx_hal.o(i.HAL_Init) for HAL_Init
    main.o(i.main) refers to main.o(i.SystemClock_Config) for SystemClock_Config
    main.o(i.main) refers to gpio.o(i.MX_GPIO_Init) for MX_GPIO_Init
    main.o(i.main) refers to dma.o(i.MX_DMA_Init) for MX_DMA_Init
    main.o(i.main) refers to can.o(i.MX_CAN1_Init) for MX_CAN1_Init
    main.o(i.main) refers to can.o(i.MX_CAN2_Init) for MX_CAN2_Init
    main.o(i.main) refers to spi.o(i.MX_SPI1_Init) for MX_SPI1_Init
    main.o(i.main) refers to tim.o(i.MX_TIM4_Init) for MX_TIM4_Init
    main.o(i.main) refers to tim.o(i.MX_TIM5_Init) for MX_TIM5_Init
    main.o(i.main) refers to usart.o(i.MX_USART3_UART_Init) for MX_USART3_UART_Init
    main.o(i.main) refers to tim.o(i.MX_TIM8_Init) for MX_TIM8_Init
    main.o(i.main) refers to i2c.o(i.MX_I2C3_Init) for MX_I2C3_Init
    main.o(i.main) refers to rtc.o(i.MX_RTC_Init) for MX_RTC_Init
    main.o(i.main) refers to tim.o(i.MX_TIM3_Init) for MX_TIM3_Init
    main.o(i.main) refers to tim.o(i.MX_TIM10_Init) for MX_TIM10_Init
    main.o(i.main) refers to spi.o(i.MX_SPI2_Init) for MX_SPI2_Init
    main.o(i.main) refers to bsp_can.o(i.can_filter_init) for can_filter_init
    main.o(i.main) refers to bsp_delay.o(i.delay_init) for delay_init
    main.o(i.main) refers to remote_control.o(i.remote_control_init) for remote_control_init
    main.o(i.main) refers to freertos.o(i.MX_FREERTOS_Init) for MX_FREERTOS_Init
    main.o(i.main) refers to cmsis_os.o(i.osKernelStart) for osKernelStart
    main.o(i.main) refers to stm32f4xx_hal.o(i.HAL_Delay) for HAL_Delay
[...]
    _drsb                                    0x08011ab1   Thumb Code    74  daddsub_clz.o(x$fpl$drsb)
    __aeabi_dsub                             0x08011b01   Thumb Code     0  daddsub_clz.o(x$fpl$dsub)
    _dsub                                    0x08011b01   Thumb Code   664  daddsub_clz.o(x$fpl$dsub)
    __dunder                                 0x08011d9d   Thumb Code   314  dunder_clz.o(x$fpl$dunder)
    __dunder_d                               0x08011ed7   Thumb Code    64  dunder_clz.o(x$fpl$dunder)
    __fpl_exception                          0x08011f19   Thumb Code   454  except.o(x$fpl$exception)
    __aeabi_f2d                              0x08012105   Thumb Code     0  f2d.o(x$fpl$f2d)
    _f2d                                     0x08012105   Thumb Code   122  f2d.o(x$fpl$f2d)
    __fpl_fnaninf                            0x0801217f   Thumb Code   242  fnaninf.o(x$fpl$fnaninf)
    _fp_init                                 0x08012271   Thumb Code    10  fpinit.o(x$fpl$fpinit)
    __fplib_config_fpu_vfp                   0x08012279   Thumb Code     0  fpinit.o(x$fpl$fpinit)
    __fplib_config_pureend_doubles           0x08012279   Thumb Code     0  fpinit.o(x$fpl$fpinit)
    __fpl_fretinf                            0x0801227b   Thumb Code    10  fretinf.o(x$fpl$fretinf)
    __funder                                 0x08012285   Thumb Code   254  funder_clz.o(x$fpl$funder)
    __funder_d                               0x08012383   Thumb Code    62  funder_clz.o(x$fpl$funder)
    __fpl_return_NaN                         0x080123c1   Thumb Code   178  retnan.o(x$fpl$retnan)
    _fp_trapveneer                           0x08012473   Thumb Code    36  trapv.o(x$fpl$trapveneer)
    __fpl_cmpreturn                          0x08012497   Thumb Code    90  trapv.o(x$fpl$trapveneer)
    __I$use$fp                               0x080124f0   Number         0  usenofp.o(x$fpl$usenofp)
    AHBPrescTable                            0x080125b4   Data          16  system_stm32f4xx.o(.constdata)
    APBPrescTable                            0x080125c4   Data           8  system_stm32f4xx.o(.constdata)
    sinTable_f32                             0x080126a4   Data        2052  arm_common_tables.o(.constdata)
    __mathlib_zero                           0x08012f70   Data           8  qnan.o(.constdata)
    Region$$Table$$Base                      0x080130a0   Number         0  anon$$obj.o(Region$$Table)
    Region$$Table$$Limit                     0x080130c0   Number         0  anon$$obj.o(Region$$Table)
    calibrate_tast_handle                    0x20000000   Data           4  freertos.o(.data)
    chassisTaskHandle                        0x20000004   Data           4  freertos.o(.data)
    detect_handle                            0x20000008   Data           4  freertos.o(.data)
    imuTaskHandle                            0x2000000c   Data           4  freertos.o(.data)
    led_RGB_flow_handle                      0x20000010   Data           4  freertos.o(.data)
    Enchandle                                0x20000014   Data           4  freertos.o(.data)
    testHandle                               0x20000018   Data           4  freertos.o(.data)
    SystemCoreClock                          0x20000020   Data           4  system_stm32f4xx.o(.data)
    calibrate_task_stack                     0x20000044   Data           4  calibrate_task.o(.data)
    cali_hook_fun                            0x20000070   Data          20  calibrate_task.o(.data)
    rx6001_can_data                          0x20000098   Data           8  can_receive.o(.data)
    feedback_data                            0x200000a0   Data           4  can_receive.o(.data)
    motor2_errcnt                            0x200000b4   Data           4  can_receive.o(.data)
    interpolation_step                       0x200000b8   Data           4  can_receive.o(.data)
    kp_position                              0x200000bc   Data           4  can_receive.o(.data)
    ki_position                              0x200000c0   Data           4  can_receive.o(.data)
    kd_position                              0x200000c4   Data           4  can_receive.o(.data)
    kp_speed                                 0x200000c8   Data           4  can_receive.o(.data)
    ki_speed                                 0x200000cc   Data           4  can_receive.o(.data)
    kd_speed                                 0x200000d0   Data           4  can_receive.o(.data)
    position_integral                        0x200000d4   Data           4  can_receive.o(.data)
    last_position_error                      0x200000d8   Data           4  can_receive.o(.data)
    speed_integral                           0x200000dc   Data           4  can_receive.o(.data)
    last_speed_error                         0x200000e0   Data           4  can_receive.o(.data)
    pwm_Z                                    0x200000e4   Data           4  can_receive.o(.data)
    pwm_F                                    0x200000e8   Data           4  can_receive.o(.data)
    last_set_angle                           0x200000ec   Data           2  can_receive.o(.data)
    pwm                                      0x200000ee   Data           2  can_receive.o(.data)
    previous_set_angle                       0x200000f0   Data           4  can_receive.o(.data)
    position_error                           0x200000f4   Data           4  can_receive.o(.data)
    speed_error                              0x200000f8   Data           4  can_receive.o(.data)
    fb_seesee                                0x200000fc   Data           4  can_receive.o(.data)
    fb_seespeed                              0x20000100   Data           4  can_receive.o(.data)
    use_set_angle                            0x20000104   Data           4  can_receive.o(.data)
    chassis_behaviour_mode                   0x20000108   Data           1  chassis_behaviour.o(.data)
    ZHONGZHI                                 0x2000011c   Data           4  chassis_task.o(.data)
    Balance_Pwm                              0x20000120   Data           4  chassis_task.o(.data)
    Velocity_Pwm                             0x20000124   Data           4  chassis_task.o(.data)
    Turn_Pwm                                 0x20000128   Data           4  chassis_task.o(.data)
    Turn_ZPwm                                0x2000012c   Data           4  chassis_task.o(.data)
    Flag_Target                              0x20000130   Data           2  chassis_task.o(.data)
    TURN_FLAG                                0x20000132   Data           2  chassis_task.o(.data)
    Flash_R_Count                            0x20000134   Data           4  chassis_task.o(.data)
    Voltage_Temp                             0x20000138   Data           4  chassis_task.o(.data)
    Voltage_Count                            0x2000013c   Data           4  chassis_task.o(.data)
    Voltage_All                              0x20000140   Data           4  chassis_task.o(.data)
    Way_Angle                                0x20000144   Data           1  chassis_task.o(.data)
    Flag_Qian                                0x20000145   Data           1  chassis_task.o(.data)
    Flag_Hou                                 0x20000146   Data           1  chassis_task.o(.data)
    Flag_Left                                0x20000147   Data           1  chassis_task.o(.data)
    Flag_Right                               0x20000148   Data           1  chassis_task.o(.data)
    Flag_sudu                                0x20000149   Data           1  chassis_task.o(.data)
    Flag_Stop                                0x2000014a   Data           1  chassis_task.o(.data)
    Flag_Show                                0x2000014b   Data           1  chassis_task.o(.data)
    Encoder_Left                             0x2000014c   Data           4  chassis_task.o(.data)
    Encoder_Right                            0x20000150   Data           4  chassis_task.o(.data)
    Moto1                                    0x20000154   Data           4  chassis_task.o(.data)
    Moto2                                    0x20000158   Data           4  chassis_task.o(.data)
    Temperature                              0x2000015c   Data           4  chassis_task.o(.data)
    Voltage                                  0x20000160   Data           4  chassis_task.o(.data)
    Angle_Balance                            0x20000164   Data           4  chassis_task.o(.data)
    Gyro_Balance                             0x20000168   Data           4  chassis_task.o(.data)
    Angle_Z                                  0x2000016c   Data           4  chassis_task.o(.data)
    Gyro_Turn                                0x20000170   Data           4  chassis_task.o(.data)
    Show_Data_Mb                             0x20000174   Data           4  chassis_task.o(.data)
    Distance                                 0x20000178   Data           4  chassis_task.o(.data)
    delay_50                                 0x2000017c   Data           1  chassis_task.o(.data)
    delay_flag                               0x2000017d   Data           1  chassis_task.o(.data)
    Bi_zhang                                 0x2000017e   Data           1  chassis_task.o(.data)
    PID_Send                                 0x2000017f   Data           1  chassis_task.o(.data)
    Flash_Send                               0x20000180   Data           1  chassis_task.o(.data)
    Acceleration_Z                           0x20000184   Data           4  chassis_task.o(.data)
    Balance_Kp                               0x20000188   Data           4  chassis_task.o(.data)
    Balance_Kd                               0x2000018c   Data           4  chassis_task.o(.data)
    Velocity_Kp                              0x20000190   Data           4  chassis_task.o(.data)
    Velocity_Ki                              0x20000194   Data           4  chassis_task.o(.data)
    X_x                                      0x20000198   Data           4  chassis_task.o(.data)
    Y_y                                      0x2000019c   Data           4  chassis_task.o(.data)
    phy                                      0x200001a0   Data           4  chassis_task.o(.data)
    beta                                     0x200001a4   Data           4  chassis_task.o(.data)
    Yaw_Angle                                0x200001a8   Data           4  chassis_task.o(.data)
    Yaw_Anglelast                            0x200001ac   Data           4  chassis_task.o(.data)
    Enc_Dir                                  0x200001b0   Data           4  chassis_task.o(.data)
    Target_Velocity                          0x200001b4   Data           4  chassis_task.o(.data)
    Target_vx                                0x200001b8   Data           4  chassis_task.o(.data)
    Target_vy                                0x200001bc   Data           4  chassis_task.o(.data)
    Target_Yaw                               0x200001c0   Data           4  chassis_task.o(.data)
    Target_Wz                                0x200001c4   Data           4  chassis_task.o(.data)
    i_Gz                                     0x200001c8   Data           4  chassis_task.o(.data)
    Velocity_Count                           0x200001cc   Data           4  chassis_task.o(.data)
    sw_L                                     0x200001d0   Data           4  chassis_task.o(.data)
    sw_L_last                                0x200001d4   Data           4  chassis_task.o(.data)
    Balance_Flag                             0x200001d8   Data           4  chassis_task.o(.data)
    sw_R                                     0x200001dc   Data           4  chassis_task.o(.data)
    sw_R_last                                0x200001e0   Data           4  chassis_task.o(.data)
    Encoder_Dif                              0x200001e4   Data           4  chassis_task.o(.data)
    turnPre                                  0x200001e8   Data           1  chassis_task.o(.data)
    lastTarAng                               0x200001ec   Data           4  chassis_task.o(.data)
    e_yaw                                    0x200001f0   Data           4  chassis_task.o(.data)
    chassis_high_water                       0x200001f4   Data           4  chassis_task.o(.data)
    position6001                             0x200001f8   Data           2  chassis_task.o(.data)
    speed6001                                0x200001fa   Data           2  chassis_task.o(.data)
    Use_Target_Yaw                           0x200001fc   Data           2  chassis_task.o(.data)
    need_yaw                                 0x20000200   Data           4  chassis_task.o(.data)
    detect_task_stack                        0x20000248   Data           4  detect_task.o(.data)
    gyro_dma_rx_buf                          0x20000258   Data           8  ins_task.o(.data)
    gyro_dma_tx_buf                          0x20000260   Data           8  ins_task.o(.data)
    accel_dma_tx_buf                         0x20000268   Data           9  ins_task.o(.data)
    accel_temp_dma_rx_buf                    0x20000271   Data           4  ins_task.o(.data)
    accel_temp_dma_tx_buf                    0x20000275   Data           4  ins_task.o(.data)
    gyro_update_flag                         0x20000279   Data           1  ins_task.o(.data)
    accel_update_flag                        0x2000027a   Data           1  ins_task.o(.data)
    accel_temp_update_flag                   0x2000027b   Data           1  ins_task.o(.data)
    mag_update_flag                          0x2000027c   Data           1  ins_task.o(.data)
    imu_start_dma_flag                       0x2000027d   Data           1  ins_task.o(.data)
    gyro_scale_factor                        0x20000280   Data          36  ins_task.o(.data)
    accel_scale_factor                       0x200002a4   Data          36  ins_task.o(.data)
    mag_scale_factor                         0x200002c8   Data          36  ins_task.o(.data)
    RGB_flow_color                           0x200002f4   Data          28  led_flow_task.o(.data)
    resDataOnce                              0x20000310   Data           4  remote_control.o(.data)
    error_list_test_local                    0x20000318   Data           4  test_task.o(.data)
    fbAngle                                  0x20000324   Data           4  encoder_read_tasks.o(.data)
    BMI088_ACCEL_SEN                         0x20000328   Data           4  bmi088driver.o(.data)
    BMI088_GYRO_SEN                          0x2000032c   Data           4  bmi088driver.o(.data)
    uwTick                                   0x20000354   Data           4  stm32f4xx_hal.o(.data)
    uwTickPrio                               0x20000358   Data           4  stm32f4xx_hal.o(.data)
    uwTickFreq                               0x2000035c   Data           1  stm32f4xx_hal.o(.data)
    pxCurrentTCB                             0x20000360   Data           4  tasks.o(.data)
    K1                                       0x200003dc   Data           4  filter.o(.data)
    angle                                    0x200003e0   Data           4  filter.o(.data)
    angle_dot                                0x200003e4   Data           4  filter.o(.data)
    Q_angle                                  0x200003e8   Data           4  filter.o(.data)
    Q_gyro                                   0x200003ec   Data           4  filter.o(.data)
    R_angle                                  0x200003f0   Data           4  filter.o(.data)
    dt                                       0x200003f4   Data           4  filter.o(.data)
    C_0                                      0x200003f8   Data           1  filter.o(.data)
    Q_bias                                   0x200003fc   Data           4  filter.o(.data)
    Angle_err                                0x20000400   Data           4  filter.o(.data)
    PCt_0                                    0x20000404   Data           4  filter.o(.data)
    PCt_1                                    0x20000408   Data           4  filter.o(.data)
    E                                        0x2000040c   Data           4  filter.o(.data)
    K_0                                      0x20000410   Data           4  filter.o(.data)
    K_1                                      0x20000414   Data           4  filter.o(.data)
    t_0                                      0x20000418   Data           4  filter.o(.data)
    t_1                                      0x2000041c   Data           4  filter.o(.data)
    PP                                       0x20000420   Data          16  filter.o(.data)
    hcan1                                    0x20000ae8   Data          40  can.o(.bss)
    hcan2                                    0x20000b10   Data          40  can.o(.bss)
    hi2c3                                    0x20000b38   Data          84  i2c.o(.bss)
    hrtc                                     0x20000b8c   Data          32  rtc.o(.bss)
    hspi1                                    0x20000bac   Data          88  spi.o(.bss)
    hspi2                                    0x20000c04   Data          88  spi.o(.bss)
    hdma_spi1_rx                             0x20000c5c   Data          96  spi.o(.bss)
    hdma_spi1_tx                             0x20000cbc   Data          96  spi.o(.bss)
    hdma_spi2_rx                             0x20000d1c   Data          96  spi.o(.bss)
    hdma_spi2_tx                             0x20000d7c   Data          96  spi.o(.bss)
    htim3                                    0x20000ddc   Data          72  tim.o(.bss)
    htim4                                    0x20000e24   Data          72  tim.o(.bss)
    htim5                                    0x20000e6c   Data          72  tim.o(.bss)
    htim8                                    0x20000eb4   Data          72  tim.o(.bss)
    htim10                                   0x20000efc   Data          72  tim.o(.bss)
    huart3                                   0x20000f44   Data          68  usart.o(.bss)
    hdma_usart3_rx                           0x20000f88   Data          96  usart.o(.bss)
    cali_sensor                              0x200010bc   Data          65  calibrate_task.o(.bss)
    PID_Parameter                            0x20001180   Data          20  chassis_task.o(.bss)
    Flash_Parameter                          0x20001194   Data          20  chassis_task.o(.bss)
    chassis_move                             0x200011a8   Data         448  chassis_task.o(.bss)
    error_list                               0x20001368   Data         540  detect_task.o(.bss)
    accel_dma_rx_buf                         0x20001584   Data           9  ins_task.o(.bss)
    bmi088_real_data                         0x20001590   Data          36  ins_task.o(.bss)
    gyro_offset                              0x200015b4   Data          12  ins_task.o(.bss)
    gyro_cali_offset                         0x200015c0   Data          12  ins_task.o(.bss)
    accel_offset                             0x200015cc   Data          12  ins_task.o(.bss)
    accel_cali_offset                        0x200015d8   Data          12  ins_task.o(.bss)
    ist8310_real_data                        0x200015e4   Data          16  ins_task.o(.bss)
    mag_offset                               0x200015f4   Data          12  ins_task.o(.bss)
    mag_cali_offset                          0x20001600   Data          12  ins_task.o(.bss)
    INS_angle                                0x200016ac   Data          12  ins_task.o(.bss)
    rc_ctrl                                  0x200016b8   Data          22  remote_control.o(.bss)
    pFlash                                   0x20001718   Data          32  stm32f4xx_hal_flash.o(.bss)
    xQueueRegistry                           0x20001738   Data          64  queue.o(.bss)
    Pdot                                     0x20007978   Data          16  filter.o(.bss)
    __libspace_start                         0x20007988   Data          96  libspace.o(.bss)
    __temporary_stack_top$libspace           0x200079e8   Data           0  libspace.o(.bss)



==============================================================================

Memory Map of the image

  Image Entry point : 0x08000189

  Load Region LR_IROM1 (Base: 0x08000000, Size: 0x00013500, Max: 0x00100000, ABSOLUTE, COMPRESSED[0x000131b8])

    Execution Region ER_IROM1 (Exec base: 0x08000000, Load base: 0x08000000, Size: 0x000130c0, Max: 0x00100000, ABSOLUTE)

    Exec Addr    Load Addr    Size         Type   Attr      Idx    E Section Name        Object

    0x08000000   0x08000000   0x00000188   Data   RO            3    RESET               startup_stm32f407xx.o
    0x08000188   0x08000188   0x00000008   Code   RO         8631  * !!!main             c_w.l(__main.o)
    0x08000190   0x08000190   0x00000034   Code   RO         9032    !!!scatter          c_w.l(__scatter.o)
    0x080001c4   0x080001c4   0x0000005a   Code   RO         9030    !!dczerorl2         c_w.l(__dczerorl2.o)
    0x0800021e   0x0800021e   0x00000002   PAD
    0x08000220   0x08000220   0x0000001c   Code   RO         9034    !!handler_zi        c_w.l(__scatter_zi.o)
    0x0800023c   0x0800023c   0x00000002   Code   RO         8903    .ARM.Collect$$libinit$$00000000  c_w.l(libinit.o)
    0x0800023e   0x0800023e   0x00000004   Code   RO         8912    .ARM.Collect$$libinit$$00000001  c_w.l(libinit2.o)
    0x08000242   0x08000242   0x00000000   Code   RO         8915    .ARM.Collect$$libinit$$00000004  c_w.l(libinit2.o)
    0x08000242   0x08000242   0x00000000   Code   RO         8918    .ARM.Collect$$libinit$$0000000A  c_w.l(libinit2.o)
    0x08000242   0x08000242   0x00000000   Code   RO         8920    .ARM.Collect$$libinit$$0000000C  c_w.l(libinit2.o)
    0x08000242   0x08000242   0x00000000   Code   RO         8922    .ARM.Collect$$libinit$$0000000E  c_w.l(libinit2.o)
    0x08000242   0x08000242   0x00000000   Code   RO         8925    .ARM.Collect$$libinit$$00000011  c_w.l(libinit2.o)
    0x08000242   0x08000242   0x00000000   Code   RO         8927    .ARM.Collect$$libinit$$00000013  c_w.l(libinit2.o)
    0x08000242   0x08000242   0x00000000   Code   RO         8929    .ARM.Collect$$libinit$$00000015  c_w.l(libinit2.o)
    0x08000242   0x08000242   0x00000000   Code   RO         8931    .ARM.Collect$$libinit$$00000017  c_w.l(libinit2.o)
    0x08000242   0x08000242   0x00000000   Code   RO         8933    .ARM.Collect$$libinit$$00000019  c_w.l(libinit2.o)
    0x08000242   0x08000242   0x00000000   Code   RO         8935    .ARM.Collect$$libinit$$0000001B  c_w.l(libinit2.o)
    0x08000242   0x08000242   0x00000000   Code   RO         8937    .ARM.Collect$$libinit$$0000001D  c_w.l(libinit2.o)
    0x08000242   0x08000242   0x00000000   Code   RO         8939    .ARM.Collect$$libinit$$0000001F  c_w.l(libinit2.o)
    0x08000242   0x08000242   0x00000000   Code   RO         8941    .ARM.Collect$$libinit$$00000021  c_w.l(libinit2.o)
    0x08000242   0x08000242   0x00000000   Code   RO         8943    .ARM.Collect$$libinit$$00000023  c_w.l(libinit2.o)
    0x08000242   0x08000242   0x00000000   Code   RO         8945    .ARM.Collect$$libinit$$00000025  c_w.l(libinit2.o)
    0x08000242   0x08000242   0x00000000   Code   RO         8949    .ARM.Collect$$libinit$$0000002C  c_w.l(libinit2.o)
    0x08000242   0x08000242   0x00000000   Code   RO         8951    .ARM.Collect$$libinit$$0000002E  c_w.l(libinit2.o)
    0x08000242   0x08000242   0x00000000   Code   RO         8953    .ARM.Collect$$libinit$$00000030  c_w.l(libinit2.o)
    0x08000242   0x08000242   0x00000000   Code   RO         8955    .ARM.Collect$$libinit$$00000032  c_w.l(libinit2.o)
    0x08000242   0x08000242   0x00000002   Code   RO         8956    .ARM.Collect$$libinit$$00000033  c_w.l(libinit2.o)
    0x08000244   0x08000244   0x00000002   Code   RO         8987    .ARM.Collect$$libshutdown$$00000000  c_w.l(libshutdown.o)
    0x08000246   0x08000246   0x00000000   Code   RO         9013    .ARM.Collect$$libshutdown$$00000002  c_w.l(libshutdown2.o)
    0x08000246   0x08000246   0x00000000   Code   RO         9015    .ARM.Collect$$libshutdown$$00000004  c_w.l(libshutdown2.o)
    0x08000246   0x08000246   0x00000000   Code   RO         9018    .ARM.Collect$$libshutdown$$00000007  c_w.l(libshutdown2.o)
    0x08000246   0x08000246   0x00000000   Code   RO         9021    .ARM.Collect$$libshutdown$$0000000A  c_w.l(libshutdown2.o)
    0x08000246   0x08000246   0x00000000   Code   RO         9023    .ARM.Collect$$libshutdown$$0000000C  c_w.l(libshutdown2.o)
    0x08000246   0x08000246   0x00000000   Code   RO         9026    .ARM.Collect$$libshutdown$$0000000F  c_w.l(libshutdown2.o)
    0x08000246   0x08000246   0x00000002   Code   RO         9027    .ARM.Collect$$libshutdown$$00000010  c_w.l(libshutdown2.o)
    0x08000248   0x08000248   0x00000000   Code   RO         8773    .ARM.Collect$$rtentry$$00000000  c_w.l(__rtentry.o)
    0x08000248   0x08000248   0x00000000   Code   RO         8858    .ARM.Collect$$rtentry$$00000002  c_w.l(__rtentry2.o)
    0x08000248   0x08000248   0x00000006   Code   RO         8870    .ARM.Collect$$rtentry$$00000004  c_w.l(__rtentry4.o)
    0x0800024e   0x0800024e   0x00000000   Code   RO         8860    .ARM.Collect$$rtentry$$00000009  c_w.l(__rtentry2.o)
    0x0800024e   0x0800024e   0x00000004   Code   RO         8861    .ARM.Collect$$rtentry$$0000000A  c_w.l(__rtentry2.o)
    0x08000252   0x08000252   0x00000000   Code   RO         8863    .ARM.Collect$$rtentry$$0000000C  c_w.l(__rtentry2.o)
    0x08000252   0x08000252   0x00000008   Code   RO         8864    .ARM.Collect$$rtentry$$0000000D  c_w.l(__rtentry2.o)
    0x0800025a   0x0800025a   0x00000002   Code   RO         8904    .ARM.Collect$$rtexit$$00000000  c_w.l(rtexit.o)
    0x0800025c   0x0800025c   0x00000000   Code   RO         8960    .ARM.Collect$$rtexit$$00000002  c_w.l(rtexit2.o)
    0x0800025c   0x0800025c   0x00000004   Code   RO         8961    .ARM.Collect$$rtexit$$00000003  c_w.l(rtexit2.o)
    0x08000260   0x08000260   0x00000006   Code   RO         8962    .ARM.Collect$$rtexit$$00000004  c_w.l(rtexit2.o)
    0x08000266   0x08000266   0x00000002   PAD
    0x08000268   0x08000268   0x000000be   Code   RO         8265    .emb_text           port.o
    0x08000326   0x08000326   0x00000002   PAD
    0x08000328   0x08000328   0x00000040   Code   RO            4    .text               startup_stm32f407xx.o
    0x08000368   0x08000368   0x00000078   Code   RO         8457    .text               arm_cortexM4lf_math.lib(arm_cos_f32.o)
    0x080003e0   0x080003e0   0x00000074   Code   RO         8510    .text               arm_cortexM4lf_math.lib(arm_sin_f32.o)
    0x08000454   0x08000454   0x000000ee   Code   RO         8615    .text               c_w.l(lludivv7m.o)
    0x08000542   0x08000542   0x0000003e   Code   RO         8617    .text               c_w.l(strlen.o)
    0x08000580   0x08000580   0x0000008a   Code   RO         8619    .text               c_w.l(rt_memcpy_v6.o)
    0x0800060a   0x0800060a   0x00000064   Code   RO         8621    .text               c_w.l(rt_memcpy_w.o)
    0x0800066e   0x0800066e   0x00000010   Code   RO         8625    .text               c_w.l(aeabi_memset.o)
    0x0800067e   0x0800067e   0x0000004e   Code   RO         8627    .text               c_w.l(rt_memclr_w.o)
    0x080006cc   0x080006cc   0x00000006   Code   RO         8629    .text               c_w.l(heapauxi.o)
    0x080006d2   0x080006d2   0x00000016   Code   RO         8778    .text               c_w.l(_rserrno.o)
    0x080006e8   0x080006e8   0x00000044   Code   RO         8780    .text               c_w.l(rt_memclr.o)
    0x0800072c   0x0800072c   0x00000008   Code   RO         8877    .text               c_w.l(rt_errno_addr_intlibspace.o)
    0x08000734   0x08000734   0x00000030   Code   RO         8879    .text               c_w.l(_fptrap.o)
    0x08000764   0x08000764   0x00000008   Code   RO         8887    .text               c_w.l(libspace.o)
    0x0800076c   0x0800076c   0x0000004a   Code   RO         8890    .text               c_w.l(sys_stackheap_outer.o)
    0x080007b6   0x080007b6   0x00000012   Code   RO         8892    .text               c_w.l(exit.o)
    0x080007c8   0x080007c8   0x0000000e   Code   RO         8894    .text               c_w.l(defsig_fpe_outer.o)
    0x080007d6   0x080007d6   0x0000000a   Code   RO         8908    .text               c_w.l(defsig_exit.o)
    0x080007e0   0x080007e0   0x000000ac   Code   RO         8910    .text               c_w.l(defsig_fpe_inner.o)
    0x0800088c   0x0800088c   0x0000000c   Code   RO         8957    .text               c_w.l(sys_exit.o)
    0x08000898   0x08000898   0x00000032   Code   RO         8968    .text               c_w.l(defsig_general.o)
    0x080008ca   0x080008ca   0x0000000e   Code   RO         8974    .text               c_w.l(sys_wrch.o)
    0x080008d8   0x080008d8   0x00000002   Code   RO         8976    .text               c_w.l(use_no_semi.o)
    0x080008da   0x080008da   0x00000000   Code   RO         8978    .text               c_w.l(indicate_semi.o)
    0x080008da   0x080008da   0x00000018   Code   RO         2534    i.AHRS_asinf        ahrs_middleware.o
    0x080008f2   0x080008f2   0x00000020   Code   RO         2535    i.AHRS_atan2f       ahrs_middleware.o
    0x08000912   0x08000912   0x00000018   Code   RO         2536    i.AHRS_cosf         ahrs_middleware.o
    0x0800092a   0x0800092a   0x0000001a   Code   RO         8367    i.AHRS_fabs         AHRS.lib(ahrs.o)
    0x08000944   0x08000944   0x00000010   Code   RO         2537    i.AHRS_get_height   ahrs_middleware.o
    0x08000954   0x08000954   0x0000000c   Code   RO         2538    i.AHRS_get_latitude  ahrs_middleware.o
    0x08000960   0x08000960   0x0000029c   Code   RO         8368    i.AHRS_init         AHRS.lib(ahrs.o)
    0x08000bfc   0x08000bfc   0x00000024   Code   RO         2539    i.AHRS_invSqrt      ahrs_middleware.o
    0x08000c20   0x08000c20   0x00000018   Code   RO         2540    i.AHRS_sinf         ahrs_middleware.o
    0x08000c38   0x08000c38   0x0000013a   Code   RO         8369    i.AHRS_update       AHRS.lib(ahrs.o)
    0x08000d72   0x08000d72   0x00000002   PAD
    0x08000d74   0x08000d74   0x00000014   Code   RO         2277    i.BMI088_ACCEL_NS_H  bmi088middleware.o
    0x08000d88   0x08000d88   0x00000014   Code   RO         2278    i.BMI088_ACCEL_NS_L  bmi088middleware.o
    0x08000d9c   0x08000d9c   0x00000002   Code   RO         2279    i.BMI088_GPIO_init  bmi088middleware.o
    0x08000d9e   0x08000d9e   0x00000002   PAD
    0x08000da0   0x08000da0   0x00000014   Code   RO         2280    i.BMI088_GYRO_NS_H  bmi088middleware.o
    0x08000db4   0x08000db4   0x00000014   Code   RO         2281    i.BMI088_GYRO_NS_L  bmi088middleware.o
    0x08000dc8   0x08000dc8   0x00000090   Code   RO         2141    i.BMI088_accel_read_over  bmi088driver.o
    0x08000e58   0x08000e58   0x00000002   Code   RO         2282    i.BMI088_com_init   bmi088middleware.o
    0x08000e5a   0x08000e5a   0x0000000c   Code   RO         2283    i.BMI088_delay_ms   bmi088middleware.o
    0x08000e66   0x08000e66   0x0000000c   Code   RO         2284    i.BMI088_delay_us   bmi088middleware.o
    0x08000e72   0x08000e72   0x00000002   PAD
    0x08000e74   0x08000e74   0x00000068   Code   RO         2142    i.BMI088_gyro_read_over  bmi088driver.o
    0x08000edc   0x08000edc   0x00000034   Code   RO         2143    i.BMI088_init       bmi088driver.o
    0x08000f10   0x08000f10   0x0000017c   Code   RO         2144    i.BMI088_read       bmi088driver.o
    0x0800108c   0x0800108c   0x00000026   Code   RO         2147    i.BMI088_read_muli_reg  bmi088driver.o
    0x080010b2   0x080010b2   0x00000018   Code   RO         2148    i.BMI088_read_single_reg  bmi088driver.o
    0x080010ca   0x080010ca   0x00000002   PAD
    0x080010cc   0x080010cc   0x00000020   Code   RO         2285    i.BMI088_read_write_byte  bmi088middleware.o
    0x080010ec   0x080010ec   0x00000034   Code   RO         2149    i.BMI088_temperature_read_over  bmi088driver.o
    0x08001120   0x08001120   0x00000014   Code   RO         2150    i.BMI088_write_single_reg  bmi088driver.o
    0x08001134   0x08001134   0x00000004   Code   RO          687    i.BusFault_Handler  stm32f4xx_it.o
    0x08001138   0x08001138   0x00000010   Code   RO          688    i.CAN1_RX0_IRQHandler  stm32f4xx_it.o
    0x08001148   0x08001148   0x00000010   Code   RO          689    i.CAN2_RX0_IRQHandler  stm32f4xx_it.o
    0x08001158   0x08001158   0x0000003c   Code   RO         1357    i.CAN_cmd_Mi        can_receive.o
    0x08001194   0x08001194   0x00000048   Code   RO         1358    i.CAN_send_m6001_back  can_receive.o
    0x080011dc   0x080011dc   0x00000340   Code   RO         1363    i.CAN_send_m6001_position_pid_double  can_receive.o
    0x0800151c   0x0800151c   0x00000034   Code   RO         1365    i.CAN_send_m6001_unlock  can_receive.o
    0x08001550   0x08001550   0x00000014   Code   RO         2485    i.CS_Enc            encoder.o
    0x08001564   0x08001564   0x00000010   Code   RO          690    i.DMA1_Stream3_IRQHandler  stm32f4xx_it.o
    0x08001574   0x08001574   0x00000010   Code   RO          691    i.DMA1_Stream4_IRQHandler  stm32f4xx_it.o
    0x08001584   0x08001584   0x00000880   Code   RO         1841    i.DMA2_Stream2_IRQHandler  ins_task.o
    0x08001e04   0x08001e04   0x00000034   Code   RO         3568    i.DMA_CalcBaseAndBitshift  stm32f4xx_hal_dma.o
    0x08001e38   0x08001e38   0x000000aa   Code   RO         3569    i.DMA_CheckFifoParam  stm32f4xx_hal_dma.o
    0x08001ee2   0x08001ee2   0x00000002   Code   RO          692    i.DebugMon_Handler  stm32f4xx_it.o
    0x08001ee4   0x08001ee4   0x0000000a   Code   RO          693    i.EXTI0_IRQHandler  stm32f4xx_it.o
    0x08001eee   0x08001eee   0x0000000a   Code   RO          694    i.EXTI3_IRQHandler  stm32f4xx_it.o
    0x08001ef8   0x08001ef8   0x0000000a   Code   RO          695    i.EXTI4_IRQHandler  stm32f4xx_it.o
    0x08001f02   0x08001f02   0x0000000a   Code   RO          696    i.EXTI9_5_IRQHandler  stm32f4xx_it.o
    0x08001f0c   0x08001f0c   0x00000002   Code   RO           13    i.Error_Handler     main.o
    0x08001f0e   0x08001f0e   0x00000002   PAD
    0x08001f10   0x08001f10   0x0000005c   Code   RO         3338    i.FLASH_Erase_Sector  stm32f4xx_hal_flash_ex.o
    0x08001f6c   0x08001f6c   0x00000078   Code   RO         3339    i.FLASH_FlushCaches  stm32f4xx_hal_flash_ex.o
    0x08001fe4   0x08001fe4   0x00000030   Code   RO         3340    i.FLASH_MassErase   stm32f4xx_hal_flash_ex.o
    0x08002014   0x08002014   0x00000024   Code   RO         3220    i.FLASH_Program_Byte  stm32f4xx_hal_flash.o
    0x08002038   0x08002038   0x0000003c   Code   RO         3221    i.FLASH_Program_DoubleWord  stm32f4xx_hal_flash.o
    0x08002074   0x08002074   0x00000028   Code   RO         3222    i.FLASH_Program_HalfWord  stm32f4xx_hal_flash.o
    0x0800209c   0x0800209c   0x00000028   Code   RO         3223    i.FLASH_Program_Word  stm32f4xx_hal_flash.o
    0x080020c4   0x080020c4   0x00000098   Code   RO         3224    i.FLASH_SetErrorCode  stm32f4xx_hal_flash.o
    0x0800215c   0x0800215c   0x00000064   Code   RO         3225    i.FLASH_WaitForLastOperation  stm32f4xx_hal_flash.o
    0x080021c0   0x080021c0   0x00000208   Code   RO         1652    i.Get_Angle         chassis_task.o
    0x080023c8   0x080023c8   0x0000002a   Code   RO         2831    i.HAL_CAN_ActivateNotification  stm32f4xx_hal_can.o
    0x080023f2   0x080023f2   0x00000156   Code   RO         2832    i.HAL_CAN_AddTxMessage  stm32f4xx_hal_can.o
    0x08002548   0x08002548   0x00000124   Code   RO         2833    i.HAL_CAN_ConfigFilter  stm32f4xx_hal_can.o
    0x0800266c   0x0800266c   0x00000002   Code   RO         2836    i.HAL_CAN_ErrorCallback  stm32f4xx_hal_can.o
    0x0800266e   0x0800266e   0x0000017a   Code   RO         2839    i.HAL_CAN_GetRxMessage  stm32f4xx_hal_can.o
    0x080027e8   0x080027e8   0x0000024e   Code   RO         2843    i.HAL_CAN_IRQHandler  stm32f4xx_hal_can.o
    0x08002a36   0x08002a36   0x00000174   Code   RO         2844    i.HAL_CAN_Init      stm32f4xx_hal_can.o
    0x08002baa   0x08002baa   0x00000002   PAD
    0x08002bac   0x08002bac   0x00000160   Code   RO          369    i.HAL_CAN_MspInit   can.o
    0x08002d0c   0x08002d0c   0x00000002   Code   RO         2851    i.HAL_CAN_RxFifo0FullCallback  stm32f4xx_hal_can.o
    0x08002d0e   0x08002d0e   0x00000002   PAD
    0x08002d10   0x08002d10   0x00000148   Code   RO         1366    i.HAL_CAN_RxFifo0MsgPendingCallback  can_receive.o
    0x08002e58   0x08002e58   0x00000002   Code   RO         2853    i.HAL_CAN_RxFifo1FullCallback  stm32f4xx_hal_can.o
    0x08002e5a   0x08002e5a   0x00000002   Code   RO         2854    i.HAL_CAN_RxFifo1MsgPendingCallback  stm32f4xx_hal_can.o
    0x08002e5c   0x08002e5c   0x00000002   Code   RO         2855    i.HAL_CAN_SleepCallback  stm32f4xx_hal_can.o
    0x08002e5e   0x08002e5e   0x0000005e   Code   RO         2856    i.HAL_CAN_Start     stm32f4xx_hal_can.o
    0x08002ebc   0x08002ebc   0x00000002   Code   RO         2858    i.HAL_CAN_TxMailbox0AbortCallback  stm32f4xx_hal_can.o
    0x08002ebe   0x08002ebe   0x00000002   Code   RO         2859    i.HAL_CAN_TxMailbox0CompleteCallback  stm32f4xx_hal_can.o
    0x08002ec0   0x08002ec0   0x00000002   Code   RO         2860    i.HAL_CAN_TxMailbox1AbortCallback  stm32f4xx_hal_can.o
    0x08002ec2   0x08002ec2   0x00000002   Code   RO         2861    i.HAL_CAN_TxMailbox1CompleteCallback  stm32f4xx_hal_can.o
    0x08002ec4   0x08002ec4   0x00000002   Code   RO         2862    i.HAL_CAN_TxMailbox2AbortCallback  stm32f4xx_hal_can.o
    0x08002ec6   0x08002ec6   0x00000002   Code   RO         2863    i.HAL_CAN_TxMailbox2CompleteCallback  stm32f4xx_hal_can.o
    0x08002ec8   0x08002ec8   0x00000002   Code   RO         2865    i.HAL_CAN_WakeUpFromRxMsgCallback  stm32f4xx_hal_can.o
    0x08002eca   0x08002eca   0x00000002   PAD
    0x08002ecc   0x08002ecc   0x00000240   Code   RO         3576    i.HAL_DMA_IRQHandler  stm32f4xx_hal_dma.o
    0x0800310c   0x0800310c   0x000000ec   Code   RO         3577    i.HAL_DMA_Init      stm32f4xx_hal_dma.o
    0x080031f8   0x080031f8   0x00000028   Code   RO         3995    i.HAL_Delay         stm32f4xx_hal.o
    0x08003220   0x08003220   0x000000ac   Code   RO         3350    i.HAL_FLASHEx_Erase  stm32f4xx_hal_flash_ex.o
    0x080032cc   0x080032cc   0x00000014   Code   RO         3229    i.HAL_FLASH_Lock    stm32f4xx_hal_flash.o
    0x080032e0   0x080032e0   0x00000098   Code   RO         3234    i.HAL_FLASH_Program  stm32f4xx_hal_flash.o
    0x08003378   0x08003378   0x00000034   Code   RO         3236    i.HAL_FLASH_Unlock  stm32f4xx_hal_flash.o
    0x080033ac   0x080033ac   0x000000b8   Code   RO         1842    i.HAL_GPIO_EXTI_Callback  ins_task.o
    0x08003464   0x08003464   0x0000001c   Code   RO         3463    i.HAL_GPIO_EXTI_IRQHandler  stm32f4xx_hal_gpio.o
    0x08003480   0x08003480   0x000001f4   Code   RO         3464    i.HAL_GPIO_Init     stm32f4xx_hal_gpio.o
    0x08003674   0x08003674   0x0000000c   Code   RO         3468    i.HAL_GPIO_WritePin  stm32f4xx_hal_gpio.o
    0x08003680   0x08003680   0x0000000c   Code   RO         4001    i.HAL_GetTick       stm32f4xx_hal.o
    0x0800368c   0x0800368c   0x000001d0   Code   RO         4257    i.HAL_I2C_Init      stm32f4xx_hal_i2c.o
    0x0800385c   0x0800385c   0x000002f4   Code   RO         4275    i.HAL_I2C_Mem_Read  stm32f4xx_hal_i2c.o
    0x08003b50   0x08003b50   0x00000164   Code   RO         4278    i.HAL_I2C_Mem_Write  stm32f4xx_hal_i2c.o
    0x08003cb4   0x08003cb4   0x000000c8   Code   RO          442    i.HAL_I2C_MspInit   i2c.o
    0x08003d7c   0x08003d7c   0x00000018   Code   RO         4007    i.HAL_IncTick       stm32f4xx_hal.o
    0x08003d94   0x08003d94   0x0000003c   Code   RO         4008    i.HAL_Init          stm32f4xx_hal.o
    0x08003dd0   0x08003dd0   0x0000004c   Code   RO         4009    i.HAL_InitTick      stm32f4xx_hal.o
    0x08003e1c   0x08003e1c   0x00000054   Code   RO          799    i.HAL_MspInit       stm32f4xx_hal_msp.o
    0x08003e70   0x08003e70   0x00000020   Code   RO         3853    i.HAL_NVIC_EnableIRQ  stm32f4xx_hal_cortex.o
    0x08003e90   0x08003e90   0x0000007c   Code   RO         3859    i.HAL_NVIC_SetPriority  stm32f4xx_hal_cortex.o
    0x08003f0c   0x08003f0c   0x00000028   Code   RO         3860    i.HAL_NVIC_SetPriorityGrouping  stm32f4xx_hal_cortex.o
    0x08003f34   0x08003f34   0x000001a0   Code   RO         3170    i.HAL_RCCEx_PeriphCLKConfig  stm32f4xx_hal_rcc_ex.o
    0x080040d4   0x080040d4   0x00000184   Code   RO         3065    i.HAL_RCC_ClockConfig  stm32f4xx_hal_rcc.o
    0x08004258   0x08004258   0x0000000c   Code   RO         3070    i.HAL_RCC_GetHCLKFreq  stm32f4xx_hal_rcc.o
    0x08004264   0x08004264   0x00000020   Code   RO         3072    i.HAL_RCC_GetPCLK1Freq  stm32f4xx_hal_rcc.o
    0x08004284   0x08004284   0x00000020   Code   RO         3073    i.HAL_RCC_GetPCLK2Freq  stm32f4xx_hal_rcc.o
    0x080042a4   0x080042a4   0x000000b0   Code   RO         3074    i.HAL_RCC_GetSysClockFreq  stm32f4xx_hal_rcc.o
    0x08004354   0x08004354   0x0000049c   Code   RO         3077    i.HAL_RCC_OscConfig  stm32f4xx_hal_rcc.o
    0x080047f0   0x080047f0   0x000000a4   Code   RO         4749    i.HAL_RTC_Init      stm32f4xx_hal_rtc.o
    0x08004894   0x08004894   0x00000040   Code   RO          484    i.HAL_RTC_MspInit   rtc.o
    0x080048d4   0x080048d4   0x0000003a   Code   RO         4757    i.HAL_RTC_WaitForSynchro  stm32f4xx_hal_rtc.o
    0x0800490e   0x0800490e   0x000000c8   Code   RO         5149    i.HAL_SPI_Init      stm32f4xx_hal_spi.o
    0x080049d6   0x080049d6   0x00000002   PAD
    0x080049d8   0x080049d8   0x00000258   Code   RO          526    i.HAL_SPI_MspInit   spi.o
    0x08004c30   0x08004c30   0x0000022a   Code   RO         5158    i.HAL_SPI_TransmitReceive  stm32f4xx_hal_spi.o
    0x08004e5a   0x08004e5a   0x00000034   Code   RO         3864    i.HAL_SYSTICK_Config  stm32f4xx_hal_cortex.o
    0x08004e8e   0x08004e8e   0x00000002   PAD
    0x08004e90   0x08004e90   0x000000b4   Code   RO         6196    i.HAL_TIMEx_MasterConfigSynchronization  stm32f4xx_hal_tim_ex.o
    0x08004f44   0x08004f44   0x00000066   Code   RO         5462    i.HAL_TIM_Base_Init  stm32f4xx_hal_tim.o
    0x08004faa   0x08004faa   0x00000002   PAD
    0x08004fac   0x08004fac   0x000000ec   Code   RO          574    i.HAL_TIM_Base_MspInit  tim.o
    0x08005098   0x08005098   0x0000009c   Code   RO         5465    i.HAL_TIM_Base_Start  stm32f4xx_hal_tim.o
    0x08005134   0x08005134   0x0000010c   Code   RO         5471    i.HAL_TIM_ConfigClockSource  stm32f4xx_hal_tim.o
    0x08005240   0x08005240   0x000001a4   Code   RO          575    i.HAL_TIM_MspPostInit  tim.o
    0x080053e4   0x080053e4   0x00000104   Code   RO         5534    i.HAL_TIM_PWM_ConfigChannel  stm32f4xx_hal_tim.o
    0x080054e8   0x080054e8   0x00000066   Code   RO         5537    i.HAL_TIM_PWM_Init  stm32f4xx_hal_tim.o
    0x0800554e   0x0800554e   0x00000002   Code   RO         5539    i.HAL_TIM_PWM_MspInit  stm32f4xx_hal_tim.o
    0x08005550   0x08005550   0x0000010c   Code   RO         5542    i.HAL_TIM_PWM_Start  stm32f4xx_hal_tim.o
    0x0800565c   0x0800565c   0x00000072   Code   RO         6473    i.HAL_UART_Init     stm32f4xx_hal_uart.o
    0x080056ce   0x080056ce   0x00000002   PAD
    0x080056d0   0x080056d0   0x000000e0   Code   RO          646    i.HAL_UART_MspInit  usart.o
    0x080057b0   0x080057b0   0x00000004   Code   RO          697    i.HardFault_Handler  stm32f4xx_it.o
    0x080057b4   0x080057b4   0x0000003e   Code   RO         4300    i.I2C_IsAcknowledgeFailed  stm32f4xx_hal_i2c.o
    0x080057f2   0x080057f2   0x00000002   PAD
    0x080057f4   0x080057f4   0x00000160   Code   RO         4311    i.I2C_RequestMemoryRead  stm32f4xx_hal_i2c.o
    0x08005954   0x08005954   0x000000e0   Code   RO         4312    i.I2C_RequestMemoryWrite  stm32f4xx_hal_i2c.o
    0x08005a34   0x08005a34   0x0000005c   Code   RO         4320    i.I2C_WaitOnBTFFlagUntilTimeout  stm32f4xx_hal_i2c.o
    0x08005a90   0x08005a90   0x00000086   Code   RO         4321    i.I2C_WaitOnFlagUntilTimeout  stm32f4xx_hal_i2c.o
    0x08005b16   0x08005b16   0x000000c4   Code   RO         4322    i.I2C_WaitOnMasterAddressFlagUntilTimeout  stm32f4xx_hal_i2c.o
    0x08005bda   0x08005bda   0x00000080   Code   RO         4323    i.I2C_WaitOnRXNEFlagUntilTimeout  stm32f4xx_hal_i2c.o
    0x08005c5a   0x08005c5a   0x0000005c   Code   RO         4326    i.I2C_WaitOnTXEFlagUntilTimeout  stm32f4xx_hal_i2c.o
    0x08005cb6   0x08005cb6   0x00000002   PAD
    0x08005cb8   0x08005cb8   0x0000007c   Code   RO         1843    i.INS_cali_gyro     ins_task.o
    0x08005d34   0x08005d34   0x00000048   Code   RO         1844    i.INS_set_cali_gyro  ins_task.o
    0x08005d7c   0x08005d7c   0x00000304   Code   RO         1845    i.INS_task          ins_task.o
    0x08006080   0x08006080   0x0000028c   Code   RO         8342    i.Kalman_Filter     filter.o
    0x0800630c   0x0800630c   0x00000044   Code   RO          370    i.MX_CAN1_Init      can.o
    0x08006350   0x08006350   0x00000044   Code   RO          371    i.MX_CAN2_Init      can.o
    0x08006394   0x08006394   0x00000098   Code   RO          417    i.MX_DMA_Init       dma.o
    0x0800642c   0x0800642c   0x000000d0   Code   RO          309    i.MX_FREERTOS_Init  freertos.o
    0x080064fc   0x080064fc   0x000001c8   Code   RO          285    i.MX_GPIO_Init      gpio.o
    0x080066c4   0x080066c4   0x0000003c   Code   RO          443    i.MX_I2C3_Init      i2c.o
    0x08006700   0x08006700   0x00000034   Code   RO          485    i.MX_RTC_Init       rtc.o
    0x08006734   0x08006734   0x00000048   Code   RO          527    i.MX_SPI1_Init      spi.o
    0x0800677c   0x0800677c   0x00000048   Code   RO          528    i.MX_SPI2_Init      spi.o
    0x080067c4   0x080067c4   0x0000006c   Code   RO          576    i.MX_TIM10_Init     tim.o
    0x08006830   0x08006830   0x000000a4   Code   RO          577    i.MX_TIM3_Init      tim.o
    0x080068d4   0x080068d4   0x000000a4   Code   RO          578    i.MX_TIM4_Init      tim.o
    0x08006978   0x08006978   0x000000c4   Code   RO          579    i.MX_TIM5_Init      tim.o
    0x08006a3c   0x08006a3c   0x00000070   Code   RO          580    i.MX_TIM8_Init      tim.o
    0x08006aac   0x08006aac   0x0000003c   Code   RO          647    i.MX_USART3_UART_Init  usart.o
    0x08006ae8   0x08006ae8   0x00000004   Code   RO          698    i.MemManage_Handler  stm32f4xx_it.o
    0x08006aec   0x08006aec   0x00000014   Code   RO         2486    i.NCS_Enc           encoder.o
    0x08006b00   0x08006b00   0x00000002   Code   RO          699    i.NMI_Handler       stm32f4xx_it.o
    0x08006b02   0x08006b02   0x00000002   PAD
    0x08006b04   0x08006b04   0x000001f0   Code   RO         2791    i.PID_calc          pid.o
    0x08006cf4   0x08006cf4   0x00000060   Code   RO         2793    i.PID_init          pid.o
    0x08006d54   0x08006d54   0x0000009c   Code   RO         1158    i.RC_Init           bsp_rc.o
    0x08006df0   0x08006df0   0x00000050   Code   RO         1159    i.RC_restart        bsp_rc.o
    0x08006e40   0x08006e40   0x0000004a   Code   RO         4760    i.RTC_EnterInitMode  stm32f4xx_hal_rtc.o
    0x08006e8a   0x08006e8a   0x0000002e   Code   RO         4761    i.RTC_ExitInitMode  stm32f4xx_hal_rtc.o
    0x08006eb8   0x08006eb8   0x0000273c   Code   RO         1198    i.SPI1_DMA_enable   bsp_spi.o
    0x080095f4   0x080095f4   0x00000180   Code   RO         1199    i.SPI1_DMA_init     bsp_spi.o
    0x08009774   0x08009774   0x0000006c   Code   RO         5187    i.SPI_EndRxTxTransaction  stm32f4xx_hal_spi.o
    0x080097e0   0x080097e0   0x000000d8   Code   RO         5192    i.SPI_WaitFlagStateUntilTimeout  stm32f4xx_hal_spi.o
    0x080098b8   0x080098b8   0x00000014   Code   RO          700    i.SysTick_Handler   stm32f4xx_it.o
    0x080098cc   0x080098cc   0x000000b4   Code   RO           14    i.SystemClock_Config  main.o
    0x08009980   0x08009980   0x00000064   Code   RO          824    i.SystemInit        system_stm32f4xx.o
    0x080099e4   0x080099e4   0x000000d8   Code   RO         5555    i.TIM_Base_SetConfig  stm32f4xx_hal_tim.o
    0x08009abc   0x08009abc   0x00000022   Code   RO         5556    i.TIM_CCxChannelCmd  stm32f4xx_hal_tim.o
    0x08009ade   0x08009ade   0x00000016   Code   RO         5566    i.TIM_ETR_SetConfig  stm32f4xx_hal_tim.o
    0x08009af4   0x08009af4   0x00000012   Code   RO         5567    i.TIM_ITRx_SetConfig  stm32f4xx_hal_tim.o
    0x08009b06   0x08009b06   0x00000002   PAD
    0x08009b08   0x08009b08   0x00000070   Code   RO         5568    i.TIM_OC1_SetConfig  stm32f4xx_hal_tim.o
    0x08009b78   0x08009b78   0x0000007c   Code   RO         5569    i.TIM_OC2_SetConfig  stm32f4xx_hal_tim.o
    0x08009bf4   0x08009bf4   0x00000078   Code   RO         5570    i.TIM_OC3_SetConfig  stm32f4xx_hal_tim.o
    0x08009c6c   0x08009c6c   0x00000054   Code   RO         5571    i.TIM_OC4_SetConfig  stm32f4xx_hal_tim.o
    0x08009cc0   0x08009cc0   0x00000026   Code   RO         5573    i.TIM_TI1_ConfigInputStage  stm32f4xx_hal_tim.o
    0x08009ce6   0x08009ce6   0x00000028   Code   RO         5575    i.TIM_TI2_ConfigInputStage  stm32f4xx_hal_tim.o
    0x08009d0e   0x08009d0e   0x00000002   PAD
    0x08009d10   0x08009d10   0x00000200   Code   RO         1653    i.Trans             chassis_task.o
    0x08009f10   0x08009f10   0x00000030   Code   RO         1654    i.Turn_Off          chassis_task.o
    0x08009f40   0x08009f40   0x0000022c   Code   RO         6500    i.UART_SetConfig    stm32f4xx_hal_uart.o
    0x0800a16c   0x0800a16c   0x0000013c   Code   RO         2003    i.USART3_IRQHandler  remote_control.o
    0x0800a2a8   0x0800a2a8   0x00000004   Code   RO          701    i.UsageFault_Handler  stm32f4xx_it.o
    0x0800a2ac   0x0800a2ac   0x000000b8   Code   RO         8343    i.Yijielvbo         filter.o
    0x0800a364   0x0800a364   0x00000030   Code   RO         8822    i.__ARM_fpclassify  m_wm.l(fpclassify.o)
    0x0800a394   0x0800a394   0x00000026   Code   RO         8824    i.__ARM_fpclassifyf  m_wm.l(fpclassifyf.o)
    0x0800a3ba   0x0800a3ba   0x00000002   PAD
    0x0800a3bc   0x0800a3bc   0x00000010   Code   RO         3866    i.__NVIC_GetPriorityGrouping  stm32f4xx_hal_cortex.o
    0x0800a3cc   0x0800a3cc   0x00000028   Code   RO         3867    i.__NVIC_SetPriority  stm32f4xx_hal_cortex.o
    0x0800a3f4   0x0800a3f4   0x0000012c   Code   RO         8669    i.__hardfp_asinf    m_wm.l(asinf.o)
    0x0800a520   0x0800a520   0x000002d8   Code   RO         8681    i.__hardfp_atan     m_wm.l(atan.o)
    0x0800a7f8   0x0800a7f8   0x000001f0   Code   RO         8695    i.__hardfp_atan2    m_wm.l(atan2.o)
    0x0800a9e8   0x0800a9e8   0x00000250   Code   RO         8707    i.__hardfp_atan2f   m_wm.l(atan2f.o)
    0x0800ac38   0x0800ac38   0x000000c8   Code   RO         8719    i.__hardfp_cos      m_wm.l(cos.o)
    0x0800ad00   0x0800ad00   0x00000014   Code   RO         8731    i.__hardfp_fabs     m_wm.l(fabs.o)
    0x0800ad14   0x0800ad14   0x00000004   PAD
    0x0800ad18   0x0800ad18   0x000000c8   Code   RO         8737    i.__hardfp_sin      m_wm.l(sin.o)
    0x0800ade0   0x0800ade0   0x0000003a   Code   RO         8761    i.__hardfp_sqrtf    m_wm.l(sqrtf_full.o)
    0x0800ae1a   0x0800ae1a   0x00000006   PAD
    0x0800ae20   0x0800ae20   0x00000438   Code   RO         8843    i.__ieee754_rem_pio2  m_wm.l(rred.o)
    0x0800b258   0x0800b258   0x00000170   Code   RO         8805    i.__kernel_cos      m_wm.l(cos_i.o)
    0x0800b3c8   0x0800b3c8   0x000000f8   Code   RO         8840    i.__kernel_poly     m_wm.l(poly.o)
    0x0800b4c0   0x0800b4c0   0x00000130   Code   RO         8851    i.__kernel_sin      m_wm.l(sin_i.o)
    0x0800b5f0   0x0800b5f0   0x00000014   Code   RO         8809    i.__mathlib_dbl_infnan  m_wm.l(dunder.o)
    0x0800b604   0x0800b604   0x00000014   Code   RO         8810    i.__mathlib_dbl_infnan2  m_wm.l(dunder.o)
    0x0800b618   0x0800b618   0x00000020   Code   RO         8811    i.__mathlib_dbl_invalid  m_wm.l(dunder.o)
    0x0800b638   0x0800b638   0x00000020   Code   RO         8814    i.__mathlib_dbl_underflow  m_wm.l(dunder.o)
    0x0800b658   0x0800b658   0x00000006   Code   RO         8827    i.__mathlib_flt_infnan  m_wm.l(funder.o)
    0x0800b65e   0x0800b65e   0x00000006   Code   RO         8828    i.__mathlib_flt_infnan2  m_wm.l(funder.o)
    0x0800b664   0x0800b664   0x00000010   Code   RO         8829    i.__mathlib_flt_invalid  m_wm.l(funder.o)
    0x0800b674   0x0800b674   0x00000010   Code   RO         8832    i.__mathlib_flt_underflow  m_wm.l(funder.o)
    0x0800b684   0x0800b684   0x00000068   Code   RO         1129    i.aRGB_led_show     bsp_led.o
    0x0800b6ec   0x0800b6ec   0x000001d0   Code   RO         8370    i.accel_comple_filter  AHRS.lib(ahrs.o)
    0x0800b8bc   0x0800b8bc   0x0000018c   Code   RO         8371    i.accel_update_kp_ki  AHRS.lib(ahrs.o)
    0x0800ba48   0x0800ba48   0x0000016c   Code   RO         8372    i.angle_to_quat     AHRS.lib(ahrs.o)
    0x0800bbb4   0x0800bbb4   0x00000010   Code   RO         8683    i.atan              m_wm.l(atan.o)
    0x0800bbc4   0x0800bbc4   0x00000038   Code   RO         1656    i.balance           chassis_task.o
    0x0800bbfc   0x0800bbfc   0x00000134   Code   RO         2151    i.bmi088_accel_init  bmi088driver.o
    0x0800bd30   0x0800bd30   0x000002fc   Code   RO         2152    i.bmi088_accel_self_test  bmi088driver.o
    0x0800c02c   0x0800c02c   0x000000f4   Code   RO         2153    i.bmi088_gyro_init  bmi088driver.o
    0x0800c120   0x0800c120   0x000000d0   Code   RO         2154    i.bmi088_gyro_self_test  bmi088driver.o
    0x0800c1f0   0x0800c1f0   0x0000008c   Code   RO         1231    i.cali_data_write   calibrate_task.o
    0x0800c27c   0x0800c27c   0x00000006   Code   RO         1232    i.cali_gimbal_hook  calibrate_task.o
    0x0800c282   0x0800c282   0x00000002   PAD
    0x0800c284   0x0800c284   0x00000050   Code   RO         1233    i.cali_gyro_hook    calibrate_task.o
    0x0800c2d4   0x0800c2d4   0x00000036   Code   RO         1234    i.cali_head_hook    calibrate_task.o
    0x0800c30a   0x0800c30a   0x00000002   PAD
    0x0800c30c   0x0800c30c   0x00000138   Code   RO         1236    i.calibrate_task    calibrate_task.o
    0x0800c444   0x0800c444   0x0000005c   Code   RO          972    i.can_filter_init   bsp_can.o
    0x0800c4a0   0x0800c4a0   0x0000038c   Code   RO         1657    i.chassis_balance_control  chassis_task.o
    0x0800c82c   0x0800c82c   0x0000008c   Code   RO         1564    i.chassis_behaviour_mode_set  chassis_behaviour.o
    0x0800c8b8   0x0800c8b8   0x00000198   Code   RO         1659    i.chassis_feedback_update  chassis_task.o
    0x0800ca50   0x0800ca50   0x00000048   Code   RO         1367    i.chassis_get_feedback  can_receive.o
    0x0800ca98   0x0800ca98   0x00000100   Code   RO         1660    i.chassis_init      chassis_task.o
    0x0800cb98   0x0800cb98   0x00000058   Code   RO         1661    i.chassis_mode_change_control_transit  chassis_task.o
    0x0800cbf0   0x0800cbf0   0x000001c4   Code   RO         1662    i.chassis_rc_to_control_vector  chassis_task.o
    0x0800cdb4   0x0800cdb4   0x00000012   Code   RO         1664    i.chassis_set_mode  chassis_task.o
    0x0800cdc6   0x0800cdc6   0x00000002   PAD
    0x0800cdc8   0x0800cdc8   0x000001c0   Code   RO         1665    i.chassis_task      chassis_task.o
    0x0800cf88   0x0800cf88   0x00000030   Code   RO         1000    i.delay_init        bsp_delay.o
    0x0800cfb8   0x0800cfb8   0x00000050   Code   RO         1002    i.delay_us          bsp_delay.o
    0x0800d008   0x0800d008   0x00000124   Code   RO         1798    i.detect_hook       detect_task.o
    0x0800d12c   0x0800d12c   0x0000016c   Code   RO         1799    i.detect_init       detect_task.o
    0x0800d298   0x0800d298   0x00000288   Code   RO         1800    i.detect_task       detect_task.o
    0x0800d520   0x0800d520   0x00000024   Code   RO         2108    i.encoder_read_task  encoder_read_tasks.o
    0x0800d544   0x0800d544   0x00000018   Code   RO         8733    i.fabs              m_wm.l(fabs.o)
    0x0800d55c   0x0800d55c   0x00000054   Code   RO         2690    i.first_order_filter_cali  user_lib.o
    0x0800d5b0   0x0800d5b0   0x00000024   Code   RO         2691    i.first_order_filter_init  user_lib.o
    0x0800d5d4   0x0800d5d4   0x0000002e   Code   RO         1041    i.flash_erase_address  bsp_flash.o
    0x0800d602   0x0800d602   0x00000002   PAD
    0x0800d604   0x0800d604   0x00000098   Code   RO         1044    i.flash_write_single_address  bsp_flash.o
    0x0800d69c   0x0800d69c   0x000000f4   Code   RO         1045    i.ger_sector        bsp_flash.o
    0x0800d790   0x0800d790   0x000000a4   Code   RO         2487    i.getEncoder        encoder.o
    0x0800d834   0x0800d834   0x00000008   Code   RO         1846    i.get_INS_angle_point  ins_task.o
    0x0800d83c   0x0800d83c   0x00000008   Code   RO         2109    i.get_Yaw_Axis_point  encoder_read_tasks.o
    0x0800d844   0x0800d844   0x00000008   Code   RO         1848    i.get_accel_data_point  ins_task.o
    0x0800d84c   0x0800d84c   0x000000e8   Code   RO         8373    i.get_angle         AHRS.lib(ahrs.o)
    0x0800d934   0x0800d934   0x00000018   Code   RO         1369    i.get_chassis_motorMi_measure_point  can_receive.o
    0x0800d94c   0x0800d94c   0x0000000c   Code   RO         1237    i.get_control_temperature  calibrate_task.o
    0x0800d958   0x0800d958   0x00000008   Code   RO         1801    i.get_error_list_point  detect_task.o
    0x0800d960   0x0800d960   0x00000008   Code   RO         1849    i.get_gyro_data_point  ins_task.o
    0x0800d968   0x0800d968   0x000000e8   Code   RO         1046    i.get_next_flash_address  bsp_flash.o
    0x0800da50   0x0800da50   0x00000008   Code   RO         2004    i.get_remote_control_point  remote_control.o
    0x0800da58   0x0800da58   0x00000054   Code   RO         1851    i.gyro_offset_calc  ins_task.o
    0x0800daac   0x0800daac   0x0000012c   Code   RO         1852    i.imu_cali_slove    ins_task.o
    0x0800dbd8   0x0800dbd8   0x00000168   Code   RO         1853    i.imu_cmd_spi_dma   ins_task.o
    0x0800dd40   0x0800dd40   0x0000000c   Code   RO         1101    i.imu_pwm_set       bsp_imu_pwm.o
    0x0800dd4c   0x0800dd4c   0x000000b8   Code   RO         1854    i.imu_temp_control  ins_task.o
    0x0800de04   0x0800de04   0x00000042   Code   RO         1370    i.interpolate       can_receive.o
    0x0800de46   0x0800de46   0x00000002   Code   RO         2406    i.ist8310_GPIO_init  ist8310driver_middleware.o
    0x0800de48   0x0800de48   0x00000028   Code   RO         2408    i.ist8310_IIC_read_single_reg  ist8310driver_middleware.o
    0x0800de70   0x0800de70   0x00000028   Code   RO         2410    i.ist8310_IIC_write_single_reg  ist8310driver_middleware.o
    0x0800de98   0x0800de98   0x00000014   Code   RO         2411    i.ist8310_RST_H     ist8310driver_middleware.o
    0x0800deac   0x0800deac   0x00000014   Code   RO         2412    i.ist8310_RST_L     ist8310driver_middleware.o
    0x0800dec0   0x0800dec0   0x00000002   Code   RO         2413    i.ist8310_com_init  ist8310driver_middleware.o
    0x0800dec2   0x0800dec2   0x0000000c   Code   RO         2414    i.ist8310_delay_ms  ist8310driver_middleware.o
    0x0800dece   0x0800dece   0x00000002   PAD
    0x0800ded0   0x0800ded0   0x00000094   Code   RO         2371    i.ist8310_init      ist8310driver.o
    0x0800df64   0x0800df64   0x000001b0   Code   RO         1968    i.led_RGB_flow_task  led_flow_task.o
    0x0800e114   0x0800e114   0x00000060   Code   RO         2697    i.loop_fp32_constrain  user_lib.o
    0x0800e174   0x0800e174   0x0000005e   Code   RO           15    i.main              main.o
    0x0800e1d2   0x0800e1d2   0x0000000e   Code   RO         7831    i.makeFreeRtosPriority  cmsis_os.o
    0x0800e1e0   0x0800e1e0   0x0000001a   Code   RO         1667    i.myabs             chassis_task.o
    0x0800e1fa   0x0800e1fa   0x00000018   Code   RO         7833    i.osDelay           cmsis_os.o
    0x0800e212   0x0800e212   0x0000000a   Code   RO         7836    i.osKernelStart     cmsis_os.o
    0x0800e21c   0x0800e21c   0x0000005e   Code   RO         7870    i.osThreadCreate    cmsis_os.o
    0x0800e27a   0x0800e27a   0x0000001c   Code   RO         1372    i.parse_6001_feedback  can_receive.o
    0x0800e296   0x0800e296   0x00000002   PAD
    0x0800e298   0x0800e298   0x00000030   Code   RO         7298    i.pcTaskGetName     tasks.o
    0x0800e2c8   0x0800e2c8   0x000000a4   Code   RO         7299    i.prvAddCurrentTaskToDelayedList  tasks.o
    0x0800e36c   0x0800e36c   0x000000b4   Code   RO         7300    i.prvAddNewTaskToReadyList  tasks.o
    0x0800e420   0x0800e420   0x00000074   Code   RO         7663    i.prvCheckForValidListAndQueue  timers.o
    0x0800e494   0x0800e494   0x00000048   Code   RO         7301    i.prvCheckTasksWaitingTermination  tasks.o
    0x0800e4dc   0x0800e4dc   0x0000002a   Code   RO         6952    i.prvCopyDataFromQueue  queue.o
    0x0800e506   0x0800e506   0x0000007e   Code   RO         6953    i.prvCopyDataToQueue  queue.o
    0x0800e584   0x0800e584   0x00000050   Code   RO         7302    i.prvDeleteTCB      tasks.o
    0x0800e5d4   0x0800e5d4   0x00000028   Code   RO         7664    i.prvGetNextExpireTime  timers.o
    0x0800e5fc   0x0800e5fc   0x0000007c   Code   RO         8210    i.prvHeapInit       heap_4.o
    0x0800e678   0x0800e678   0x00000028   Code   RO         7303    i.prvIdleTask       tasks.o
    0x0800e6a0   0x0800e6a0   0x00000026   Code   RO         6956    i.prvInitialiseNewQueue  queue.o
    0x0800e6c6   0x0800e6c6   0x000000c2   Code   RO         7304    i.prvInitialiseNewTask  tasks.o
    0x0800e788   0x0800e788   0x00000068   Code   RO         7305    i.prvInitialiseTaskLists  tasks.o
    0x0800e7f0   0x0800e7f0   0x00000068   Code   RO         8211    i.prvInsertBlockIntoFreeList  heap_4.o
    0x0800e858   0x0800e858   0x00000058   Code   RO         7666    i.prvInsertTimerInActiveList  timers.o
    0x0800e8b0   0x0800e8b0   0x0000001a   Code   RO         6957    i.prvIsQueueEmpty   queue.o
    0x0800e8ca   0x0800e8ca   0x0000001e   Code   RO         6958    i.prvIsQueueFull    queue.o
    0x0800e8e8   0x0800e8e8   0x00000074   Code   RO         7667    i.prvProcessExpiredTimer  timers.o
    0x0800e95c   0x0800e95c   0x00000164   Code   RO         7668    i.prvProcessReceivedCommands  timers.o
    0x0800eac0   0x0800eac0   0x00000074   Code   RO         7669    i.prvProcessTimerOrBlockTask  timers.o
    0x0800eb34   0x0800eb34   0x00000034   Code   RO         7306    i.prvResetNextTaskUnblockTime  tasks.o
    0x0800eb68   0x0800eb68   0x0000002c   Code   RO         7670    i.prvSampleTimeNow  timers.o
    0x0800eb94   0x0800eb94   0x000000b0   Code   RO         7307    i.prvSearchForNameWithinSingleList  tasks.o
    0x0800ec44   0x0800ec44   0x000000a4   Code   RO         7671    i.prvSwitchTimerLists  timers.o
    0x0800ece8   0x0800ece8   0x00000016   Code   RO         7308    i.prvTaskCheckFreeStackSpace  tasks.o
    0x0800ecfe   0x0800ecfe   0x00000002   PAD
    0x0800ed00   0x0800ed00   0x00000040   Code   RO         8266    i.prvTaskExitError  port.o
    0x0800ed40   0x0800ed40   0x0000001a   Code   RO         7672    i.prvTimerTask      timers.o
    0x0800ed5a   0x0800ed5a   0x0000007e   Code   RO         6959    i.prvUnlockQueue    queue.o
    0x0800edd8   0x0800edd8   0x0000014c   Code   RO         8212    i.pvPortMalloc      heap_4.o
    0x0800ef24   0x0800ef24   0x0000002c   Code   RO         8267    i.pxPortInitialiseStack  port.o
    0x0800ef50   0x0800ef50   0x00000084   Code   RO         8378    i.quat_normalization  AHRS.lib(ahrs.o)
    0x0800efd4   0x0800efd4   0x0000001c   Code   RO         2005    i.remote_control_init  remote_control.o
    0x0800eff0   0x0800eff0   0x000000dc   Code   RO         2006    i.sbus_to_rc        remote_control.o
    0x0800f0cc   0x0800f0cc   0x0000003e   Code   RO         8763    i.sqrtf             m_wm.l(sqrtf_full.o)
    0x0800f10a   0x0800f10a   0x00000002   PAD
    0x0800f10c   0x0800f10c   0x0000006c   Code   RO         2074    i.test_task         test_task.o
    0x0800f178   0x0800f178   0x00000018   Code   RO         1802    i.toe_is_error      detect_task.o
    0x0800f190   0x0800f190   0x00000170   Code   RO         1668    i.turn              chassis_task.o
    0x0800f300   0x0800f300   0x0000014c   Code   RO         1669    i.turn_chasis       chassis_task.o
    0x0800f44c   0x0800f44c   0x00000074   Code   RO         7311    i.ulTaskNotifyTake  tasks.o
    0x0800f4c0   0x0800f4c0   0x0000007a   Code   RO         8379    i.update_w          AHRS.lib(ahrs.o)
    0x0800f53a   0x0800f53a   0x00000028   Code   RO         6912    i.uxListRemove      list.o
    0x0800f562   0x0800f562   0x00000002   PAD
    0x0800f564   0x0800f564   0x00000028   Code   RO         7314    i.uxTaskGetStackHighWaterMark  tasks.o
    0x0800f58c   0x0800f58c   0x00000018   Code   RO          311    i.vApplicationGetIdleTaskMemory  freertos.o
    0x0800f5a4   0x0800f5a4   0x00000018   Code   RO          312    i.vApplicationGetTimerTaskMemory  freertos.o
    0x0800f5bc   0x0800f5bc   0x0000001a   Code   RO         6913    i.vListInitialise   list.o
    0x0800f5d6   0x0800f5d6   0x00000006   Code   RO         6914    i.vListInitialiseItem  list.o
    0x0800f5dc   0x0800f5dc   0x00000034   Code   RO         6915    i.vListInsert       list.o
    0x0800f610   0x0800f610   0x00000018   Code   RO         6916    i.vListInsertEnd    list.o
    0x0800f628   0x0800f628   0x00000054   Code   RO         8269    i.vPortEnterCritical  port.o
    0x0800f67c   0x0800f67c   0x0000003c   Code   RO         8270    i.vPortExitCritical  port.o
    0x0800f6b8   0x0800f6b8   0x000000a4   Code   RO         8213    i.vPortFree         heap_4.o
    0x0800f75c   0x0800f75c   0x00000028   Code   RO         8271    i.vPortSetupTimerInterrupt  port.o
    0x0800f784   0x0800f784   0x00000078   Code   RO         8272    i.vPortValidateInterruptPriority  port.o
    0x0800f7fc   0x0800f7fc   0x0000002c   Code   RO         6963    i.vQueueAddToRegistry  queue.o
    0x0800f828   0x0800f828   0x0000004a   Code   RO         6966    i.vQueueWaitForMessageRestricted  queue.o
    0x0800f872   0x0800f872   0x00000002   PAD
    0x0800f874   0x0800f874   0x0000005c   Code   RO         7318    i.vTaskDelay        tasks.o
    0x0800f8d0   0x0800f8d0   0x00000018   Code   RO         7322    i.vTaskInternalSetTimeOutState  tasks.o
    0x0800f8e8   0x0800f8e8   0x0000000c   Code   RO         7323    i.vTaskMissedYield  tasks.o
    0x0800f8f4   0x0800f8f4   0x000000f0   Code   RO         7324    i.vTaskNotifyGiveFromISR  tasks.o
    0x0800f9e4   0x0800f9e4   0x00000038   Code   RO         7325    i.vTaskPlaceOnEventList  tasks.o
    0x0800fa1c   0x0800fa1c   0x00000040   Code   RO         7326    i.vTaskPlaceOnEventListRestricted  tasks.o
    0x0800fa5c   0x0800fa5c   0x000000b8   Code   RO         7333    i.vTaskStartScheduler  tasks.o
    0x0800fb14   0x0800fb14   0x00000010   Code   RO         7335    i.vTaskSuspendAll   tasks.o
    0x0800fb24   0x0800fb24   0x0000008c   Code   RO         7336    i.vTaskSwitchContext  tasks.o
    0x0800fbb0   0x0800fbb0   0x000002f4   Code   RO         1670    i.velocity          chassis_task.o
    0x0800fea4   0x0800fea4   0x00000168   Code   RO         8273    i.xPortStartScheduler  port.o
    0x0801000c   0x0801000c   0x00000034   Code   RO         8274    i.xPortSysTickHandler  port.o
    0x08010040   0x08010040   0x000000e0   Code   RO         6970    i.xQueueGenericCreateStatic  queue.o
    0x08010120   0x08010120   0x00000098   Code   RO         6971    i.xQueueGenericReset  queue.o
    0x080101b8   0x080101b8   0x000001a8   Code   RO         6972    i.xQueueGenericSend  queue.o
    0x08010360   0x08010360   0x000000fc   Code   RO         6973    i.xQueueGenericSendFromISR  queue.o
    0x0801045c   0x0801045c   0x00000168   Code   RO         6981    i.xQueueReceive     queue.o
    0x080105c4   0x080105c4   0x000000a8   Code   RO         7339    i.xTaskCheckForTimeOut  tasks.o
    0x0801066c   0x0801066c   0x00000064   Code   RO         7340    i.xTaskCreate       tasks.o
    0x080106d0   0x080106d0   0x000000ba   Code   RO         7341    i.xTaskCreateStatic  tasks.o
    0x0801078a   0x0801078a   0x00000002   PAD
    0x0801078c   0x0801078c   0x000000a4   Code   RO         7345    i.xTaskGetHandle    tasks.o
    0x08010830   0x08010830   0x00000020   Code   RO         7346    i.xTaskGetSchedulerState  tasks.o
    0x08010850   0x08010850   0x0000000c   Code   RO         7347    i.xTaskGetTickCount  tasks.o
    0x0801085c   0x0801085c   0x00000148   Code   RO         7349    i.xTaskIncrementTick  tasks.o
    0x080109a4   0x080109a4   0x000000c8   Code   RO         7352    i.xTaskPriorityDisinherit  tasks.o
    0x08010a6c   0x08010a6c   0x00000098   Code   RO         7354    i.xTaskRemoveFromEventList  tasks.o
    0x08010b04   0x08010b04   0x00000104   Code   RO         7355    i.xTaskResumeAll    tasks.o
    0x08010c08   0x08010c08   0x00000078   Code   RO         7679    i.xTimerCreateTimerTask  timers.o
    0x08010c80   0x08010c80   0x00000084   Code   RO         7680    i.xTimerGenericCommand  timers.o
    0x08010d04   0x08010d04   0x00000018   Code   RO         8782    x$fpl$basic         g_wm.l(basic.o)
    0x08010d1c   0x08010d1c   0x000002c4   Code   RO         8633    x$fpl$d2f           g_wm.l(d2f_clz.o)
    0x08010fe0   0x08010fe0   0x0000024c   Code   RO         8635    x$fpl$dadd          g_wm.l(daddsub_clz.o)
    0x0801122c   0x0801122c   0x00000018   Code   RO         8784    x$fpl$dcmpinf       g_wm.l(dcmpi.o)
    0x08011244   0x08011244   0x0000037c   Code   RO         8642    x$fpl$ddiv          g_wm.l(ddiv_clz.o)
    0x080115c0   0x080115c0   0x000000c8   Code   RO         8881    x$fpl$dfix          g_wm.l(dfix.o)
    0x08011688   0x08011688   0x0000002e   Code   RO         8646    x$fpl$dflt          g_wm.l(dflt_clz.o)
    0x080116b6   0x080116b6   0x0000001a   Code   RO         8647    x$fpl$dfltn         g_wm.l(dflt_clz.o)
    0x080116d0   0x080116d0   0x00000026   Code   RO         8645    x$fpl$dfltu         g_wm.l(dflt_clz.o)
    0x080116f6   0x080116f6   0x00000002   PAD
    0x080116f8   0x080116f8   0x00000078   Code   RO         8651    x$fpl$dleqf         g_wm.l(dleqf.o)
    0x08011770   0x08011770   0x000001c0   Code   RO         8653    x$fpl$dmul          g_wm.l(dmul_clz.o)
    0x08011930   0x08011930   0x00000102   Code   RO         8786    x$fpl$dnaninf       g_wm.l(dnaninf.o)
    0x08011a32   0x08011a32   0x00000070   Code   RO         8788    x$fpl$drenorm       g_wm.l(drenorm_clz.o)
    0x08011aa2   0x08011aa2   0x0000000c   Code   RO         8790    x$fpl$dretinf       g_wm.l(dretinf.o)
    0x08011aae   0x08011aae   0x00000002   PAD
    0x08011ab0   0x08011ab0   0x00000050   Code   RO         8636    x$fpl$drsb          g_wm.l(daddsub_clz.o)
    0x08011b00   0x08011b00   0x0000029c   Code   RO         8637    x$fpl$dsub          g_wm.l(daddsub_clz.o)
    0x08011d9c   0x08011d9c   0x0000017a   Code   RO         8792    x$fpl$dunder        g_wm.l(dunder_clz.o)
    0x08011f16   0x08011f16   0x00000002   PAD
    0x08011f18   0x08011f18   0x000001ec   Code   RO         8794    x$fpl$exception     g_wm.l(except.o)
    0x08012104   0x08012104   0x0000007a   Code   RO         8655    x$fpl$f2d           g_wm.l(f2d.o)
    0x0801217e   0x0801217e   0x000000f2   Code   RO         8796    x$fpl$fnaninf       g_wm.l(fnaninf.o)
    0x08012270   0x08012270   0x0000000a   Code   RO         8972    x$fpl$fpinit        g_wm.l(fpinit.o)
    0x0801227a   0x0801227a   0x0000000a   Code   RO         8798    x$fpl$fretinf       g_wm.l(fretinf.o)
    0x08012284   0x08012284   0x0000013c   Code   RO         8800    x$fpl$funder        g_wm.l(funder_clz.o)
    0x080123c0   0x080123c0   0x000000b2   Code   RO         8885    x$fpl$retnan        g_wm.l(retnan.o)
    0x08012472   0x08012472   0x0000007e   Code   RO         8802    x$fpl$trapveneer    g_wm.l(trapv.o)
    0x080124f0   0x080124f0   0x00000000   Code   RO         8804    x$fpl$usenofp       g_wm.l(usenofp.o)
    0x080124f0   0x080124f0   0x000000c4   Data   RO          314    .constdata          freertos.o
    0x080125b4   0x080125b4   0x00000018   Data   RO          825    .constdata          system_stm32f4xx.o
    0x080125cc   0x080125cc   0x0000000f   Data   RO         1240    .constdata          calibrate_task.o
    0x080125db   0x080125db   0x00000001   PAD
    0x080125dc   0x080125dc   0x00000028   Data   RO         1672    .constdata          chassis_task.o
    0x08012604   0x08012604   0x00000054   Data   RO         1804    .constdata          detect_task.o
    0x08012658   0x08012658   0x00000018   Data   RO         1856    .constdata          ins_task.o
    0x08012670   0x08012670   0x00000012   Data   RO         2159    .constdata          bmi088driver.o
    0x08012682   0x08012682   0x0000000c   Data   RO         2374    .constdata          ist8310driver.o
    0x0801268e   0x0801268e   0x00000008   Data   RO         3583    .constdata          stm32f4xx_hal_dma.o
    0x08012696   0x08012696   0x00000002   PAD
    0x08012698   0x08012698   0x0000000c   Data   RO         8380    .constdata          AHRS.lib(ahrs.o)
    0x080126a4   0x080126a4   0x00000804   Data   RO         8590    .constdata          arm_cortexM4lf_math.lib(arm_common_tables.o)
    0x08012ea8   0x08012ea8   0x00000098   Data   RO         8684    .constdata          m_wm.l(atan.o)
    0x08012f40   0x08012f40   0x00000030   Data   RO         8806    .constdata          m_wm.l(cos_i.o)
    0x08012f70   0x08012f70   0x00000008   Data   RO         8842    .constdata          m_wm.l(qnan.o)
    0x08012f78   0x08012f78   0x000000c8   Data   RO         8845    .constdata          m_wm.l(rred.o)
    0x08013040   0x08013040   0x00000028   Data   RO         8852    .constdata          m_wm.l(sin_i.o)
    0x08013068   0x08013068   0x00000035   Data   RO          315    .conststring        freertos.o
    0x0801309d   0x0801309d   0x00000003   PAD
    0x080130a0   0x080130a0   0x00000020   Data   RO         9028    Region$$Table       anon$$obj.o


    Execution Region RW_IRAM1 (Exec base: 0x20000000, Load base: 0x080130c0, Size: 0x0000b9e8, Max: 0x00020000, ABSOLUTE, COMPRESSED[0x000000f8])

    Exec Addr    Load Addr    Size         Type   Attr      Idx    E Section Name        Object

    0x20000000   COMPRESSED   0x0000001c   Data   RW          316    .data               freertos.o
    0x2000001c   COMPRESSED   0x00000004   Data   RW          373    .data               can.o
    0x20000020   COMPRESSED   0x00000004   Data   RW          826    .data               system_stm32f4xx.o
    0x20000024   COMPRESSED   0x00000008   Data   RW         1003    .data               bsp_delay.o
    0x2000002c   COMPRESSED   0x00000010   Data   RW         1047    .data               bsp_flash.o
    0x2000003c   COMPRESSED   0x00000008   Data   RW         1130    .data               bsp_led.o
    0x20000044   COMPRESSED   0x00000054   Data   RW         1241    .data               calibrate_task.o
    0x20000098   COMPRESSED   0x00000070   Data   RW         1374    .data               can_receive.o
    0x20000108   COMPRESSED   0x00000011   Data   RW         1571    .data               chassis_behaviour.o
    0x20000119   COMPRESSED   0x00000003   PAD
    0x2000011c   COMPRESSED   0x0000012c   Data   RW         1673    .data               chassis_task.o
    0x20000248   COMPRESSED   0x00000009   Data   RW         1805    .data               detect_task.o
    0x20000251   COMPRESSED   0x00000003   PAD
    0x20000254   COMPRESSED   0x000000a0   Data   RW         1857    .data               ins_task.o
    0x200002f4   COMPRESSED   0x0000001c   Data   RW         1969    .data               led_flow_task.o
    0x20000310   COMPRESSED   0x00000006   Data   RW         2010    .data               remote_control.o
    0x20000316   COMPRESSED   0x00000002   PAD
    0x20000318   COMPRESSED   0x0000000a   Data   RW         2075    .data               test_task.o
    0x20000322   COMPRESSED   0x00000002   PAD
    0x20000324   COMPRESSED   0x00000004   Data   RW         2110    .data               encoder_read_tasks.o
    0x20000328   COMPRESSED   0x0000002c   Data   RW         2160    .data               bmi088driver.o
    0x20000354   COMPRESSED   0x00000009   Data   RW         4015    .data               stm32f4xx_hal.o
    0x2000035d   COMPRESSED   0x00000003   PAD
    0x20000360   COMPRESSED   0x0000003c   Data   RW         7358    .data               tasks.o
    0x2000039c   COMPRESSED   0x00000014   Data   RW         7688    .data               timers.o
    0x200003b0   COMPRESSED   0x00000020   Data   RW         8219    .data               heap_4.o
    0x200003d0   COMPRESSED   0x0000000c   Data   RW         8275    .data               port.o
    0x200003dc   COMPRESSED   0x00000054   Data   RW         8345    .data               filter.o
    0x20000430   COMPRESSED   0x00000010   Data   RW         8381    .data               AHRS.lib(ahrs.o)
    0x20000440        -       0x000006a8   Zero   RW          313    .bss                freertos.o
    0x20000ae8        -       0x00000050   Zero   RW          372    .bss                can.o
    0x20000b38        -       0x00000054   Zero   RW          444    .bss                i2c.o
    0x20000b8c        -       0x00000020   Zero   RW          486    .bss                rtc.o
    0x20000bac        -       0x00000230   Zero   RW          529    .bss                spi.o
    0x20000ddc        -       0x00000168   Zero   RW          581    .bss                tim.o
    0x20000f44        -       0x000000a4   Zero   RW          648    .bss                usart.o
    0x20000fe8        -       0x00000115   Zero   RW         1239    .bss                calibrate_task.o
    0x200010fd   COMPRESSED   0x00000003   PAD
    0x20001100        -       0x00000080   Zero   RW         1373    .bss                can_receive.o
    0x20001180        -       0x000001e8   Zero   RW         1671    .bss                chassis_task.o
    0x20001368        -       0x0000021c   Zero   RW         1803    .bss                detect_task.o
    0x20001584        -       0x00000134   Zero   RW         1855    .bss                ins_task.o
    0x200016b8        -       0x0000005e   Zero   RW         2009    .bss                remote_control.o
    0x20001716   COMPRESSED   0x00000002   PAD
    0x20001718        -       0x00000020   Zero   RW         3237    .bss                stm32f4xx_hal_flash.o
    0x20001738        -       0x00000040   Zero   RW         6984    .bss                queue.o
    0x20001778        -       0x000000f0   Zero   RW         7357    .bss                tasks.o
    0x20001868        -       0x00000110   Zero   RW         7687    .bss                timers.o
    0x20001978        -       0x00006000   Zero   RW         8218    .bss                heap_4.o
    0x20007978        -       0x00000010   Zero   RW         8344    .bss                filter.o
    0x20007988        -       0x00000060   Zero   RW         8888    .bss                c_w.l(libspace.o)
    0x200079e8        -       0x00002000   Zero   RW            2    HEAP                startup_stm32f407xx.o
    0x200099e8        -       0x00002000   Zero   RW            1    STACK               startup_stm32f407xx.o


==============================================================================

Image component sizes


      Code (inc. data)   RO Data    RW Data    ZI Data      Debug   Object Name

       168          4          0          0          0       6680   ahrs_middleware.o
      2338         40         18         44          0      12491   bmi088driver.o
       140         28          0          0          0       6040   bmi088middleware.o
         0          0          0          0          0     598536   bsp_buzzer.o
        92          8          0          0          0        722   bsp_can.o
       128         20          0          8          0       1736   bsp_delay.o
       674        108          0         16          0       4108   bsp_flash.o
        12          4          0          0          0        634   bsp_imu_pwm.o
       104         22          0          8          0        724   bsp_led.o
       236         22          0          0          0       1927   bsp_rc.o
     10428        170          0          0          0       5926   bsp_spi.o
       604         42         15         84        277      18390   calibrate_task.o
       488         44          0          4         80       3070   can.o
      1534        158          0        112        128     611944   can_receive.o
       140          6          0         17          0       9126   chassis_behaviour.o
      5196        602         40        300        488      19012   chassis_task.o
       142          0          0          0          0      24075   cmsis_os.o
      1336         46         84          9        540       4793   detect_task.o
       152          6          0          0          0       1086   dma.o
       204         36          0          0          0       2536   encoder.o
        44          8          0          4          0       2291   encoder_read_tasks.o
         0          0          0          0          0      20356   event_groups.o
       836         88          0         84         16       2950   filter.o
       256         52        249         28       1704       4011   freertos.o
       456         22          0          0          0       1447   gpio.o
       724         74          0         32      24576       5687   heap_4.o
       260         30          0          0         84       2233   i2c.o
      4280        330         24        160        308      15855   ins_task.o
       148          6         12          0          0       2491   ist8310driver.o
       136         22          0          0          0       4935   ist8310driver_middleware.o
       432         10          0         28          0       2065   led_flow_task.o
       148          0          0          0          0       4382   list.o
       276         10          0          0          0     773772   main.o
       592          8          0          0          0       3034   pid.o
      1014         92          0         12          0      13669   port.o
      1918         20          0          0         64      19536   queue.o
       572         42          0          6         94       5731   remote_control.o
       116         22          0          0         32       2043   rtc.o
       744         66          0          0        560       3418   spi.o
        64         26        392          0      16384        976   startup_stm32f407xx.o
       212         36          0          9          0      10485   stm32f4xx_hal.o
      2134          6          0          0          0      17047   stm32f4xx_hal_can.o
       304         22          0          0          0      35407   stm32f4xx_hal_cortex.o
      1034         16          8          0          0       4572   stm32f4xx_hal_dma.o
       652         64          0          0         32       7338   stm32f4xx_hal_flash.o
       432         26          0          0          0       3942   stm32f4xx_hal_flash_ex.o
       540         50          0          0          0       3287   stm32f4xx_hal_gpio.o
      2856         46          0          0          0      13310   stm32f4xx_hal_i2c.o
        84          6          0          0          0       1106   stm32f4xx_hal_msp.o
      1820         84          0          0          0       6580   stm32f4xx_hal_rcc.o
       416         20          0          0          0       1680   stm32f4xx_hal_rcc_ex.o
       342          4          0          0          0       3955   stm32f4xx_hal_rtc.o
      1078         14          0          0          0       5349   stm32f4xx_hal_spi.o
      1966        142          0          0          0      15651   stm32f4xx_hal_tim.o
       180         30          0          0          0       1608   stm32f4xx_hal_tim_ex.o
       670         10          0          0          0       2268   stm32f4xx_hal_uart.o
       144         24          0          0          0       9197   stm32f4xx_it.o
       100         18         24          4          0       1563   system_stm32f4xx.o
      3718        420          0         60        240      38389   tasks.o
       108         18          0         10          0       2344   test_task.o
      1400        126          0          0        360       6734   tim.o
      1318        124          0         20        272      33027   timers.o
       284         32          0          0        164       2305   usart.o
       216          4          0          0          0       3754   user_lib.o

    ----------------------------------------------------------------------
     59194       3636        904       1072      46408    2455336   Object Totals
         0          0         32          0          0          0   (incl. Generated)
        54          0          6         13          5          0   (incl. Padding)

    ----------------------------------------------------------------------

      Code (inc. data)   RO Data    RW Data    ZI Data      Debug   Library Member Name

      2718         84         12         16          0       9922   ahrs.o
         0          0       2052          0          0       4636   arm_common_tables.o
       120         12          0          0          0      16970   arm_cos_f32.o
       116         12          0          0          0        658   arm_sin_f32.o
        90          0          0          0          0          0   __dczerorl2.o
         8          0          0          0          0         68   __main.o
         0          0          0          0          0          0   __rtentry.o
        12          0          0          0          0          0   __rtentry2.o
         6          0          0          0          0          0   __rtentry4.o
        52          8          0          0          0          0   __scatter.o
        28          0          0          0          0          0   __scatter_zi.o
        48          4          0          0          0         84   _fptrap.o
        22          0          0          0          0        100   _rserrno.o
        16          0          0          0          0         68   aeabi_memset.o
        10          0          0          0          0         68   defsig_exit.o
       172        110          0          0          0         76   defsig_fpe_inner.o
        14          0          0          0          0         80   defsig_fpe_outer.o
        50          0          0          0          0         88   defsig_general.o
        18          0          0          0          0         80   exit.o
         6          0          0          0          0        152   heapauxi.o
         0          0          0          0          0          0   indicate_semi.o
         2          0          0          0          0          0   libinit.o
         6          0          0          0          0          0   libinit2.o
         2          0          0          0          0          0   libshutdown.o
         2          0          0          0          0          0   libshutdown2.o
         8          4          0          0         96         68   libspace.o
       238          0          0          0          0        100   lludivv7m.o
         8          4          0          0          0         68   rt_errno_addr_intlibspace.o
        68          0          0          0          0         68   rt_memclr.o
        78          0          0          0          0         80   rt_memclr_w.o
       138          0          0          0          0         68   rt_memcpy_v6.o
       100          0          0          0          0         80   rt_memcpy_w.o
         2          0          0          0          0          0   rtexit.o
        10          0          0          0          0          0   rtexit2.o
        62          0          0          0          0         76   strlen.o
        12          4          0          0          0         68   sys_exit.o
        74          0          0          0          0         80   sys_stackheap_outer.o
        14          0          0          0          0         76   sys_wrch.o
         2          0          0          0          0         68   use_no_semi.o
        24          0          0          0          0        164   basic.o
       708         16          0          0          0        140   d2f_clz.o
      1336         32          0          0          0        532   daddsub_clz.o
        24          0          0          0          0        116   dcmpi.o
       892        152          0          0          0        292   ddiv_clz.o
       200         16          0          0          0        184   dfix.o
       110          0          0          0          0        348   dflt_clz.o
       120          8          0          0          0        140   dleqf.o
       448         16          0          0          0        164   dmul_clz.o
       258          4          0          0          0        156   dnaninf.o
       112          0          0          0          0        160   drenorm_clz.o
        12          0          0          0          0        116   dretinf.o
       378          0          0          0          0        168   dunder_clz.o
       492         36          0          0          0        148   except.o
       122          8          0          0          0        132   f2d.o
       242          4          0          0          0        144   fnaninf.o
        10          0          0          0          0        116   fpinit.o
        10          0          0          0          0        116   fretinf.o
       316          0          0          0          0        132   funder_clz.o
       178          0          0          0          0        116   retnan.o
       126          0          0          0          0        148   trapv.o
         0          0          0          0          0          0   usenofp.o
       300         42          0          0          0        176   asinf.o
       744        106        152          0          0        352   atan.o
       496         64          0          0          0        192   atan2.o
       592         90          0          0          0        184   atan2f.o
       200         20          0          0          0        164   cos.o
       368         46         48          0          0        200   cos_i.o
       104         16          0          0          0        496   dunder.o
        44          0          0          0          0        248   fabs.o
        48          0          0          0          0        124   fpclassify.o
        38          0          0          0          0        116   fpclassifyf.o
        44         12          0          0          0        464   funder.o
       248          0          0          0          0        152   poly.o
         0          0          8          0          0          0   qnan.o
      1080        142        200          0          0        188   rred.o
       200         20          0          0          0        164   sin.o
       304         24         40          0          0        208   sin_i.o
       120          0          0          0          0        272   sqrtf_full.o

    ----------------------------------------------------------------------
     15406       1116       2512         16         96      41382   Library Totals
        26          0          0          0          0          0   (incl. Padding)

    ----------------------------------------------------------------------

      Code (inc. data)   RO Data    RW Data    ZI Data      Debug   Library Name

      2718         84         12         16          0       9922   AHRS.lib
       236         24       2052          0          0      22264   arm_cortexM4lf_math.lib
      1378        134          0          0         96       1764   c_w.l
      6118        292          0          0          0       3732   g_wm.l
      4930        582        448          0          0       3700   m_wm.l

    ----------------------------------------------------------------------
     15406       1116       2512         16         96      41382   Library Totals

    ----------------------------------------------------------------------

==============================================================================


      Code (inc. data)   RO Data    RW Data    ZI Data      Debug   

     74600       4752       3416       1088      46504    2458182   Grand Totals
     74600       4752       3416        248      46504    2458182   ELF Image Totals (compressed)
     74600       4752       3416        248          0          0   ROM Totals

==============================================================================

    Total RO  Size (Code + RO Data)                78016 (  76.19kB)
    Total RW  Size (RW Data + ZI Data)             47592 (  46.48kB)
    Total ROM Size (Code + RO Data + RW Data)      78264 (  76.43kB)

==============================================================================

